******************************************************************************
                  TI ARM Linker PC v20.2.6                     
******************************************************************************
>> Linked Tue May  2 04:15:27 2023

OUTPUT FILE NAME:   <FinalProject.out>
ENTRY POINT SYMBOL: "_c_int00_noargs"  address: 000052e1


MEMORY CONFIGURATION

         name            origin    length      used     unused   attr    fill
----------------------  --------  ---------  --------  --------  ----  --------
  FLASH                 00000000   00040000  00005905  0003a6fb  R  X
  SRAM                  20000000   00008000  000039a0  00004660  RW X


SEGMENT ALLOCATION MAP

run origin  load origin   length   init length attrs members
----------  ----------- ---------- ----------- ----- -------
00000000    00000000    00005908   00005908    r-x
  00000000    00000000    0000026c   0000026c    r-- .intvecs
  0000026c    0000026c    000053bc   000053bc    r-x .text
  00005628    00005628    00000225   00000225    r-- .const
  00005850    00005850    000000b8   000000b8    r-- .cinit
20000000    20000000    000039a4   00000000    rw-
  20000000    20000000    0000026c   00000000    rw- .vtable
  20000270    20000270    00002000   00000000    rw- .sysmem
  20002270    20002270    00001000   00000000    rw- .stack
  20003270    20003270    00000508   00000000    rw- .bss
  20003778    20003778    0000022c   00000000    rw- .data


SECTION ALLOCATION MAP

 output                                  attributes/
section   page    origin      length       input sections
--------  ----  ----------  ----------   ----------------
.intvecs   0    00000000    0000026c     
                  00000000    0000026c     tm4c123gh6pm_startup_ccs.obj (.intvecs)

.text      0    0000026c    000053bc     
                  0000026c    00000c20     open_interface.obj (.text)
                  00000e8c    00000a4e     rtsv7M4_T_le_v4SPD16_eabi.lib : _printfi.c.obj (.text:__TI_printfi)
                  000018da    00000002                                   : _lock.c.obj (.text:_nop)
                  000018dc    000005e0     objects.obj (.text)
                  00001ebc    00000380     movement.obj (.text)
                  0000223c    00000328     lcd.obj (.text)
                  00002564    000002e0     main.obj (.text)
                  00002844    000002a0     uart-interrupt.obj (.text)
                  00002ae4    00000270     rtsv7M4_T_le_v4SPD16_eabi.lib : _printfi.c.obj (.text:_pconv_a)
                  00002d54    00000248     Timer.obj (.text)
                  00002f9c    00000234     ping.obj (.text)
                  000031d0    000001d0     rtsv7M4_T_le_v4SPD16_eabi.lib : _printfi.c.obj (.text:_pconv_g)
                  000033a0    000001b6                                   : fd_add_t2.asm.obj (.text)
                  00003556    00000002                                   : div0.asm.obj (.text)
                  00003558    000001a0     servo.obj (.text)
                  000036f8    00000178     Scanner.obj (.text)
                  00003870    0000014c     adc.obj (.text)
                  000039bc    0000013c     rtsv7M4_T_le_v4SPD16_eabi.lib : _printfi.c.obj (.text:_pconv_e)
                  00003af8    00000136                                   : fd_div_t2.asm.obj (.text)
                  00003c2e    00000002     --HOLE-- [fill = 0]
                  00003c30    00000124                                   : _printfi.c.obj (.text:fcvt)
                  00003d54    00000114                                   : fputs.c.obj (.text:fputs)
                  00003e68    00000110                                   : s_scalbn.c.obj (.text:scalbn)
                  00003f78    00000100                                   : memory.c.obj (.text:aligned_alloc)
                  00004078    000000fc                                   : fd_mul_t2.asm.obj (.text)
                  00004174    000000e4                                   : memory.c.obj (.text:free)
                  00004258    000000dc                                   : setvbuf.c.obj (.text:setvbuf)
                  00004334    000000b1                                   : _printfi.c.obj (.text:_ltostr)
                  000043e5    00000001     --HOLE-- [fill = 0]
                  000043e6    0000009c                                   : memcpy_t2.asm.obj (.text)
                  00004482    00000096                                   : ull_div_t2.asm.obj (.text)
                  00004518    0000008c                                   : fputc.c.obj (.text:fputc)
                  000045a4    00000086                                   : fd_cmp_t2.asm.obj (.text:__aeabi_cdcmple)
                  0000462a    00000086                                   : fd_cmp_t2.asm.obj (.text:__aeabi_cdrcmple)
                  000046b0    0000007a                                   : memset_t2.asm.obj (.text)
                  0000472a    00000002     --HOLE-- [fill = 0]
                  0000472c    00000074                                   : fclose.c.obj (.text:__TI_closefile)
                  000047a0    00000070                                   : memory.c.obj (.text:split)
                  00004810    0000006e                                   : _printfi.c.obj (.text:_mcpy)
                  0000487e    0000006e                                   : fd_tos_t2.asm.obj (.text)
                  000048ec    0000006c                                   : hostrename.c.obj (.text:HOSTrename)
                  00004958    00000068                                   : hostlseek.c.obj (.text:HOSTlseek)
                  000049c0    00000068                                   : copy_decompress_lzss.c.obj (.text:decompress:lzss:__TI_decompress_lzss)
                  00004a28    00000068                                   : printf.c.obj (.text:printf)
                  00004a90    00000064                                   : s_frexp.c.obj (.text:frexp)
                  00004af4    00000064                                   : fseek.c.obj (.text:fseek)
                  00004b58    00000062                                   : _io_perm.c.obj (.text:__TI_wrt_ok)
                  00004bba    00000002     --HOLE-- [fill = 0]
                  00004bbc    00000060                                   : hostopen.c.obj (.text:HOSTopen)
                  00004c1c    0000005c                                   : close.c.obj (.text:close)
                  00004c78    00000058                                   : hostread.c.obj (.text:HOSTread)
                  00004cd0    00000058                                   : hostwrite.c.obj (.text:HOSTwrite)
                  00004d28    00000056                                   : _printfi.c.obj (.text:_pconv_f)
                  00004d7e    00000054                                   : _ltoa.c.obj (.text:__TI_ltoa)
                  00004dd2    00000052                                   : _printfi.c.obj (.text:_ecpy)
                  00004e24    0000004c                                   : fflush.c.obj (.text:__TI_doflush)
                  00004e70    0000004c                                   : atoi.c.obj (.text:atoi)
                  00004ebc    00000048                                   : exit.c.obj (.text:exit)
                  00004f04    00000048     music.obj (.text)
                  00004f4c    00000048     rtsv7M4_T_le_v4SPD16_eabi.lib : fd_toi_t2.asm.obj (.text)
                  00004f94    00000044                                   : hostclose.c.obj (.text:HOSTclose)
                  00004fd8    00000044                                   : hostunlink.c.obj (.text:HOSTunlink)
                  0000501c    00000044                                   : autoinit.c.obj (.text:__TI_auto_init_nobinit_nopinit:__TI_auto_init_nobinit_nopinit)
                  00005060    00000044                                   : getdevice.c.obj (.text:getdevice)
                  000050a4    00000040                                   : sprintf.c.obj (.text:sprintf)
                  000050e4    00000040                                   : vsnprintf.c.obj (.text:vsnprintf)
                  00005124    0000003e                                   : _printfi.c.obj (.text:_fcpy)
                  00005162    00000002     --HOLE-- [fill = 0]
                  00005164    00000038                                   : trgmsg.c.obj (.text:__TI_writemsg)
                  0000519c    00000038                                   : memory.c.obj (.text:calloc)
                  000051d4    00000038                                   : fs_tod_t2.asm.obj (.text)
                  0000520c    00000036                                   : strncpy.c.obj (.text:strncpy)
                  00005242    00000002     --HOLE-- [fill = 0]
                  00005244    00000034     driverlib.lib : interrupt.obj (.text:IntRegister)
                  00005278    00000034     rtsv7M4_T_le_v4SPD16_eabi.lib : fopen.c.obj (.text:__TI_cleanup)
                  000052ac    00000034                                   : trgmsg.c.obj (.text:__TI_readmsg)
                  000052e0    00000034                                   : boot_cortex_m.c.obj (.text:_c_int00_noargs:_c_int00_noargs)
                  00005314    00000030                                   : vsnprintf.c.obj (.text:_outs)
                  00005344    00000030                                   : getdevice.c.obj (.text:finddevice)
                  00005374    0000002e                                   : i_tofd_t2.asm.obj (.text)
                  000053a2    00000002     --HOLE-- [fill = 0]
                  000053a4    0000002c                                   : unlink.c.obj (.text:unlink)
                  000053d0    00000028                                   : memory.c.obj (.text:free_list_insert)
                  000053f8    00000028                                   : lseek.c.obj (.text:lseek)
                  00005420    00000028                                   : write.c.obj (.text:write)
                  00005448    00000020                                   : memchr.c.obj (.text:memchr)
                  00005468    00000020                                   : u_tofd_t2.asm.obj (.text)
                  00005488    0000001e                                   : strcat.c.obj (.text:strcat)
                  000054a6    00000002     --HOLE-- [fill = 0]
                  000054a8    0000001c                                   : memory.c.obj (.text:free_list_remove)
                  000054c4    0000001c                                   : memccpy.c.obj (.text:memccpy)
                  000054e0    0000001a                                   : s_copysign.c.obj (.text:copysign)
                  000054fa    00000018                                   : vsnprintf.c.obj (.text:_outc)
                  00005512    00000018                                   : sprintf.c.obj (.text:_outs)
                  0000552a    00000018     open_interface.obj (.text:oi_parseInt)
                  00005542    00000018     rtsv7M4_T_le_v4SPD16_eabi.lib : strcmp.c.obj (.text:strcmp)
                  0000555a    00000016                                   : strchr.c.obj (.text:strchr)
                  00005570    00000014                                   : strcpy.c.obj (.text:strcpy)
                  00005584    00000014                                   : strlen.c.obj (.text:strlen)
                  00005598    00000012                                   : wcslen.c.obj (.text:wcslen)
                  000055aa    00000010     driverlib.lib : interrupt.obj (.text:IntMasterEnable)
                  000055ba    00000010     lcd.obj (.text:lcd_clear)
                  000055ca    0000000e     rtsv7M4_T_le_v4SPD16_eabi.lib : copy_decompress_none.c.obj (.text:decompress:none:__TI_decompress_none)
                  000055d8    0000000c     driverlib.lib : cpu.obj (.text:CPUcpsie)
                  000055e4    0000000c     rtsv7M4_T_le_v4SPD16_eabi.lib : copy_zero_init.c.obj (.text:decompress:ZI:__TI_zero_init)
                  000055f0    0000000c     tm4c123gh6pm_startup_ccs.obj (.text)
                  000055fc    0000000a     rtsv7M4_T_le_v4SPD16_eabi.lib : sprintf.c.obj (.text:_outc)
                  00005606    00000002     --HOLE-- [fill = 0]
                  00005608    00000008                                   : errno.c.obj (.text:__aeabi_errno_addr)
                  00005610    00000008                                   : memory.c.obj (.text:malloc)
                  00005618    00000004                                   : printf.c.obj (.text:_outc)
                  0000561c    00000004                                   : printf.c.obj (.text:_outs)
                  00005620    00000004                                   : pre_init.c.obj (.text:_system_pre_init)
                  00005624    00000004                                   : exit.c.obj (.text:abort:abort)

.const     0    00005628    00000225     
                  00005628    00000101     rtsv7M4_T_le_v4SPD16_eabi.lib : ctype.c.obj (.const:.string:_ctypes_)
                  00005729    000000c8     objects.obj (.const:.string:$P$T0$1)
                  000057f1    0000001d     music.obj (.const:.string:$P$T0$1)
                  0000580e    0000001d     music.obj (.const:.string:$P$T1$2)
                  0000582b    0000000f     open_interface.obj (.const:.string:$P$T0$3)
                  0000583a    00000004     lcd.obj (.const:.string:lineAddress$1)
                  0000583e    00000004     lcd.obj (.const:.string:lineAddresses$2)
                  00005842    00000003     objects.obj (.const:.string:$P$T5$6)
                  00005845    00000002     objects.obj (.const:.string:$P$T1$2)
                  00005847    00000002     objects.obj (.const:.string:$P$T2$3)
                  00005849    00000002     objects.obj (.const:.string:$P$T3$4)
                  0000584b    00000002     objects.obj (.const:.string:$P$T4$5)

.cinit     0    00005850    000000b8     
                  00005850    0000007d     (.cinit..data.load) [load image, compression = lzss]
                  000058cd    00000003     --HOLE-- [fill = 0]
                  000058d0    0000000c     (__TI_handler_table)
                  000058dc    00000004     --HOLE-- [fill = 0]
                  000058e0    00000008     (.cinit..bss.load) [load image, compression = zero_init]
                  000058e8    00000008     (.cinit..vtable.load) [load image, compression = zero_init]
                  000058f0    00000018     (__TI_cinit_table)

.init_array 
*          0    00000000    00000000     UNINITIALIZED

.vtable    0    20000000    0000026c     UNINITIALIZED
                  20000000    0000026c     driverlib.lib : interrupt.obj (.vtable)

.sysmem    0    20000270    00002000     UNINITIALIZED
                  20000270    00000010     rtsv7M4_T_le_v4SPD16_eabi.lib : memory.c.obj (.sysmem)
                  20000280    00001ff0     --HOLE--

.stack     0    20002270    00001000     UNINITIALIZED
                  20002270    00000004     rtsv7M4_T_le_v4SPD16_eabi.lib : boot_cortex_m.c.obj (.stack)
                  20002274    00000ffc     --HOLE--

.bss       0    20003270    00000508     UNINITIALIZED
                  20003270    000002d0     (.common:rawVal)
                  20003540    00000120     rtsv7M4_T_le_v4SPD16_eabi.lib : trgmsg.c.obj (.bss:_CIOBUF_)
                  20003660    000000a0     (.common:__TI_tmpnams)
                  20003700    00000054     lcd.obj (.bss:lastbuffer$3)
                  20003754    00000018     open_interface.obj (.bss:firmware$2)
                  2000376c    00000008     (.common:parmbuf)
                  20003774    00000004     (.common:_timeout_ticks)

.data      0    20003778    0000022c     UNINITIALIZED
                  20003778    000000f0     rtsv7M4_T_le_v4SPD16_eabi.lib : defs.c.obj (.data:_ftable)
                  20003868    00000078                                   : host_device.c.obj (.data:_device)
                  200038e0    00000050                                   : host_device.c.obj (.data:_stream)
                  20003930    00000020     open_interface.obj (.data)
                  20003950    00000013     uart-interrupt.obj (.data)
                  20003963    00000001     Timer.obj (.data)
                  20003964    00000010     ping.obj (.data)
                  20003974    00000010     rtsv7M4_T_le_v4SPD16_eabi.lib : defs.c.obj (.data)
                  20003984    0000000c                                   : exit.c.obj (.data:$O1$$)
                  20003990    00000008                                   : _lock.c.obj (.data:$O1$$)
                  20003998    00000008                                   : memory.c.obj (.data:$O1$$)
                  200039a0    00000004                                   : errno.c.obj (.data)

__llvm_prf_cnts 
*          0    20000000    00000000     UNINITIALIZED

MODULE SUMMARY

       Module                         code    ro data   rw data
       ------                         ----    -------   -------
    .\
       open_interface.obj             3128    15        56     
       objects.obj                    1504    211       0      
       Scanner.obj                    376     0         720    
       lcd.obj                        824     8         84     
       movement.obj                   896     0         0      
       main.obj                       736     0         0      
       uart-interrupt.obj             672     0         19     
       tm4c123gh6pm_startup_ccs.obj   12      620       0      
       Timer.obj                      584     0         5      
       ping.obj                       564     0         16     
       servo.obj                      416     0         0      
       adc.obj                        332     0         0      
       music.obj                      72      58        0      
    +--+------------------------------+-------+---------+---------+
       Total:                         10116   912       900    
                                                               
    C:/ti/TivaWare_C_Series-2.2.0.295/driverlib/ccs/Debug/driverlib.lib
       interrupt.obj                  68      0         620    
       cpu.obj                        12      0         0      
    +--+------------------------------+-------+---------+---------+
       Total:                         80      0         620    
                                                               
    C:\ti\ccs1200\ccs\tools\compiler\ti-cgt-arm_20.2.6.LTS\lib\rtsv7M4_T_le_v4SPD16_eabi.lib
       _printfi.c.obj                 4851    0         0      
       memory.c.obj                   728     0         8      
       fd_add_t2.asm.obj              438     0         0      
       defs.c.obj                     0       0         416    
       trgmsg.c.obj                   108     0         288    
       fd_div_t2.asm.obj              310     0         0      
       fputs.c.obj                    276     0         0      
       s_scalbn.c.obj                 272     0         0      
       fd_cmp_t2.asm.obj              268     0         0      
       ctype.c.obj                    0       257       0      
       fd_mul_t2.asm.obj              252     0         0      
       setvbuf.c.obj                  220     0         0      
       host_device.c.obj              0       0         200    
       memcpy_t2.asm.obj              156     0         0      
       ull_div_t2.asm.obj             150     0         0      
       fputc.c.obj                    140     0         0      
       vsnprintf.c.obj                136     0         0      
       memset_t2.asm.obj              122     0         0      
       fclose.c.obj                   116     0         0      
       getdevice.c.obj                116     0         0      
       printf.c.obj                   112     0         0      
       fd_tos_t2.asm.obj              110     0         0      
       hostrename.c.obj               108     0         0      
       copy_decompress_lzss.c.obj     104     0         0      
       hostlseek.c.obj                104     0         0      
       hostopen.c.obj                 96      0         8      
       fseek.c.obj                    100     0         0      
       s_frexp.c.obj                  100     0         0      
       _io_perm.c.obj                 98      0         0      
       sprintf.c.obj                  98      0         0      
       close.c.obj                    92      0         0      
       exit.c.obj                     76      0         12     
       hostread.c.obj                 88      0         0      
       hostwrite.c.obj                88      0         0      
       _ltoa.c.obj                    84      0         0      
       atoi.c.obj                     76      0         0      
       fflush.c.obj                   76      0         0      
       fd_toi_t2.asm.obj              72      0         0      
       autoinit.c.obj                 68      0         0      
       hostclose.c.obj                68      0         0      
       hostunlink.c.obj               68      0         0      
       fs_tod_t2.asm.obj              56      0         0      
       strncpy.c.obj                  54      0         0      
       boot_cortex_m.c.obj            52      0         0      
       fopen.c.obj                    52      0         0      
       i_tofd_t2.asm.obj              46      0         0      
       unlink.c.obj                   44      0         0      
       lseek.c.obj                    40      0         0      
       write.c.obj                    40      0         0      
       memchr.c.obj                   32      0         0      
       u_tofd_t2.asm.obj              32      0         0      
       strcat.c.obj                   30      0         0      
       memccpy.c.obj                  28      0         0      
       s_copysign.c.obj               26      0         0      
       strcmp.c.obj                   24      0         0      
       strchr.c.obj                   22      0         0      
       strcpy.c.obj                   20      0         0      
       strlen.c.obj                   20      0         0      
       wcslen.c.obj                   18      0         0      
       copy_decompress_none.c.obj     14      0         0      
       copy_zero_init.c.obj           12      0         0      
       errno.c.obj                    8       0         4      
       _lock.c.obj                    2       0         8      
       pre_init.c.obj                 4       0         0      
       div0.asm.obj                   2       0         0      
    +--+------------------------------+-------+---------+---------+
       Total:                         11223   257       944    
                                                               
       Heap:                          0       0         8192   
       Stack:                         0       0         4096   
       Linker Generated:              0       177       0      
    +--+------------------------------+-------+---------+---------+
       Grand Total:                   21419   1346      14752  


LINKER GENERATED COPY TABLES

__TI_cinit_table @ 000058f0 records: 3, size/record: 8, table size: 24
	.data: load addr=00005850, load size=0000007d bytes, run addr=20003778, run size=0000022c bytes, compression=lzss
	.bss: load addr=000058e0, load size=00000008 bytes, run addr=20003270, run size=00000508 bytes, compression=zero_init
	.vtable: load addr=000058e8, load size=00000008 bytes, run addr=20000000, run size=0000026c bytes, compression=zero_init


LINKER GENERATED HANDLER TABLE

__TI_handler_table @ 000058d0 records: 3, size/record: 4, table size: 12
	index: 0, handler: __TI_zero_init
	index: 1, handler: __TI_decompress_lzss
	index: 2, handler: __TI_decompress_none


GLOBAL SYMBOLS: SORTED ALPHABETICALLY BY Name 

address   name                           
-------   ----                           
00005625  C$$EXIT                        
00005193  C$$IO$$                        
000055d9  CPUcpsie                       
20003968  END_TIME                       
00000bc3  GPIOF_Handler                  
00004f95  HOSTclose                      
00004959  HOSTlseek                      
00004bbd  HOSTopen                       
00004c79  HOSTread                       
000048ed  HOSTrename                     
00004fd9  HOSTunlink                     
00004cd1  HOSTwrite                      
000037f5  IRDist                         
000055ab  IntMasterEnable                
00005245  IntRegister                    
000055f1  ResetISR                       
20003964  START_TIME                     
2000396c  STATE                          
000030bf  TIMER3B_Handler                
0000299d  UART1_Handler                  
20003540  __CIOBUF_                      
20003270  __STACK_END                    
00001000  __STACK_SIZE                   
20002470  __STACK_TOP                    
00002000  __SYSMEM_SIZE                  
000058f0  __TI_CINIT_Base                
00005908  __TI_CINIT_Limit               
000058d0  __TI_Handler_Table_Base        
000058dc  __TI_Handler_Table_Limit       
0000501d  __TI_auto_init_nobinit_nopinit 
00005279  __TI_cleanup                   
20003984  __TI_cleanup_ptr               
0000472d  __TI_closefile                 
000049c1  __TI_decompress_lzss           
000055cb  __TI_decompress_none           
00004e25  __TI_doflush                   
20003988  __TI_dtors_ptr                 
2000398c  __TI_enable_exit_profile_output
20003974  __TI_ft_end                    
00004d7f  __TI_ltoa                      
ffffffff  __TI_pprof_out_hndl            
00000e8d  __TI_printfi                   
ffffffff  __TI_prof_data_size            
ffffffff  __TI_prof_data_start           
000052ad  __TI_readmsg                   
00000000  __TI_static_base__             
20003660  __TI_tmpnams                   
00005165  __TI_writemsg                  
00004b59  __TI_wrt_ok                    
000055e5  __TI_zero_init                 
000045a5  __aeabi_cdcmpeq                
000045a5  __aeabi_cdcmple                
0000462b  __aeabi_cdrcmple               
0000487f  __aeabi_d2f                    
00004f4d  __aeabi_d2iz                   
000033ab  __aeabi_dadd                   
00003af9  __aeabi_ddiv                   
00004079  __aeabi_dmul                   
000033a1  __aeabi_dsub                   
00005609  __aeabi_errno_addr             
000051d5  __aeabi_f2d                    
00005375  __aeabi_i2d                    
00003557  __aeabi_idiv0                  
00003557  __aeabi_ldiv0                  
000046b1  __aeabi_memclr                 
000046b1  __aeabi_memclr4                
000046b1  __aeabi_memclr8                
000043e7  __aeabi_memcpy                 
000043e7  __aeabi_memcpy4                
000043e7  __aeabi_memcpy8                
000046b3  __aeabi_memset                 
000046b3  __aeabi_memset4                
000046b3  __aeabi_memset8                
20003980  __aeabi_stderr                 
20003978  __aeabi_stdin                  
2000397c  __aeabi_stdout                 
00005469  __aeabi_ui2d                   
00004483  __aeabi_uldivmod               
ffffffff  __binit__                      
ffffffff  __c_args__                     
UNDEFED   __mpu_init                     
20002270  __stack                        
20000000  __start___llvm_prf_cnts        
20000000  __stop___llvm_prf_cnts         
000052e1  _c_int00_noargs                
00005628  _ctypes_                       
20003868  _device                        
20003778  _ftable                        
20003990  _lock                          
000018db  _nop                           
20003963  _running                       
200038e0  _stream                        
20000270  _sys_memory                    
UNDEFED   _system_post_cinit             
00005621  _system_pre_init               
20003774  _timeout_ticks                 
20003994  _unlock                        
00005625  abort                          
00003929  adc_distance                   
00003871  adc_init                       
000038ff  adc_read                       
00003f79  aligned_alloc                  
00004e71  atoi                           
ffffffff  binit                          
0000519d  calloc                         
000019c9  clearObjects                   
00004c1d  close                          
20003950  command_byte                   
20003954  command_flag                   
000054e1  copysign                       
000054e1  copysignl                      
200039a0  errno                          
00004ebd  exit                           
00005345  finddevice                     
2000395d  flag_1                         
2000395e  flag_2                         
2000395f  flag_3                         
20003960  flag_4                         
20003961  flag_5                         
20003962  flag_6                         
2000395a  flag_c                         
20003959  flag_m                         
2000395c  flag_r                         
2000395b  flag_s                         
00004519  fputc                          
00003d55  fputs                          
00004175  free                           
00004a91  frexp                          
00004a91  frexpl                         
00004af5  fseek                          
20000000  g_pfnRAMVectors                
00000000  g_pfnVectors                   
00005061  getdevice                      
0000097f  go_charge                      
00001cb9  identifyObjects                
000055bb  lcd_clear                      
00002411  lcd_gotoLine                   
00002279  lcd_init                       
00002477  lcd_printf                     
00002339  lcd_putc                       
00002371  lcd_puts                       
0000223d  lcd_reverseNibble              
0000238f  lcd_sendCommand                
000023cd  lcd_sendNibble                 
00002439  lcd_setCursorPos               
00003e69  ldexp                          
00003e69  ldexpl                         
00004f05  load_songs                     
000053f9  lseek                          
00002565  main                           
00005611  malloc                         
00003f79  memalign                       
000054c5  memccpy                        
00005449  memchr                         
000043e7  memcpy                         
000046b9  memset                         
20003930  motor_cal_factor_L             
20003934  motor_cal_factor_R             
00002089  move_backward                  
00001ebd  move_forward                   
20003970  numOverflow                    
0000026d  oi_alloc                       
00000aa9  oi_checkFirmware               
000002c7  oi_close                       
00000279  oi_free                        
00000ded  oi_getMotorCalibrationLeft     
00000e01  oi_getMotorCalibrationRight    
000002b1  oi_init                        
00000289  oi_init_noupdate               
00000915  oi_loadSong                    
0000552b  oi_parseInt                    
0000032b  oi_parsePacket                 
0000096b  oi_play_song                   
0000084b  oi_setLeds                     
00000db1  oi_setMotorCalibration         
0000088f  oi_setWheels                   
00000b51  oi_shutoff_init                
0000098d  oi_uartInit                    
00000a31  oi_uartReceive                 
00000a77  oi_uartSendBuff                
00000a15  oi_uartSendChar                
00000a59  oi_uartSendStr                 
000002d9  oi_update                      
2000396d  overflow                       
2000376c  parmbuf                        
00003105  ping_getDistance               
00002f9d  ping_init                      
00003047  ping_trigger                   
00004f37  play_songs                     
000019ed  printObjectArr                 
00004a29  printf                         
00004519  putc                           
20003270  rawVal                         
000053a5  remove                         
00003e69  scalbn                         
00003e69  scalbnl                        
000036f9  scannerIR                      
00003783  scannerPING                    
000018dd  sendObjectArr                  
00003559  servo_init                     
000035e3  servo_move                     
00004259  setvbuf                        
000050a5  sprintf                        
20003958  startup                        
00002103  stop                           
00005489  strcat                         
0000555b  strchr                         
00005543  strcmp                         
00005571  strcpy                         
00005585  strlen                         
0000520d  strncpy                        
00002e73  timer_getMicros                
00002e1b  timer_getMillis                
00002d55  timer_init                     
00002df7  timer_pause                    
00002e09  timer_resume                   
00002dcd  timer_stop                     
00002ecd  timer_waitMicros               
00002eff  timer_waitMillis               
00002191  turn_left                      
00002117  turn_right                     
00002845  uart_interrupt_init            
0000292f  uart_receive                   
00002981  uart_receive_nonblocking       
00002913  uart_sendChar                  
0000294f  uart_sendStr                   
000053a5  unlink                         
000050e5  vsnprintf                      
00005599  wcslen                         
00005421  write                          


GLOBAL SYMBOLS: SORTED BY Symbol Address 

address   name                           
-------   ----                           
00000000  __TI_static_base__             
00000000  g_pfnVectors                   
0000026d  oi_alloc                       
00000279  oi_free                        
00000289  oi_init_noupdate               
000002b1  oi_init                        
000002c7  oi_close                       
000002d9  oi_update                      
0000032b  oi_parsePacket                 
0000084b  oi_setLeds                     
0000088f  oi_setWheels                   
00000915  oi_loadSong                    
0000096b  oi_play_song                   
0000097f  go_charge                      
0000098d  oi_uartInit                    
00000a15  oi_uartSendChar                
00000a31  oi_uartReceive                 
00000a59  oi_uartSendStr                 
00000a77  oi_uartSendBuff                
00000aa9  oi_checkFirmware               
00000b51  oi_shutoff_init                
00000bc3  GPIOF_Handler                  
00000db1  oi_setMotorCalibration         
00000ded  oi_getMotorCalibrationLeft     
00000e01  oi_getMotorCalibrationRight    
00000e8d  __TI_printfi                   
00001000  __STACK_SIZE                   
000018db  _nop                           
000018dd  sendObjectArr                  
000019c9  clearObjects                   
000019ed  printObjectArr                 
00001cb9  identifyObjects                
00001ebd  move_forward                   
00002000  __SYSMEM_SIZE                  
00002089  move_backward                  
00002103  stop                           
00002117  turn_right                     
00002191  turn_left                      
0000223d  lcd_reverseNibble              
00002279  lcd_init                       
00002339  lcd_putc                       
00002371  lcd_puts                       
0000238f  lcd_sendCommand                
000023cd  lcd_sendNibble                 
00002411  lcd_gotoLine                   
00002439  lcd_setCursorPos               
00002477  lcd_printf                     
00002565  main                           
00002845  uart_interrupt_init            
00002913  uart_sendChar                  
0000292f  uart_receive                   
0000294f  uart_sendStr                   
00002981  uart_receive_nonblocking       
0000299d  UART1_Handler                  
00002d55  timer_init                     
00002dcd  timer_stop                     
00002df7  timer_pause                    
00002e09  timer_resume                   
00002e1b  timer_getMillis                
00002e73  timer_getMicros                
00002ecd  timer_waitMicros               
00002eff  timer_waitMillis               
00002f9d  ping_init                      
00003047  ping_trigger                   
000030bf  TIMER3B_Handler                
00003105  ping_getDistance               
000033a1  __aeabi_dsub                   
000033ab  __aeabi_dadd                   
00003557  __aeabi_idiv0                  
00003557  __aeabi_ldiv0                  
00003559  servo_init                     
000035e3  servo_move                     
000036f9  scannerIR                      
00003783  scannerPING                    
000037f5  IRDist                         
00003871  adc_init                       
000038ff  adc_read                       
00003929  adc_distance                   
00003af9  __aeabi_ddiv                   
00003d55  fputs                          
00003e69  ldexp                          
00003e69  ldexpl                         
00003e69  scalbn                         
00003e69  scalbnl                        
00003f79  aligned_alloc                  
00003f79  memalign                       
00004079  __aeabi_dmul                   
00004175  free                           
00004259  setvbuf                        
000043e7  __aeabi_memcpy                 
000043e7  __aeabi_memcpy4                
000043e7  __aeabi_memcpy8                
000043e7  memcpy                         
00004483  __aeabi_uldivmod               
00004519  fputc                          
00004519  putc                           
000045a5  __aeabi_cdcmpeq                
000045a5  __aeabi_cdcmple                
0000462b  __aeabi_cdrcmple               
000046b1  __aeabi_memclr                 
000046b1  __aeabi_memclr4                
000046b1  __aeabi_memclr8                
000046b3  __aeabi_memset                 
000046b3  __aeabi_memset4                
000046b3  __aeabi_memset8                
000046b9  memset                         
0000472d  __TI_closefile                 
0000487f  __aeabi_d2f                    
000048ed  HOSTrename                     
00004959  HOSTlseek                      
000049c1  __TI_decompress_lzss           
00004a29  printf                         
00004a91  frexp                          
00004a91  frexpl                         
00004af5  fseek                          
00004b59  __TI_wrt_ok                    
00004bbd  HOSTopen                       
00004c1d  close                          
00004c79  HOSTread                       
00004cd1  HOSTwrite                      
00004d7f  __TI_ltoa                      
00004e25  __TI_doflush                   
00004e71  atoi                           
00004ebd  exit                           
00004f05  load_songs                     
00004f37  play_songs                     
00004f4d  __aeabi_d2iz                   
00004f95  HOSTclose                      
00004fd9  HOSTunlink                     
0000501d  __TI_auto_init_nobinit_nopinit 
00005061  getdevice                      
000050a5  sprintf                        
000050e5  vsnprintf                      
00005165  __TI_writemsg                  
00005193  C$$IO$$                        
0000519d  calloc                         
000051d5  __aeabi_f2d                    
0000520d  strncpy                        
00005245  IntRegister                    
00005279  __TI_cleanup                   
000052ad  __TI_readmsg                   
000052e1  _c_int00_noargs                
00005345  finddevice                     
00005375  __aeabi_i2d                    
000053a5  remove                         
000053a5  unlink                         
000053f9  lseek                          
00005421  write                          
00005449  memchr                         
00005469  __aeabi_ui2d                   
00005489  strcat                         
000054c5  memccpy                        
000054e1  copysign                       
000054e1  copysignl                      
0000552b  oi_parseInt                    
00005543  strcmp                         
0000555b  strchr                         
00005571  strcpy                         
00005585  strlen                         
00005599  wcslen                         
000055ab  IntMasterEnable                
000055bb  lcd_clear                      
000055cb  __TI_decompress_none           
000055d9  CPUcpsie                       
000055e5  __TI_zero_init                 
000055f1  ResetISR                       
00005609  __aeabi_errno_addr             
00005611  malloc                         
00005621  _system_pre_init               
00005625  C$$EXIT                        
00005625  abort                          
00005628  _ctypes_                       
000058d0  __TI_Handler_Table_Base        
000058dc  __TI_Handler_Table_Limit       
000058f0  __TI_CINIT_Base                
00005908  __TI_CINIT_Limit               
20000000  __start___llvm_prf_cnts        
20000000  __stop___llvm_prf_cnts         
20000000  g_pfnRAMVectors                
20000270  _sys_memory                    
20002270  __stack                        
20002470  __STACK_TOP                    
20003270  __STACK_END                    
20003270  rawVal                         
20003540  __CIOBUF_                      
20003660  __TI_tmpnams                   
2000376c  parmbuf                        
20003774  _timeout_ticks                 
20003778  _ftable                        
20003868  _device                        
200038e0  _stream                        
20003930  motor_cal_factor_L             
20003934  motor_cal_factor_R             
20003950  command_byte                   
20003954  command_flag                   
20003958  startup                        
20003959  flag_m                         
2000395a  flag_c                         
2000395b  flag_s                         
2000395c  flag_r                         
2000395d  flag_1                         
2000395e  flag_2                         
2000395f  flag_3                         
20003960  flag_4                         
20003961  flag_5                         
20003962  flag_6                         
20003963  _running                       
20003964  START_TIME                     
20003968  END_TIME                       
2000396c  STATE                          
2000396d  overflow                       
20003970  numOverflow                    
20003974  __TI_ft_end                    
20003978  __aeabi_stdin                  
2000397c  __aeabi_stdout                 
20003980  __aeabi_stderr                 
20003984  __TI_cleanup_ptr               
20003988  __TI_dtors_ptr                 
2000398c  __TI_enable_exit_profile_output
20003990  _lock                          
20003994  _unlock                        
200039a0  errno                          
ffffffff  __TI_pprof_out_hndl            
ffffffff  __TI_prof_data_size            
ffffffff  __TI_prof_data_start           
ffffffff  __binit__                      
ffffffff  __c_args__                     
ffffffff  binit                          
UNDEFED   __mpu_init                     
UNDEFED   _system_post_cinit             

[230 symbols]
