******************************************************************************
                  TI ARM Linker PC v20.2.6                     
******************************************************************************
>> Linked Fri Apr 28 16:28:41 2023

OUTPUT FILE NAME:   <Final Project.out>
ENTRY POINT SYMBOL: "_c_int00_noargs"  address: 00005701


MEMORY CONFIGURATION

         name            origin    length      used     unused   attr    fill
----------------------  --------  ---------  --------  --------  ----  --------
  FLASH                 00000000   00040000  00005c05  0003a3fb  R  X
  SRAM                  20000000   00008000  00002f9d  00005063  RW X


SEGMENT ALLOCATION MAP

run origin  load origin   length   init length attrs members
----------  ----------- ---------- ----------- ----- -------
00000000    00000000    00005c08   00005c08    r-x
  00000000    00000000    0000026c   0000026c    r-- .intvecs
  0000026c    0000026c    000057c0   000057c0    r-x .text
  00005a2c    00005a2c    00000121   00000121    r-- .const
  00005b50    00005b50    000000b8   000000b8    r-- .cinit
20000000    20000000    00002fa1   00000000    rw-
  20000000    20000000    0000026c   00000000    rw- .vtable
  20000270    20000270    00001000   00000000    rw- .stack
  20001270    20001270    00001000   00000000    rw- .sysmem
  20002270    20002270    00000ae8   00000000    rw- .bss
  20002d58    20002d58    00000249   00000000    rw- .data


SECTION ALLOCATION MAP

 output                                  attributes/
section   page    origin      length       input sections
--------  ----  ----------  ----------   ----------------
.intvecs   0    00000000    0000026c     
                  00000000    0000026c     tm4c123gh6pm_startup_ccs.obj (.intvecs)

.text      0    0000026c    000057c0     
                  0000026c    00000c20     open_interface.obj (.text)
                  00000e8c    00000a4e     rtsv7M4_T_le_v4SPD16_eabi.lib : _printfi.c.obj (.text:__TI_printfi)
                  000018da    00000002                                   : _lock.c.obj (.text:_nop)
                  000018dc    0000045c     main.obj (.text)
                  00001d38    00000328     lcd.obj (.text)
                  00002060    00000320     movement.obj (.text)
                  00002380    000002a8     libcybotUART.lib : uart.obj (.text)
                  00002628    00000270     rtsv7M4_T_le_v4SPD16_eabi.lib : _printfi.c.obj (.text:_pconv_a)
                  00002898    00000260     libcybotScan.lib : cyBot_Scan.obj (.text)
                  00002af8    00000260     uart-interrupt.obj (.text)
                  00002d58    00000248     Timer.obj (.text)
                  00002fa0    00000240     ping.obj (.text)
                  000031e0    00000238     objects.obj (.text)
                  00003418    000001d0     rtsv7M4_T_le_v4SPD16_eabi.lib : _printfi.c.obj (.text:_pconv_g)
                  000035e8    000001b6                                   : fd_add_t2.asm.obj (.text)
                  0000379e    00000002                                   : div0.asm.obj (.text)
                  000037a0    00000158     libcybotScan.lib : servo.obj (.text)
                  000038f8    0000014c     rtsv7M4_T_le_v4SPD16_eabi.lib : vla_alloc.c.obj (.text:__vla_alloc)
                  00003a44    0000013c                                   : _printfi.c.obj (.text:_pconv_e)
                  00003b80    00000136                                   : fd_div_t2.asm.obj (.text)
                  00003cb6    00000002     --HOLE-- [fill = 0]
                  00003cb8    00000124                                   : _printfi.c.obj (.text:fcvt)
                  00003ddc    00000118     libcybotScan.lib : ir.obj (.text)
                  00003ef4    00000114     rtsv7M4_T_le_v4SPD16_eabi.lib : fputs.c.obj (.text:fputs)
                  00004008    00000110                                   : s_scalbn.c.obj (.text:scalbn)
                  00004118    00000100                                   : memory.c.obj (.text:aligned_alloc)
                  00004218    000000fc     adc.obj (.text)
                  00004314    000000fc     rtsv7M4_T_le_v4SPD16_eabi.lib : fd_mul_t2.asm.obj (.text)
                  00004410    000000e4                                   : memory.c.obj (.text:free)
                  000044f4    000000e4                                   : memory.c.obj (.text:realloc)
                  000045d8    000000dc                                   : setvbuf.c.obj (.text:setvbuf)
                  000046b4    000000b1                                   : _printfi.c.obj (.text:_ltostr)
                  00004765    00000001     --HOLE-- [fill = 0]
                  00004766    0000009c                                   : memcpy_t2.asm.obj (.text)
                  00004802    00000096                                   : ull_div_t2.asm.obj (.text)
                  00004898    0000008c                                   : fputc.c.obj (.text:fputc)
                  00004924    00000086                                   : fd_cmp_t2.asm.obj (.text:__aeabi_cdcmple)
                  000049aa    00000086                                   : fd_cmp_t2.asm.obj (.text:__aeabi_cdrcmple)
                  00004a30    0000007a                                   : memset_t2.asm.obj (.text)
                  00004aaa    00000002     --HOLE-- [fill = 0]
                  00004aac    00000078                                   : vla_alloc.c.obj (.text:_ZN33_INTERNAL_11_vla_alloc_c_be8bd49b21free_dead_allocationsEPv)
                  00004b24    00000074                                   : fclose.c.obj (.text:__TI_closefile)
                  00004b98    00000070                                   : vla_alloc.c.obj (.text:__vla_dealloc)
                  00004c08    00000070                                   : memory.c.obj (.text:split)
                  00004c78    0000006e                                   : _printfi.c.obj (.text:_mcpy)
                  00004ce6    0000006e                                   : fd_tos_t2.asm.obj (.text)
                  00004d54    0000006c                                   : hostrename.c.obj (.text:HOSTrename)
                  00004dc0    00000068                                   : hostlseek.c.obj (.text:HOSTlseek)
                  00004e28    00000068                                   : copy_decompress_lzss.c.obj (.text:decompress:lzss:__TI_decompress_lzss)
                  00004e90    00000068                                   : printf.c.obj (.text:printf)
                  00004ef8    00000064                                   : s_frexp.c.obj (.text:frexp)
                  00004f5c    00000064                                   : fseek.c.obj (.text:fseek)
                  00004fc0    00000062                                   : _io_perm.c.obj (.text:__TI_wrt_ok)
                  00005022    00000002     --HOLE-- [fill = 0]
                  00005024    00000060                                   : hostopen.c.obj (.text:HOSTopen)
                  00005084    0000005c                                   : close.c.obj (.text:close)
                  000050e0    00000058                                   : hostread.c.obj (.text:HOSTread)
                  00005138    00000058                                   : hostwrite.c.obj (.text:HOSTwrite)
                  00005190    00000056                                   : _printfi.c.obj (.text:_pconv_f)
                  000051e6    00000054                                   : _ltoa.c.obj (.text:__TI_ltoa)
                  0000523a    00000052                                   : _printfi.c.obj (.text:_ecpy)
                  0000528c    0000004c                                   : fflush.c.obj (.text:__TI_doflush)
                  000052d8    0000004c                                   : atoi.c.obj (.text:atoi)
                  00005324    00000048                                   : exit.c.obj (.text:exit)
                  0000536c    00000048                                   : fd_toi_t2.asm.obj (.text)
                  000053b4    00000044                                   : hostclose.c.obj (.text:HOSTclose)
                  000053f8    00000044                                   : hostunlink.c.obj (.text:HOSTunlink)
                  0000543c    00000044                                   : autoinit.c.obj (.text:__TI_auto_init_nobinit_nopinit:__TI_auto_init_nobinit_nopinit)
                  00005480    00000044                                   : getdevice.c.obj (.text:getdevice)
                  000054c4    00000040                                   : sprintf.c.obj (.text:sprintf)
                  00005504    00000040                                   : vsnprintf.c.obj (.text:vsnprintf)
                  00005544    0000003e                                   : _printfi.c.obj (.text:_fcpy)
                  00005582    00000002     --HOLE-- [fill = 0]
                  00005584    00000038                                   : trgmsg.c.obj (.text:__TI_writemsg)
                  000055bc    00000038                                   : memory.c.obj (.text:calloc)
                  000055f4    00000038                                   : fs_tod_t2.asm.obj (.text)
                  0000562c    00000036                                   : strncpy.c.obj (.text:strncpy)
                  00005662    00000002     --HOLE-- [fill = 0]
                  00005664    00000034     driverlib.lib : interrupt.obj (.text:IntRegister)
                  00005698    00000034     rtsv7M4_T_le_v4SPD16_eabi.lib : fopen.c.obj (.text:__TI_cleanup)
                  000056cc    00000034                                   : trgmsg.c.obj (.text:__TI_readmsg)
                  00005700    00000034                                   : boot_cortex_m.c.obj (.text:_c_int00_noargs:_c_int00_noargs)
                  00005734    00000030                                   : vsnprintf.c.obj (.text:_outs)
                  00005764    00000030                                   : getdevice.c.obj (.text:finddevice)
                  00005794    0000002e                                   : i_tofd_t2.asm.obj (.text)
                  000057c2    00000002     --HOLE-- [fill = 0]
                  000057c4    0000002c                                   : unlink.c.obj (.text:unlink)
                  000057f0    00000028                                   : memory.c.obj (.text:free_list_insert)
                  00005818    00000028                                   : lseek.c.obj (.text:lseek)
                  00005840    00000028                                   : write.c.obj (.text:write)
                  00005868    00000020                                   : memchr.c.obj (.text:memchr)
                  00005888    0000001e                                   : strcat.c.obj (.text:strcat)
                  000058a6    00000002     --HOLE-- [fill = 0]
                  000058a8    0000001c                                   : memory.c.obj (.text:free_list_remove)
                  000058c4    0000001c                                   : memccpy.c.obj (.text:memccpy)
                  000058e0    0000001a                                   : s_copysign.c.obj (.text:copysign)
                  000058fa    00000018                                   : vsnprintf.c.obj (.text:_outc)
                  00005912    00000018                                   : sprintf.c.obj (.text:_outs)
                  0000592a    00000018     open_interface.obj (.text:oi_parseInt)
                  00005942    00000018     rtsv7M4_T_le_v4SPD16_eabi.lib : strcmp.c.obj (.text:strcmp)
                  0000595a    00000016                                   : strchr.c.obj (.text:strchr)
                  00005970    00000014                                   : strcpy.c.obj (.text:strcpy)
                  00005984    00000014                                   : strlen.c.obj (.text:strlen)
                  00005998    00000012                                   : wcslen.c.obj (.text:wcslen)
                  000059aa    00000010     driverlib.lib : interrupt.obj (.text:IntMasterEnable)
                  000059ba    00000010     lcd.obj (.text:lcd_clear)
                  000059ca    0000000e     rtsv7M4_T_le_v4SPD16_eabi.lib : copy_decompress_none.c.obj (.text:decompress:none:__TI_decompress_none)
                  000059d8    0000000c     driverlib.lib : cpu.obj (.text:CPUcpsie)
                  000059e4    0000000c     rtsv7M4_T_le_v4SPD16_eabi.lib : copy_zero_init.c.obj (.text:decompress:ZI:__TI_zero_init)
                  000059f0    0000000c     tm4c123gh6pm_startup_ccs.obj (.text)
                  000059fc    0000000a     rtsv7M4_T_le_v4SPD16_eabi.lib : sprintf.c.obj (.text:_outc)
                  00005a06    00000002     --HOLE-- [fill = 0]
                  00005a08    00000008                                   : errno.c.obj (.text:__aeabi_errno_addr)
                  00005a10    00000008                                   : memory.c.obj (.text:malloc)
                  00005a18    00000004                                   : error.c.obj (.text:__abort_execution)
                  00005a1c    00000004                                   : printf.c.obj (.text:_outc)
                  00005a20    00000004                                   : printf.c.obj (.text:_outs)
                  00005a24    00000004                                   : pre_init.c.obj (.text:_system_pre_init)
                  00005a28    00000004                                   : exit.c.obj (.text:abort:abort)

.const     0    00005a2c    00000121     
                  00005a2c    00000101     rtsv7M4_T_le_v4SPD16_eabi.lib : ctype.c.obj (.const:.string:_ctypes_)
                  00005b2d    0000000f     open_interface.obj (.const:.string:$P$T0$3)
                  00005b3c    00000004     lcd.obj (.const:.string:lineAddress$1)
                  00005b40    00000004     lcd.obj (.const:.string:lineAddresses$2)
                  00005b44    00000003     objects.obj (.const:.string:$P$T1$2)
                  00005b47    00000002     objects.obj (.const:.string:$P$T0$1)
                  00005b49    00000002     objects.obj (.const:.string:$P$T3$3)
                  00005b4b    00000002     objects.obj (.const:.string:$P$T4$4)

.cinit     0    00005b50    000000b8     
                  00005b50    0000007f     (.cinit..data.load) [load image, compression = lzss]
                  00005bcf    00000001     --HOLE-- [fill = 0]
                  00005bd0    0000000c     (__TI_handler_table)
                  00005bdc    00000004     --HOLE-- [fill = 0]
                  00005be0    00000008     (.cinit..bss.load) [load image, compression = zero_init]
                  00005be8    00000008     (.cinit..vtable.load) [load image, compression = zero_init]
                  00005bf0    00000018     (__TI_cinit_table)

.init_array 
*          0    00000000    00000000     UNINITIALIZED

.vtable    0    20000000    0000026c     UNINITIALIZED
                  20000000    0000026c     driverlib.lib : interrupt.obj (.vtable)

.stack     0    20000270    00001000     UNINITIALIZED
                  20000270    00000004     rtsv7M4_T_le_v4SPD16_eabi.lib : boot_cortex_m.c.obj (.stack)
                  20000274    00000ffc     --HOLE--

.sysmem    0    20001270    00001000     UNINITIALIZED
                  20001270    00000010     rtsv7M4_T_le_v4SPD16_eabi.lib : memory.c.obj (.sysmem)
                  20001280    00000ff0     --HOLE--

.bss       0    20002270    00000ae8     UNINITIALIZED
                  20002270    00000870     (.common:arr_objects)
                  20002ae0    00000120     rtsv7M4_T_le_v4SPD16_eabi.lib : trgmsg.c.obj (.bss:_CIOBUF_)
                  20002c00    000000a0     (.common:__TI_tmpnams)
                  20002ca0    00000054     lcd.obj (.bss:lastbuffer$3)
                  20002cf4    00000034     (.common:isr_char_buffer)
                  20002d28    00000018     open_interface.obj (.bss:firmware$2)
                  20002d40    00000008     (.common:parmbuf)
                  20002d48    00000004     (.common:_timeout_ticks)
                  20002d4c    00000004     (.common:isr_int_value)
                  20002d50    00000004     (.common:left_calibration_value)
                  20002d54    00000004     (.common:right_calibration_value)

.data      0    20002d58    00000249     UNINITIALIZED
                  20002d58    000000f0     rtsv7M4_T_le_v4SPD16_eabi.lib : defs.c.obj (.data:_ftable)
                  20002e48    00000078                                   : host_device.c.obj (.data:_device)
                  20002ec0    00000050                                   : host_device.c.obj (.data:_stream)
                  20002f10    00000020     open_interface.obj (.data)
                  20002f30    00000020     uart-interrupt.obj (.data)
                  20002f50    00000010     ping.obj (.data)
                  20002f60    00000010     rtsv7M4_T_le_v4SPD16_eabi.lib : defs.c.obj (.data)
                  20002f70    0000000c                                   : exit.c.obj (.data:$O1$$)
                  20002f7c    00000008                                   : _lock.c.obj (.data:$O1$$)
                  20002f84    00000008                                   : memory.c.obj (.data:$O1$$)
                  20002f8c    00000004     libcybotScan.lib : cyBot_Scan.obj (.data)
                  20002f90    00000004     libcybotUART.lib : uart.obj (.data)
                  20002f94    00000004     main.obj (.data)
                  20002f98    00000004     rtsv7M4_T_le_v4SPD16_eabi.lib : errno.c.obj (.data)
                  20002f9c    00000004                                   : vla_alloc.c.obj (.data)
                  20002fa0    00000001     Timer.obj (.data)

__llvm_prf_cnts 
*          0    20000000    00000000     UNINITIALIZED

MODULE SUMMARY

       Module                         code    ro data   rw data
       ------                         ----    -------   -------
    .\
       main.obj                       1116    0         2172   
       open_interface.obj             3128    15        56     
       lcd.obj                        824     8         84     
       movement.obj                   800     0         0      
       uart-interrupt.obj             608     0         32     
       tm4c123gh6pm_startup_ccs.obj   12      620       0      
       ping.obj                       576     0         16     
       Timer.obj                      584     0         5      
       objects.obj                    568     9         0      
       adc.obj                        252     0         0      
    +--+------------------------------+-------+---------+---------+
       Total:                         8468    652       2365   
                                                               
    ../libcybotScan.lib
       cyBot_Scan.obj                 608     0         4      
       servo.obj                      344     0         0      
       ir.obj                         280     0         4      
    +--+------------------------------+-------+---------+---------+
       Total:                         1232    0         8      
                                                               
    ../libcybotUART.lib
       uart.obj                       680     0         56     
    +--+------------------------------+-------+---------+---------+
       Total:                         680     0         56     
                                                               
    C:/ti/TivaWare_C_Series-2.2.0.295/driverlib/ccs/Debug/driverlib.lib
       interrupt.obj                  68      0         620    
       cpu.obj                        12      0         0      
    +--+------------------------------+-------+---------+---------+
       Total:                         80      0         620    
                                                               
    C:\ti\ccs1200\ccs\tools\compiler\ti-cgt-arm_20.2.6.LTS\lib\rtsv7M4_T_le_v4SPD16_eabi.lib
       _printfi.c.obj                 4851    0         0      
       memory.c.obj                   956     0         8      
       vla_alloc.c.obj                564     0         4      
       fd_add_t2.asm.obj              438     0         0      
       defs.c.obj                     0       0         416    
       trgmsg.c.obj                   108     0         288    
       fd_div_t2.asm.obj              310     0         0      
       fputs.c.obj                    276     0         0      
       s_scalbn.c.obj                 272     0         0      
       fd_cmp_t2.asm.obj              268     0         0      
       ctype.c.obj                    0       257       0      
       fd_mul_t2.asm.obj              252     0         0      
       setvbuf.c.obj                  220     0         0      
       host_device.c.obj              0       0         200    
       memcpy_t2.asm.obj              156     0         0      
       ull_div_t2.asm.obj             150     0         0      
       fputc.c.obj                    140     0         0      
       vsnprintf.c.obj                136     0         0      
       memset_t2.asm.obj              122     0         0      
       fclose.c.obj                   116     0         0      
       getdevice.c.obj                116     0         0      
       printf.c.obj                   112     0         0      
       fd_tos_t2.asm.obj              110     0         0      
       hostrename.c.obj               108     0         0      
       copy_decompress_lzss.c.obj     104     0         0      
       hostlseek.c.obj                104     0         0      
       hostopen.c.obj                 96      0         8      
       fseek.c.obj                    100     0         0      
       s_frexp.c.obj                  100     0         0      
       _io_perm.c.obj                 98      0         0      
       sprintf.c.obj                  98      0         0      
       close.c.obj                    92      0         0      
       exit.c.obj                     76      0         12     
       hostread.c.obj                 88      0         0      
       hostwrite.c.obj                88      0         0      
       _ltoa.c.obj                    84      0         0      
       atoi.c.obj                     76      0         0      
       fflush.c.obj                   76      0         0      
       fd_toi_t2.asm.obj              72      0         0      
       autoinit.c.obj                 68      0         0      
       hostclose.c.obj                68      0         0      
       hostunlink.c.obj               68      0         0      
       fs_tod_t2.asm.obj              56      0         0      
       strncpy.c.obj                  54      0         0      
       boot_cortex_m.c.obj            52      0         0      
       fopen.c.obj                    52      0         0      
       i_tofd_t2.asm.obj              46      0         0      
       unlink.c.obj                   44      0         0      
       lseek.c.obj                    40      0         0      
       write.c.obj                    40      0         0      
       memchr.c.obj                   32      0         0      
       strcat.c.obj                   30      0         0      
       memccpy.c.obj                  28      0         0      
       s_copysign.c.obj               26      0         0      
       strcmp.c.obj                   24      0         0      
       strchr.c.obj                   22      0         0      
       strcpy.c.obj                   20      0         0      
       strlen.c.obj                   20      0         0      
       wcslen.c.obj                   18      0         0      
       copy_decompress_none.c.obj     14      0         0      
       copy_zero_init.c.obj           12      0         0      
       errno.c.obj                    8       0         4      
       _lock.c.obj                    2       0         8      
       error.c.obj                    4       0         0      
       pre_init.c.obj                 4       0         0      
       div0.asm.obj                   2       0         0      
    +--+------------------------------+-------+---------+---------+
       Total:                         11987   257       948    
                                                               
       Heap:                          0       0         4096   
       Stack:                         0       0         4096   
       Linker Generated:              0       179       0      
    +--+------------------------------+-------+---------+---------+
       Grand Total:                   22447   1088      12189  


LINKER GENERATED COPY TABLES

__TI_cinit_table @ 00005bf0 records: 3, size/record: 8, table size: 24
	.data: load addr=00005b50, load size=0000007f bytes, run addr=20002d58, run size=00000249 bytes, compression=lzss
	.bss: load addr=00005be0, load size=00000008 bytes, run addr=20002270, run size=00000ae8 bytes, compression=zero_init
	.vtable: load addr=00005be8, load size=00000008 bytes, run addr=20000000, run size=0000026c bytes, compression=zero_init


LINKER GENERATED HANDLER TABLE

__TI_handler_table @ 00005bd0 records: 3, size/record: 4, table size: 12
	index: 0, handler: __TI_zero_init
	index: 1, handler: __TI_decompress_lzss
	index: 2, handler: __TI_decompress_none


GLOBAL SYMBOLS: SORTED ALPHABETICALLY BY Name 

address   name                           
-------   ----                           
00003e75  ADC0SS0_Handler                
00005a29  C$$EXIT                        
000055b3  C$$IO$$                        
000059d9  CPUcpsie                       
20002f54  END_TIME                       
00000bc3  GPIOF_Handler                  
000053b5  HOSTclose                      
00004dc1  HOSTlseek                      
00005025  HOSTopen                       
000050e1  HOSTread                       
00004d55  HOSTrename                     
000053f9  HOSTunlink                     
00005139  HOSTwrite                      
000059ab  IntMasterEnable                
00005665  IntRegister                    
000059f1  ResetISR                       
20002f50  START_TIME                     
20002f58  STATE                          
000030c3  TIMER3B_Handler                
00002c49  UART1_Handler                  
20002ae0  __CIOBUF_                      
20001270  __STACK_END                    
00001000  __STACK_SIZE                   
20000470  __STACK_TOP                    
00001000  __SYSMEM_SIZE                  
00005bf0  __TI_CINIT_Base                
00005c08  __TI_CINIT_Limit               
00005bd0  __TI_Handler_Table_Base        
00005bdc  __TI_Handler_Table_Limit       
0000543d  __TI_auto_init_nobinit_nopinit 
00005699  __TI_cleanup                   
20002f70  __TI_cleanup_ptr               
00004b25  __TI_closefile                 
00004e29  __TI_decompress_lzss           
000059cb  __TI_decompress_none           
0000528d  __TI_doflush                   
20002f74  __TI_dtors_ptr                 
20002f78  __TI_enable_exit_profile_output
20002f60  __TI_ft_end                    
000051e7  __TI_ltoa                      
ffffffff  __TI_pprof_out_hndl            
00000e8d  __TI_printfi                   
ffffffff  __TI_prof_data_size            
ffffffff  __TI_prof_data_start           
000056cd  __TI_readmsg                   
00000000  __TI_static_base__             
20002c00  __TI_tmpnams                   
00005585  __TI_writemsg                  
00004fc1  __TI_wrt_ok                    
000059e5  __TI_zero_init                 
00005a19  __abort_execution              
00004925  __aeabi_cdcmpeq                
00004925  __aeabi_cdcmple                
000049ab  __aeabi_cdrcmple               
00004ce7  __aeabi_d2f                    
0000536d  __aeabi_d2iz                   
000035f3  __aeabi_dadd                   
00003b81  __aeabi_ddiv                   
00004315  __aeabi_dmul                   
000035e9  __aeabi_dsub                   
00005a09  __aeabi_errno_addr             
000055f5  __aeabi_f2d                    
00005795  __aeabi_i2d                    
0000379f  __aeabi_idiv0                  
0000379f  __aeabi_ldiv0                  
00004a31  __aeabi_memclr                 
00004a31  __aeabi_memclr4                
00004a31  __aeabi_memclr8                
00004767  __aeabi_memcpy                 
00004767  __aeabi_memcpy4                
00004767  __aeabi_memcpy8                
00004a33  __aeabi_memset                 
00004a33  __aeabi_memset4                
00004a33  __aeabi_memset8                
20002f6c  __aeabi_stderr                 
20002f64  __aeabi_stdin                  
20002f68  __aeabi_stdout                 
00004803  __aeabi_uldivmod               
ffffffff  __binit__                      
ffffffff  __c_args__                     
UNDEFED   __mpu_init                     
20000270  __stack                        
20000000  __start___llvm_prf_cnts        
20000000  __stop___llvm_prf_cnts         
000038f9  __vla_alloc                    
00004b99  __vla_dealloc                  
00005701  _c_int00_noargs                
00005a2c  _ctypes_                       
20002e48  _device                        
20002d58  _ftable                        
20002f7c  _lock                          
000018db  _nop                           
20002fa0  _running                       
20002ec0  _stream                        
20001270  _sys_memory                    
UNDEFED   _system_post_cinit             
00005a25  _system_pre_init               
20002d48  _timeout_ticks                 
20002f80  _unlock                        
00005a29  abort                          
00004219  adc_init                       
000042a7  adc_read                       
00004119  aligned_alloc                  
20002270  arr_objects                    
000052d9  atoi                           
20002f44  back_flag                      
ffffffff  binit                          
000055bd  calloc                         
00001a97  clearObjects                   
00005085  close                          
20002f30  command_byte                   
20002f34  command_flag                   
000058e1  copysign                       
000058e1  copysignl                      
00002971  cyBOT_SERVO_cal                
000028ff  cyBOT_Scan                     
000028a7  cyBOT_init_Scan                
20002f8c  cyBOT_scan_features            
00002899  cyBOT_scan_version             
000025cd  cyBot_UART1_Handler            
000025bf  cyBot_getByte_blocking         
0000259f  cyBot_getByte_nonblocking      
00002381  cyBot_sendByte                 
00002585  cyBot_uart_flush               
000024ef  cyBot_uart_init                
0000248f  cyBot_uart_init_PHJ_first_half 
00002437  cyBot_uart_init_clean          
000023bf  cyBot_uart_init_last_half      
000023a7  cyBot_uart_sendBuffer          
0000238d  cyBot_uart_sendStr             
20002f98  errno                          
00005325  exit                           
00005765  finddevice                     
20002f40  forward_flag                   
00004899  fputc                          
00003ef5  fputs                          
00004411  free                           
00004ef9  frexp                          
00004ef9  frexpl                         
00004f5d  fseek                          
20000000  g_pfnRAMVectors                
00000000  g_pfnVectors                   
00005481  getdevice                      
0000097f  go_charge                      
000018dd  identifyObjects                
00003e8b  ir_enableInterrupt             
00003e6d  ir_getDistance                 
00003e45  ir_getValue                    
00003ddd  ir_init                        
20002cf4  isr_char_buffer                
20002f90  isr_counter                    
20002d4c  isr_int_value                  
000059bb  lcd_clear                      
00001f0d  lcd_gotoLine                   
00001d75  lcd_init                       
00001f73  lcd_printf                     
00001e35  lcd_putc                       
00001e6d  lcd_puts                       
00001d39  lcd_reverseNibble              
00001e8b  lcd_sendCommand                
00001ec9  lcd_sendNibble                 
00001f35  lcd_setCursorPos               
00004009  ldexp                          
00004009  ldexpl                         
20002d50  left_calibration_value         
20002f4c  left_flag                      
00005819  lseek                          
00001ae5  main                           
00005a11  malloc                         
00004119  memalign                       
000058c5  memccpy                        
00005869  memchr                         
00004767  memcpy                         
00004a39  memset                         
20002f10  motor_cal_factor_L             
20002f14  motor_cal_factor_R             
000021e7  move_backward                  
00002061  move_forward                   
20002f94  numObjects                     
20002f5c  numOverflow                    
0000026d  oi_alloc                       
00000aa9  oi_checkFirmware               
000002c7  oi_close                       
00000279  oi_free                        
00000ded  oi_getMotorCalibrationLeft     
00000e01  oi_getMotorCalibrationRight    
000002b1  oi_init                        
00000289  oi_init_noupdate               
00000915  oi_loadSong                    
0000592b  oi_parseInt                    
0000032b  oi_parsePacket                 
0000096b  oi_play_song                   
0000084b  oi_setLeds                     
00000db1  oi_setMotorCalibration         
0000088f  oi_setWheels                   
00000b51  oi_shutoff_init                
0000098d  oi_uartInit                    
00000a31  oi_uartReceive                 
00000a77  oi_uartSendBuff                
00000a15  oi_uartSendChar                
00000a59  oi_uartSendStr                 
000002d9  oi_update                      
20002f59  overflow                       
20002d40  parmbuf                        
00003109  ping_getDistance               
00002fa1  ping_init                      
0000304b  ping_trigger                   
000032e9  printObjectArr                 
000031e1  printToPutty                   
00004e91  printf                         
00004899  putc                           
000044f5  realloc                        
000057c5  remove                         
20002d54  right_calibration_value        
20002f48  right_flag                     
00004009  scalbn                         
00004009  scalbnl                        
20002f38  scan_flag                      
000037a1  servo_init                     
00003831  servo_move                     
00003891  servo_setPWM                   
00003825  servo_stop                     
000045d9  setvbuf                        
000054c5  sprintf                        
00002259  stop                           
20002f3c  stop_flag                      
00005889  strcat                         
0000595b  strchr                         
00005943  strcmp                         
00005971  strcpy                         
00005985  strlen                         
0000562d  strncpy                        
00002e77  timer_getMicros                
00002e1f  timer_getMillis                
00002d59  timer_init                     
00002dfb  timer_pause                    
00002e0d  timer_resume                   
00002dd1  timer_stop                     
00002ed1  timer_waitMicros               
00002f03  timer_waitMillis               
000022df  turn_left                      
0000226f  turn_right                     
00002af9  uart_interrupt_init            
00002c05  uart_receive                   
00002bdf  uart_receive_nonblocking       
00002bc3  uart_sendChar                  
00002c2b  uart_sendStr                   
000057c5  unlink                         
00005505  vsnprintf                      
00005999  wcslen                         
00005841  write                          


GLOBAL SYMBOLS: SORTED BY Symbol Address 

address   name                           
-------   ----                           
00000000  __TI_static_base__             
00000000  g_pfnVectors                   
0000026d  oi_alloc                       
00000279  oi_free                        
00000289  oi_init_noupdate               
000002b1  oi_init                        
000002c7  oi_close                       
000002d9  oi_update                      
0000032b  oi_parsePacket                 
0000084b  oi_setLeds                     
0000088f  oi_setWheels                   
00000915  oi_loadSong                    
0000096b  oi_play_song                   
0000097f  go_charge                      
0000098d  oi_uartInit                    
00000a15  oi_uartSendChar                
00000a31  oi_uartReceive                 
00000a59  oi_uartSendStr                 
00000a77  oi_uartSendBuff                
00000aa9  oi_checkFirmware               
00000b51  oi_shutoff_init                
00000bc3  GPIOF_Handler                  
00000db1  oi_setMotorCalibration         
00000ded  oi_getMotorCalibrationLeft     
00000e01  oi_getMotorCalibrationRight    
00000e8d  __TI_printfi                   
00001000  __STACK_SIZE                   
00001000  __SYSMEM_SIZE                  
000018db  _nop                           
000018dd  identifyObjects                
00001a97  clearObjects                   
00001ae5  main                           
00001d39  lcd_reverseNibble              
00001d75  lcd_init                       
00001e35  lcd_putc                       
00001e6d  lcd_puts                       
00001e8b  lcd_sendCommand                
00001ec9  lcd_sendNibble                 
00001f0d  lcd_gotoLine                   
00001f35  lcd_setCursorPos               
00001f73  lcd_printf                     
00002061  move_forward                   
000021e7  move_backward                  
00002259  stop                           
0000226f  turn_right                     
000022df  turn_left                      
00002381  cyBot_sendByte                 
0000238d  cyBot_uart_sendStr             
000023a7  cyBot_uart_sendBuffer          
000023bf  cyBot_uart_init_last_half      
00002437  cyBot_uart_init_clean          
0000248f  cyBot_uart_init_PHJ_first_half 
000024ef  cyBot_uart_init                
00002585  cyBot_uart_flush               
0000259f  cyBot_getByte_nonblocking      
000025bf  cyBot_getByte_blocking         
000025cd  cyBot_UART1_Handler            
00002899  cyBOT_scan_version             
000028a7  cyBOT_init_Scan                
000028ff  cyBOT_Scan                     
00002971  cyBOT_SERVO_cal                
00002af9  uart_interrupt_init            
00002bc3  uart_sendChar                  
00002bdf  uart_receive_nonblocking       
00002c05  uart_receive                   
00002c2b  uart_sendStr                   
00002c49  UART1_Handler                  
00002d59  timer_init                     
00002dd1  timer_stop                     
00002dfb  timer_pause                    
00002e0d  timer_resume                   
00002e1f  timer_getMillis                
00002e77  timer_getMicros                
00002ed1  timer_waitMicros               
00002f03  timer_waitMillis               
00002fa1  ping_init                      
0000304b  ping_trigger                   
000030c3  TIMER3B_Handler                
00003109  ping_getDistance               
000031e1  printToPutty                   
000032e9  printObjectArr                 
000035e9  __aeabi_dsub                   
000035f3  __aeabi_dadd                   
0000379f  __aeabi_idiv0                  
0000379f  __aeabi_ldiv0                  
000037a1  servo_init                     
00003825  servo_stop                     
00003831  servo_move                     
00003891  servo_setPWM                   
000038f9  __vla_alloc                    
00003b81  __aeabi_ddiv                   
00003ddd  ir_init                        
00003e45  ir_getValue                    
00003e6d  ir_getDistance                 
00003e75  ADC0SS0_Handler                
00003e8b  ir_enableInterrupt             
00003ef5  fputs                          
00004009  ldexp                          
00004009  ldexpl                         
00004009  scalbn                         
00004009  scalbnl                        
00004119  aligned_alloc                  
00004119  memalign                       
00004219  adc_init                       
000042a7  adc_read                       
00004315  __aeabi_dmul                   
00004411  free                           
000044f5  realloc                        
000045d9  setvbuf                        
00004767  __aeabi_memcpy                 
00004767  __aeabi_memcpy4                
00004767  __aeabi_memcpy8                
00004767  memcpy                         
00004803  __aeabi_uldivmod               
00004899  fputc                          
00004899  putc                           
00004925  __aeabi_cdcmpeq                
00004925  __aeabi_cdcmple                
000049ab  __aeabi_cdrcmple               
00004a31  __aeabi_memclr                 
00004a31  __aeabi_memclr4                
00004a31  __aeabi_memclr8                
00004a33  __aeabi_memset                 
00004a33  __aeabi_memset4                
00004a33  __aeabi_memset8                
00004a39  memset                         
00004b25  __TI_closefile                 
00004b99  __vla_dealloc                  
00004ce7  __aeabi_d2f                    
00004d55  HOSTrename                     
00004dc1  HOSTlseek                      
00004e29  __TI_decompress_lzss           
00004e91  printf                         
00004ef9  frexp                          
00004ef9  frexpl                         
00004f5d  fseek                          
00004fc1  __TI_wrt_ok                    
00005025  HOSTopen                       
00005085  close                          
000050e1  HOSTread                       
00005139  HOSTwrite                      
000051e7  __TI_ltoa                      
0000528d  __TI_doflush                   
000052d9  atoi                           
00005325  exit                           
0000536d  __aeabi_d2iz                   
000053b5  HOSTclose                      
000053f9  HOSTunlink                     
0000543d  __TI_auto_init_nobinit_nopinit 
00005481  getdevice                      
000054c5  sprintf                        
00005505  vsnprintf                      
00005585  __TI_writemsg                  
000055b3  C$$IO$$                        
000055bd  calloc                         
000055f5  __aeabi_f2d                    
0000562d  strncpy                        
00005665  IntRegister                    
00005699  __TI_cleanup                   
000056cd  __TI_readmsg                   
00005701  _c_int00_noargs                
00005765  finddevice                     
00005795  __aeabi_i2d                    
000057c5  remove                         
000057c5  unlink                         
00005819  lseek                          
00005841  write                          
00005869  memchr                         
00005889  strcat                         
000058c5  memccpy                        
000058e1  copysign                       
000058e1  copysignl                      
0000592b  oi_parseInt                    
00005943  strcmp                         
0000595b  strchr                         
00005971  strcpy                         
00005985  strlen                         
00005999  wcslen                         
000059ab  IntMasterEnable                
000059bb  lcd_clear                      
000059cb  __TI_decompress_none           
000059d9  CPUcpsie                       
000059e5  __TI_zero_init                 
000059f1  ResetISR                       
00005a09  __aeabi_errno_addr             
00005a11  malloc                         
00005a19  __abort_execution              
00005a25  _system_pre_init               
00005a29  C$$EXIT                        
00005a29  abort                          
00005a2c  _ctypes_                       
00005bd0  __TI_Handler_Table_Base        
00005bdc  __TI_Handler_Table_Limit       
00005bf0  __TI_CINIT_Base                
00005c08  __TI_CINIT_Limit               
20000000  __start___llvm_prf_cnts        
20000000  __stop___llvm_prf_cnts         
20000000  g_pfnRAMVectors                
20000270  __stack                        
20000470  __STACK_TOP                    
20001270  __STACK_END                    
20001270  _sys_memory                    
20002270  arr_objects                    
20002ae0  __CIOBUF_                      
20002c00  __TI_tmpnams                   
20002cf4  isr_char_buffer                
20002d40  parmbuf                        
20002d48  _timeout_ticks                 
20002d4c  isr_int_value                  
20002d50  left_calibration_value         
20002d54  right_calibration_value        
20002d58  _ftable                        
20002e48  _device                        
20002ec0  _stream                        
20002f10  motor_cal_factor_L             
20002f14  motor_cal_factor_R             
20002f30  command_byte                   
20002f34  command_flag                   
20002f38  scan_flag                      
20002f3c  stop_flag                      
20002f40  forward_flag                   
20002f44  back_flag                      
20002f48  right_flag                     
20002f4c  left_flag                      
20002f50  START_TIME                     
20002f54  END_TIME                       
20002f58  STATE                          
20002f59  overflow                       
20002f5c  numOverflow                    
20002f60  __TI_ft_end                    
20002f64  __aeabi_stdin                  
20002f68  __aeabi_stdout                 
20002f6c  __aeabi_stderr                 
20002f70  __TI_cleanup_ptr               
20002f74  __TI_dtors_ptr                 
20002f78  __TI_enable_exit_profile_output
20002f7c  _lock                          
20002f80  _unlock                        
20002f8c  cyBOT_scan_features            
20002f90  isr_counter                    
20002f94  numObjects                     
20002f98  errno                          
20002fa0  _running                       
ffffffff  __TI_pprof_out_hndl            
ffffffff  __TI_prof_data_size            
ffffffff  __TI_prof_data_start           
ffffffff  __binit__                      
ffffffff  __c_args__                     
ffffffff  binit                          
UNDEFED   __mpu_init                     
UNDEFED   _system_post_cinit             

[251 symbols]
