******************************************************************************
                  TI ARM Linker PC v20.2.6                     
******************************************************************************
>> Linked Fri Apr 14 14:50:12 2023

OUTPUT FILE NAME:   <Lab10.out>
ENTRY POINT SYMBOL: "_c_int00_noargs"  address: 00000c31


MEMORY CONFIGURATION

         name            origin    length      used     unused   attr    fill
----------------------  --------  ---------  --------  --------  ----  --------
  FLASH                 00000000   00040000  00000d02  0003f2fe  R  X
  SRAM                  20000000   00008000  00001271  00006d8f  RW X


SEGMENT ALLOCATION MAP

run origin  load origin   length   init length attrs members
----------  ----------- ---------- ----------- ----- -------
00000000    00000000    00000d08   00000d08    r-x
  00000000    00000000    0000026c   0000026c    r-- .intvecs
  0000026c    0000026c    00000a56   00000a56    r-x .text
  00000cc8    00000cc8    00000040   00000040    r-- .cinit
20000000    20000000    00001271   00000000    rw-
  20000000    20000000    0000026c   00000000    rw- .vtable
  2000026c    2000026c    00000004   00000000    rw- .bss
  20000270    20000270    00001000   00000000    rw- .stack
  20001270    20001270    00000001   00000000    rw- .data


SECTION ALLOCATION MAP

 output                                  attributes/
section   page    origin      length       input sections
--------  ----  ----------  ----------   ----------------
.intvecs   0    00000000    0000026c     
                  00000000    0000026c     tm4c123gh6pm_startup_ccs.obj (.intvecs)

.text      0    0000026c    00000a56     
                  0000026c    00000248     Timer.obj (.text)
                  000004b4    000001b6     rtsv7M4_T_le_v4SPD16_eabi.lib : fd_add_t2.asm.obj (.text)
                  0000066a    00000002     --HOLE-- [fill = 0]
                  0000066c    0000016c     servo.obj (.text)
                  000007d8    00000136     rtsv7M4_T_le_v4SPD16_eabi.lib : fd_div_t2.asm.obj (.text)
                  0000090e    000000fc                                   : fd_mul_t2.asm.obj (.text)
                  00000a0a    0000009c                                   : memcpy_t2.asm.obj (.text)
                  00000aa6    00000068                                   : copy_decompress_lzss.c.obj (.text:decompress:lzss:__TI_decompress_lzss)
                  00000b0e    00000002     --HOLE-- [fill = 0]
                  00000b10    00000060     main.obj (.text)
                  00000b70    00000048     rtsv7M4_T_le_v4SPD16_eabi.lib : fd_toi_t2.asm.obj (.text)
                  00000bb8    00000044                                   : autoinit.c.obj (.text:__TI_auto_init_nobinit_nopinit:__TI_auto_init_nobinit_nopinit)
                  00000bfc    00000034     driverlib.lib : interrupt.obj (.text:IntRegister)
                  00000c30    00000034     rtsv7M4_T_le_v4SPD16_eabi.lib : boot_cortex_m.c.obj (.text:_c_int00_noargs:_c_int00_noargs)
                  00000c64    00000020                                   : u_tofd_t2.asm.obj (.text)
                  00000c84    0000001c                                   : copy_zero_init.c.obj (.text:decompress:ZI:__TI_zero_init_nomemset:__TI_zero_init_nomemset)
                  00000ca0    0000000e                                   : copy_decompress_none.c.obj (.text:decompress:none:__TI_decompress_none)
                  00000cae    0000000c     tm4c123gh6pm_startup_ccs.obj (.text)
                  00000cba    00000004     rtsv7M4_T_le_v4SPD16_eabi.lib : pre_init.c.obj (.text:_system_pre_init)
                  00000cbe    00000004                                   : exit.c.obj (.text:abort:abort)

.cinit     0    00000cc8    00000040     
                  00000cc8    0000000c     (__TI_handler_table)
                  00000cd4    00000004     --HOLE-- [fill = 0]
                  00000cd8    00000008     (.cinit..bss.load) [load image, compression = zero_init]
                  00000ce0    00000008     (.cinit..vtable.load) [load image, compression = zero_init]
                  00000ce8    00000005     (.cinit..data.load) [load image, compression = lzss]
                  00000ced    00000003     --HOLE-- [fill = 0]
                  00000cf0    00000018     (__TI_cinit_table)

.init_array 
*          0    00000000    00000000     UNINITIALIZED

.vtable    0    20000000    0000026c     UNINITIALIZED
                  20000000    0000026c     driverlib.lib : interrupt.obj (.vtable)

.bss       0    2000026c    00000004     UNINITIALIZED
                  2000026c    00000004     (.common:_timeout_ticks)

.data      0    20001270    00000001     UNINITIALIZED
                  20001270    00000001     Timer.obj (.data)

.stack     0    20000270    00001000     UNINITIALIZED
                  20000270    00000004     rtsv7M4_T_le_v4SPD16_eabi.lib : boot_cortex_m.c.obj (.stack)
                  20000274    00000ffc     --HOLE--

__llvm_prf_cnts 
*          0    20000000    00000000     UNINITIALIZED

MODULE SUMMARY

       Module                         code   ro data   rw data
       ------                         ----   -------   -------
    .\
       tm4c123gh6pm_startup_ccs.obj   12     620       0      
       Timer.obj                      584    0         5      
       servo.obj                      364    0         0      
       main.obj                       96     0         0      
    +--+------------------------------+------+---------+---------+
       Total:                         1056   620       5      
                                                              
    C:/ti/TivaWare_C_Series-2.2.0.295/driverlib/ccs/Debug/driverlib.lib
       interrupt.obj                  52     0         620    
    +--+------------------------------+------+---------+---------+
       Total:                         52     0         620    
                                                              
    C:\ti\ccs1200\ccs\tools\compiler\ti-cgt-arm_20.2.6.LTS\lib\rtsv7M4_T_le_v4SPD16_eabi.lib
       fd_add_t2.asm.obj              438    0         0      
       fd_div_t2.asm.obj              310    0         0      
       fd_mul_t2.asm.obj              252    0         0      
       memcpy_t2.asm.obj              156    0         0      
       copy_decompress_lzss.c.obj     104    0         0      
       fd_toi_t2.asm.obj              72     0         0      
       autoinit.c.obj                 68     0         0      
       boot_cortex_m.c.obj            52     0         0      
       u_tofd_t2.asm.obj              32     0         0      
       copy_zero_init.c.obj           28     0         0      
       copy_decompress_none.c.obj     14     0         0      
       exit.c.obj                     4      0         0      
       pre_init.c.obj                 4      0         0      
    +--+------------------------------+------+---------+---------+
       Total:                         1534   0         0      
                                                              
       Stack:                         0      0         4096   
       Linker Generated:              0      57        0      
    +--+------------------------------+------+---------+---------+
       Grand Total:                   2642   677       4721   


LINKER GENERATED COPY TABLES

__TI_cinit_table @ 00000cf0 records: 3, size/record: 8, table size: 24
	.bss: load addr=00000cd8, load size=00000008 bytes, run addr=2000026c, run size=00000004 bytes, compression=zero_init
	.vtable: load addr=00000ce0, load size=00000008 bytes, run addr=20000000, run size=0000026c bytes, compression=zero_init
	.data: load addr=00000ce8, load size=00000005 bytes, run addr=20001270, run size=00000001 bytes, compression=lzss


LINKER GENERATED HANDLER TABLE

__TI_handler_table @ 00000cc8 records: 3, size/record: 4, table size: 12
	index: 0, handler: __TI_zero_init
	index: 1, handler: __TI_decompress_lzss
	index: 2, handler: __TI_decompress_none


GLOBAL SYMBOLS: SORTED ALPHABETICALLY BY Name 

address   name                          
-------   ----                          
00000cbf  C$$EXIT                       
00000bfd  IntRegister                   
00000caf  ResetISR                      
20001270  __STACK_END                   
00001000  __STACK_SIZE                  
20000470  __STACK_TOP                   
00000cf0  __TI_CINIT_Base               
00000d08  __TI_CINIT_Limit              
00000cc8  __TI_Handler_Table_Base       
00000cd4  __TI_Handler_Table_Limit      
00000bb9  __TI_auto_init_nobinit_nopinit
00000aa7  __TI_decompress_lzss          
00000ca1  __TI_decompress_none          
ffffffff  __TI_pprof_out_hndl           
ffffffff  __TI_prof_data_size           
ffffffff  __TI_prof_data_start          
00000000  __TI_static_base__            
00000c85  __TI_zero_init_nomemset       
00000b71  __aeabi_d2iz                  
000004bf  __aeabi_dadd                  
000007d9  __aeabi_ddiv                  
0000090f  __aeabi_dmul                  
000004b5  __aeabi_dsub                  
00000a0b  __aeabi_memcpy                
00000a0b  __aeabi_memcpy4               
00000a0b  __aeabi_memcpy8               
00000c65  __aeabi_ui2d                  
ffffffff  __binit__                     
ffffffff  __c_args__                    
UNDEFED   __mpu_init                    
20000270  __stack                       
20000000  __start___llvm_prf_cnts       
20000000  __stop___llvm_prf_cnts        
00000c31  _c_int00_noargs               
20001270  _running                      
UNDEFED   _system_post_cinit            
00000cbb  _system_pre_init              
2000026c  _timeout_ticks                
00000cbf  abort                         
ffffffff  binit                         
20000000  g_pfnRAMVectors               
00000000  g_pfnVectors                  
00000b11  main                          
00000a0b  memcpy                        
000006d3  move_servo                    
0000066d  servo_init                    
0000038b  timer_getMicros               
00000333  timer_getMillis               
0000026d  timer_init                    
0000030f  timer_pause                   
00000321  timer_resume                  
000002e5  timer_stop                    
000003e5  timer_waitMicros              
00000417  timer_waitMillis              


GLOBAL SYMBOLS: SORTED BY Symbol Address 

address   name                          
-------   ----                          
00000000  __TI_static_base__            
00000000  g_pfnVectors                  
0000026d  timer_init                    
000002e5  timer_stop                    
0000030f  timer_pause                   
00000321  timer_resume                  
00000333  timer_getMillis               
0000038b  timer_getMicros               
000003e5  timer_waitMicros              
00000417  timer_waitMillis              
000004b5  __aeabi_dsub                  
000004bf  __aeabi_dadd                  
0000066d  servo_init                    
000006d3  move_servo                    
000007d9  __aeabi_ddiv                  
0000090f  __aeabi_dmul                  
00000a0b  __aeabi_memcpy                
00000a0b  __aeabi_memcpy4               
00000a0b  __aeabi_memcpy8               
00000a0b  memcpy                        
00000aa7  __TI_decompress_lzss          
00000b11  main                          
00000b71  __aeabi_d2iz                  
00000bb9  __TI_auto_init_nobinit_nopinit
00000bfd  IntRegister                   
00000c31  _c_int00_noargs               
00000c65  __aeabi_ui2d                  
00000c85  __TI_zero_init_nomemset       
00000ca1  __TI_decompress_none          
00000caf  ResetISR                      
00000cbb  _system_pre_init              
00000cbf  C$$EXIT                       
00000cbf  abort                         
00000cc8  __TI_Handler_Table_Base       
00000cd4  __TI_Handler_Table_Limit      
00000cf0  __TI_CINIT_Base               
00000d08  __TI_CINIT_Limit              
00001000  __STACK_SIZE                  
20000000  __start___llvm_prf_cnts       
20000000  __stop___llvm_prf_cnts        
20000000  g_pfnRAMVectors               
2000026c  _timeout_ticks                
20000270  __stack                       
20000470  __STACK_TOP                   
20001270  __STACK_END                   
20001270  _running                      
ffffffff  __TI_pprof_out_hndl           
ffffffff  __TI_prof_data_size           
ffffffff  __TI_prof_data_start          
ffffffff  __binit__                     
ffffffff  __c_args__                    
ffffffff  binit                         
UNDEFED   __mpu_init                    
UNDEFED   _system_post_cinit            

[54 symbols]
