<?xml version="1.0" encoding="ISO-8859-1" ?>
<link_info>
   <banner>TI ARM Linker PC v20.2.6.LTS</banner>
   <copyright>Copyright (c) 1996-2018 Texas Instruments Incorporated</copyright>
   <link_time>0x63f92329</link_time>
   <link_errors>0x0</link_errors>
   <output_file>Lab3.out</output_file>
   <entry_point>
      <name>_c_int00_noargs</name>
      <address>0x5205</address>
   </entry_point>
   <input_file_list>
      <input_file id="fl-2">
         <path>.\</path>
         <kind>object</kind>
         <file>Timer.obj</file>
         <name>Timer.obj</name>
      </input_file>
      <input_file id="fl-3">
         <path>.\</path>
         <kind>object</kind>
         <file>lcd.obj</file>
         <name>lcd.obj</name>
      </input_file>
      <input_file id="fl-4">
         <path>.\</path>
         <kind>object</kind>
         <file>main.obj</file>
         <name>main.obj</name>
      </input_file>
      <input_file id="fl-5">
         <path>.\</path>
         <kind>object</kind>
         <file>movement.obj</file>
         <name>movement.obj</name>
      </input_file>
      <input_file id="fl-6">
         <path>.\</path>
         <kind>object</kind>
         <file>objects.obj</file>
         <name>objects.obj</name>
      </input_file>
      <input_file id="fl-7">
         <path>.\</path>
         <kind>object</kind>
         <file>open_interface.obj</file>
         <name>open_interface.obj</name>
      </input_file>
      <input_file id="fl-8">
         <path>.\</path>
         <kind>object</kind>
         <file>tm4c123gh6pm_startup_ccs.obj</file>
         <name>tm4c123gh6pm_startup_ccs.obj</name>
      </input_file>
      <input_file id="fl-f">
         <kind>object</kind>
         <file>&lt;internal&gt;</file>
         <name>&lt;internal&gt;</name>
      </input_file>
      <input_file id="fl-10">
         <path>..\</path>
         <kind>archive</kind>
         <file>libcybotScan.lib</file>
         <name>cyBot_Scan.obj</name>
      </input_file>
      <input_file id="fl-11">
         <path>..\</path>
         <kind>archive</kind>
         <file>libcybotScan.lib</file>
         <name>ir.obj</name>
      </input_file>
      <input_file id="fl-12">
         <path>..\</path>
         <kind>archive</kind>
         <file>libcybotScan.lib</file>
         <name>ping.obj</name>
      </input_file>
      <input_file id="fl-13">
         <path>..\</path>
         <kind>archive</kind>
         <file>libcybotScan.lib</file>
         <name>servo.obj</name>
      </input_file>
      <input_file id="fl-14">
         <path>..\</path>
         <kind>archive</kind>
         <file>libcybotUART.lib</file>
         <name>uart.obj</name>
      </input_file>
      <input_file id="fl-ca">
         <path>C:\ti\ccs1200\ccs\tools\compiler\ti-cgt-arm_20.2.6.LTS\lib\</path>
         <kind>archive</kind>
         <file>rtsv7M4_T_le_v4SPD16_eabi.lib</file>
         <name>printf.c.obj</name>
      </input_file>
      <input_file id="fl-cb">
         <path>C:\ti\ccs1200\ccs\tools\compiler\ti-cgt-arm_20.2.6.LTS\lib\</path>
         <kind>archive</kind>
         <file>rtsv7M4_T_le_v4SPD16_eabi.lib</file>
         <name>_printfi.c.obj</name>
      </input_file>
      <input_file id="fl-cc">
         <path>C:\ti\ccs1200\ccs\tools\compiler\ti-cgt-arm_20.2.6.LTS\lib\</path>
         <kind>archive</kind>
         <file>rtsv7M4_T_le_v4SPD16_eabi.lib</file>
         <name>sprintf.c.obj</name>
      </input_file>
      <input_file id="fl-cd">
         <path>C:\ti\ccs1200\ccs\tools\compiler\ti-cgt-arm_20.2.6.LTS\lib\</path>
         <kind>archive</kind>
         <file>rtsv7M4_T_le_v4SPD16_eabi.lib</file>
         <name>vsnprintf.c.obj</name>
      </input_file>
      <input_file id="fl-ce">
         <path>C:\ti\ccs1200\ccs\tools\compiler\ti-cgt-arm_20.2.6.LTS\lib\</path>
         <kind>archive</kind>
         <file>rtsv7M4_T_le_v4SPD16_eabi.lib</file>
         <name>fputc.c.obj</name>
      </input_file>
      <input_file id="fl-cf">
         <path>C:\ti\ccs1200\ccs\tools\compiler\ti-cgt-arm_20.2.6.LTS\lib\</path>
         <kind>archive</kind>
         <file>rtsv7M4_T_le_v4SPD16_eabi.lib</file>
         <name>fputs.c.obj</name>
      </input_file>
      <input_file id="fl-d0">
         <path>C:\ti\ccs1200\ccs\tools\compiler\ti-cgt-arm_20.2.6.LTS\lib\</path>
         <kind>archive</kind>
         <file>rtsv7M4_T_le_v4SPD16_eabi.lib</file>
         <name>_io_perm.c.obj</name>
      </input_file>
      <input_file id="fl-d1">
         <path>C:\ti\ccs1200\ccs\tools\compiler\ti-cgt-arm_20.2.6.LTS\lib\</path>
         <kind>archive</kind>
         <file>rtsv7M4_T_le_v4SPD16_eabi.lib</file>
         <name>setvbuf.c.obj</name>
      </input_file>
      <input_file id="fl-d2">
         <path>C:\ti\ccs1200\ccs\tools\compiler\ti-cgt-arm_20.2.6.LTS\lib\</path>
         <kind>archive</kind>
         <file>rtsv7M4_T_le_v4SPD16_eabi.lib</file>
         <name>fd_add_t2.asm.obj</name>
      </input_file>
      <input_file id="fl-d3">
         <path>C:\ti\ccs1200\ccs\tools\compiler\ti-cgt-arm_20.2.6.LTS\lib\</path>
         <kind>archive</kind>
         <file>rtsv7M4_T_le_v4SPD16_eabi.lib</file>
         <name>fd_cmp_t2.asm.obj</name>
      </input_file>
      <input_file id="fl-d4">
         <path>C:\ti\ccs1200\ccs\tools\compiler\ti-cgt-arm_20.2.6.LTS\lib\</path>
         <kind>archive</kind>
         <file>rtsv7M4_T_le_v4SPD16_eabi.lib</file>
         <name>fd_div_t2.asm.obj</name>
      </input_file>
      <input_file id="fl-d5">
         <path>C:\ti\ccs1200\ccs\tools\compiler\ti-cgt-arm_20.2.6.LTS\lib\</path>
         <kind>archive</kind>
         <file>rtsv7M4_T_le_v4SPD16_eabi.lib</file>
         <name>fd_mul_t2.asm.obj</name>
      </input_file>
      <input_file id="fl-d6">
         <path>C:\ti\ccs1200\ccs\tools\compiler\ti-cgt-arm_20.2.6.LTS\lib\</path>
         <kind>archive</kind>
         <file>rtsv7M4_T_le_v4SPD16_eabi.lib</file>
         <name>fd_toi_t2.asm.obj</name>
      </input_file>
      <input_file id="fl-d7">
         <path>C:\ti\ccs1200\ccs\tools\compiler\ti-cgt-arm_20.2.6.LTS\lib\</path>
         <kind>archive</kind>
         <file>rtsv7M4_T_le_v4SPD16_eabi.lib</file>
         <name>fd_tos_t2.asm.obj</name>
      </input_file>
      <input_file id="fl-d8">
         <path>C:\ti\ccs1200\ccs\tools\compiler\ti-cgt-arm_20.2.6.LTS\lib\</path>
         <kind>archive</kind>
         <file>rtsv7M4_T_le_v4SPD16_eabi.lib</file>
         <name>fs_tod_t2.asm.obj</name>
      </input_file>
      <input_file id="fl-d9">
         <path>C:\ti\ccs1200\ccs\tools\compiler\ti-cgt-arm_20.2.6.LTS\lib\</path>
         <kind>archive</kind>
         <file>rtsv7M4_T_le_v4SPD16_eabi.lib</file>
         <name>i_tofd_t2.asm.obj</name>
      </input_file>
      <input_file id="fl-da">
         <path>C:\ti\ccs1200\ccs\tools\compiler\ti-cgt-arm_20.2.6.LTS\lib\</path>
         <kind>archive</kind>
         <file>rtsv7M4_T_le_v4SPD16_eabi.lib</file>
         <name>memcpy_t2.asm.obj</name>
      </input_file>
      <input_file id="fl-db">
         <path>C:\ti\ccs1200\ccs\tools\compiler\ti-cgt-arm_20.2.6.LTS\lib\</path>
         <kind>archive</kind>
         <file>rtsv7M4_T_le_v4SPD16_eabi.lib</file>
         <name>memset_t2.asm.obj</name>
      </input_file>
      <input_file id="fl-dc">
         <path>C:\ti\ccs1200\ccs\tools\compiler\ti-cgt-arm_20.2.6.LTS\lib\</path>
         <kind>archive</kind>
         <file>rtsv7M4_T_le_v4SPD16_eabi.lib</file>
         <name>ull_div_t2.asm.obj</name>
      </input_file>
      <input_file id="fl-dd">
         <path>C:\ti\ccs1200\ccs\tools\compiler\ti-cgt-arm_20.2.6.LTS\lib\</path>
         <kind>archive</kind>
         <file>rtsv7M4_T_le_v4SPD16_eabi.lib</file>
         <name>copy_zero_init.c.obj</name>
      </input_file>
      <input_file id="fl-de">
         <path>C:\ti\ccs1200\ccs\tools\compiler\ti-cgt-arm_20.2.6.LTS\lib\</path>
         <kind>archive</kind>
         <file>rtsv7M4_T_le_v4SPD16_eabi.lib</file>
         <name>copy_decompress_none.c.obj</name>
      </input_file>
      <input_file id="fl-df">
         <path>C:\ti\ccs1200\ccs\tools\compiler\ti-cgt-arm_20.2.6.LTS\lib\</path>
         <kind>archive</kind>
         <file>rtsv7M4_T_le_v4SPD16_eabi.lib</file>
         <name>copy_decompress_lzss.c.obj</name>
      </input_file>
      <input_file id="fl-e0">
         <path>C:\ti\ccs1200\ccs\tools\compiler\ti-cgt-arm_20.2.6.LTS\lib\</path>
         <kind>archive</kind>
         <file>rtsv7M4_T_le_v4SPD16_eabi.lib</file>
         <name>exit.c.obj</name>
      </input_file>
      <input_file id="fl-e1">
         <path>C:\ti\ccs1200\ccs\tools\compiler\ti-cgt-arm_20.2.6.LTS\lib\</path>
         <kind>archive</kind>
         <file>rtsv7M4_T_le_v4SPD16_eabi.lib</file>
         <name>_lock.c.obj</name>
      </input_file>
      <input_file id="fl-e2">
         <path>C:\ti\ccs1200\ccs\tools\compiler\ti-cgt-arm_20.2.6.LTS\lib\</path>
         <kind>archive</kind>
         <file>rtsv7M4_T_le_v4SPD16_eabi.lib</file>
         <name>_ltoa.c.obj</name>
      </input_file>
      <input_file id="fl-e3">
         <path>C:\ti\ccs1200\ccs\tools\compiler\ti-cgt-arm_20.2.6.LTS\lib\</path>
         <kind>archive</kind>
         <file>rtsv7M4_T_le_v4SPD16_eabi.lib</file>
         <name>atoi.c.obj</name>
      </input_file>
      <input_file id="fl-e4">
         <path>C:\ti\ccs1200\ccs\tools\compiler\ti-cgt-arm_20.2.6.LTS\lib\</path>
         <kind>archive</kind>
         <file>rtsv7M4_T_le_v4SPD16_eabi.lib</file>
         <name>ctype.c.obj</name>
      </input_file>
      <input_file id="fl-e5">
         <path>C:\ti\ccs1200\ccs\tools\compiler\ti-cgt-arm_20.2.6.LTS\lib\</path>
         <kind>archive</kind>
         <file>rtsv7M4_T_le_v4SPD16_eabi.lib</file>
         <name>defs.c.obj</name>
      </input_file>
      <input_file id="fl-e6">
         <path>C:\ti\ccs1200\ccs\tools\compiler\ti-cgt-arm_20.2.6.LTS\lib\</path>
         <kind>archive</kind>
         <file>rtsv7M4_T_le_v4SPD16_eabi.lib</file>
         <name>memccpy.c.obj</name>
      </input_file>
      <input_file id="fl-e7">
         <path>C:\ti\ccs1200\ccs\tools\compiler\ti-cgt-arm_20.2.6.LTS\lib\</path>
         <kind>archive</kind>
         <file>rtsv7M4_T_le_v4SPD16_eabi.lib</file>
         <name>memchr.c.obj</name>
      </input_file>
      <input_file id="fl-e8">
         <path>C:\ti\ccs1200\ccs\tools\compiler\ti-cgt-arm_20.2.6.LTS\lib\</path>
         <kind>archive</kind>
         <file>rtsv7M4_T_le_v4SPD16_eabi.lib</file>
         <name>memory.c.obj</name>
      </input_file>
      <input_file id="fl-e9">
         <path>C:\ti\ccs1200\ccs\tools\compiler\ti-cgt-arm_20.2.6.LTS\lib\</path>
         <kind>archive</kind>
         <file>rtsv7M4_T_le_v4SPD16_eabi.lib</file>
         <name>strchr.c.obj</name>
      </input_file>
      <input_file id="fl-ea">
         <path>C:\ti\ccs1200\ccs\tools\compiler\ti-cgt-arm_20.2.6.LTS\lib\</path>
         <kind>archive</kind>
         <file>rtsv7M4_T_le_v4SPD16_eabi.lib</file>
         <name>strcmp.c.obj</name>
      </input_file>
      <input_file id="fl-eb">
         <path>C:\ti\ccs1200\ccs\tools\compiler\ti-cgt-arm_20.2.6.LTS\lib\</path>
         <kind>archive</kind>
         <file>rtsv7M4_T_le_v4SPD16_eabi.lib</file>
         <name>strcpy.c.obj</name>
      </input_file>
      <input_file id="fl-ec">
         <path>C:\ti\ccs1200\ccs\tools\compiler\ti-cgt-arm_20.2.6.LTS\lib\</path>
         <kind>archive</kind>
         <file>rtsv7M4_T_le_v4SPD16_eabi.lib</file>
         <name>strlen.c.obj</name>
      </input_file>
      <input_file id="fl-ed">
         <path>C:\ti\ccs1200\ccs\tools\compiler\ti-cgt-arm_20.2.6.LTS\lib\</path>
         <kind>archive</kind>
         <file>rtsv7M4_T_le_v4SPD16_eabi.lib</file>
         <name>write.c.obj</name>
      </input_file>
      <input_file id="fl-ee">
         <path>C:\ti\ccs1200\ccs\tools\compiler\ti-cgt-arm_20.2.6.LTS\lib\</path>
         <kind>archive</kind>
         <file>rtsv7M4_T_le_v4SPD16_eabi.lib</file>
         <name>host_device.c.obj</name>
      </input_file>
      <input_file id="fl-ef">
         <path>C:\ti\ccs1200\ccs\tools\compiler\ti-cgt-arm_20.2.6.LTS\lib\</path>
         <kind>archive</kind>
         <file>rtsv7M4_T_le_v4SPD16_eabi.lib</file>
         <name>errno.c.obj</name>
      </input_file>
      <input_file id="fl-f0">
         <path>C:\ti\ccs1200\ccs\tools\compiler\ti-cgt-arm_20.2.6.LTS\lib\</path>
         <kind>archive</kind>
         <file>rtsv7M4_T_le_v4SPD16_eabi.lib</file>
         <name>boot_cortex_m.c.obj</name>
      </input_file>
      <input_file id="fl-f1">
         <path>C:\ti\ccs1200\ccs\tools\compiler\ti-cgt-arm_20.2.6.LTS\lib\</path>
         <kind>archive</kind>
         <file>rtsv7M4_T_le_v4SPD16_eabi.lib</file>
         <name>s_frexp.c.obj</name>
      </input_file>
      <input_file id="fl-f2">
         <path>C:\ti\ccs1200\ccs\tools\compiler\ti-cgt-arm_20.2.6.LTS\lib\</path>
         <kind>archive</kind>
         <file>rtsv7M4_T_le_v4SPD16_eabi.lib</file>
         <name>s_scalbn.c.obj</name>
      </input_file>
      <input_file id="fl-f3">
         <path>C:\ti\ccs1200\ccs\tools\compiler\ti-cgt-arm_20.2.6.LTS\lib\</path>
         <kind>archive</kind>
         <file>rtsv7M4_T_le_v4SPD16_eabi.lib</file>
         <name>s_copysign.c.obj</name>
      </input_file>
      <input_file id="fl-f4">
         <path>C:\ti\ccs1200\ccs\tools\compiler\ti-cgt-arm_20.2.6.LTS\lib\</path>
         <kind>archive</kind>
         <file>rtsv7M4_T_le_v4SPD16_eabi.lib</file>
         <name>wcslen.c.obj</name>
      </input_file>
      <input_file id="fl-f5">
         <path>C:\ti\ccs1200\ccs\tools\compiler\ti-cgt-arm_20.2.6.LTS\lib\</path>
         <kind>archive</kind>
         <file>rtsv7M4_T_le_v4SPD16_eabi.lib</file>
         <name>fflush.c.obj</name>
      </input_file>
      <input_file id="fl-f6">
         <path>C:\ti\ccs1200\ccs\tools\compiler\ti-cgt-arm_20.2.6.LTS\lib\</path>
         <kind>archive</kind>
         <file>rtsv7M4_T_le_v4SPD16_eabi.lib</file>
         <name>fopen.c.obj</name>
      </input_file>
      <input_file id="fl-f7">
         <path>C:\ti\ccs1200\ccs\tools\compiler\ti-cgt-arm_20.2.6.LTS\lib\</path>
         <kind>archive</kind>
         <file>rtsv7M4_T_le_v4SPD16_eabi.lib</file>
         <name>fseek.c.obj</name>
      </input_file>
      <input_file id="fl-f8">
         <path>C:\ti\ccs1200\ccs\tools\compiler\ti-cgt-arm_20.2.6.LTS\lib\</path>
         <kind>archive</kind>
         <file>rtsv7M4_T_le_v4SPD16_eabi.lib</file>
         <name>div0.asm.obj</name>
      </input_file>
      <input_file id="fl-f9">
         <path>C:\ti\ccs1200\ccs\tools\compiler\ti-cgt-arm_20.2.6.LTS\lib\</path>
         <kind>archive</kind>
         <file>rtsv7M4_T_le_v4SPD16_eabi.lib</file>
         <name>autoinit.c.obj</name>
      </input_file>
      <input_file id="fl-fa">
         <path>C:\ti\ccs1200\ccs\tools\compiler\ti-cgt-arm_20.2.6.LTS\lib\</path>
         <kind>archive</kind>
         <file>rtsv7M4_T_le_v4SPD16_eabi.lib</file>
         <name>pre_init.c.obj</name>
      </input_file>
      <input_file id="fl-fb">
         <path>C:\ti\ccs1200\ccs\tools\compiler\ti-cgt-arm_20.2.6.LTS\lib\</path>
         <kind>archive</kind>
         <file>rtsv7M4_T_le_v4SPD16_eabi.lib</file>
         <name>cpy_tbl.c.obj</name>
      </input_file>
      <input_file id="fl-fc">
         <path>C:\ti\ccs1200\ccs\tools\compiler\ti-cgt-arm_20.2.6.LTS\lib\</path>
         <kind>archive</kind>
         <file>rtsv7M4_T_le_v4SPD16_eabi.lib</file>
         <name>args_main.c.obj</name>
      </input_file>
      <input_file id="fl-fd">
         <path>C:\ti\ccs1200\ccs\tools\compiler\ti-cgt-arm_20.2.6.LTS\lib\</path>
         <kind>archive</kind>
         <file>rtsv7M4_T_le_v4SPD16_eabi.lib</file>
         <name>hostclose.c.obj</name>
      </input_file>
      <input_file id="fl-fe">
         <path>C:\ti\ccs1200\ccs\tools\compiler\ti-cgt-arm_20.2.6.LTS\lib\</path>
         <kind>archive</kind>
         <file>rtsv7M4_T_le_v4SPD16_eabi.lib</file>
         <name>hostlseek.c.obj</name>
      </input_file>
      <input_file id="fl-ff">
         <path>C:\ti\ccs1200\ccs\tools\compiler\ti-cgt-arm_20.2.6.LTS\lib\</path>
         <kind>archive</kind>
         <file>rtsv7M4_T_le_v4SPD16_eabi.lib</file>
         <name>hostopen.c.obj</name>
      </input_file>
      <input_file id="fl-100">
         <path>C:\ti\ccs1200\ccs\tools\compiler\ti-cgt-arm_20.2.6.LTS\lib\</path>
         <kind>archive</kind>
         <file>rtsv7M4_T_le_v4SPD16_eabi.lib</file>
         <name>hostread.c.obj</name>
      </input_file>
      <input_file id="fl-101">
         <path>C:\ti\ccs1200\ccs\tools\compiler\ti-cgt-arm_20.2.6.LTS\lib\</path>
         <kind>archive</kind>
         <file>rtsv7M4_T_le_v4SPD16_eabi.lib</file>
         <name>hostrename.c.obj</name>
      </input_file>
      <input_file id="fl-102">
         <path>C:\ti\ccs1200\ccs\tools\compiler\ti-cgt-arm_20.2.6.LTS\lib\</path>
         <kind>archive</kind>
         <file>rtsv7M4_T_le_v4SPD16_eabi.lib</file>
         <name>hostunlink.c.obj</name>
      </input_file>
      <input_file id="fl-103">
         <path>C:\ti\ccs1200\ccs\tools\compiler\ti-cgt-arm_20.2.6.LTS\lib\</path>
         <kind>archive</kind>
         <file>rtsv7M4_T_le_v4SPD16_eabi.lib</file>
         <name>hostwrite.c.obj</name>
      </input_file>
      <input_file id="fl-104">
         <path>C:\ti\ccs1200\ccs\tools\compiler\ti-cgt-arm_20.2.6.LTS\lib\</path>
         <kind>archive</kind>
         <file>rtsv7M4_T_le_v4SPD16_eabi.lib</file>
         <name>trgmsg.c.obj</name>
      </input_file>
      <input_file id="fl-105">
         <path>C:\ti\ccs1200\ccs\tools\compiler\ti-cgt-arm_20.2.6.LTS\lib\</path>
         <kind>archive</kind>
         <file>rtsv7M4_T_le_v4SPD16_eabi.lib</file>
         <name>open.c.obj</name>
      </input_file>
      <input_file id="fl-106">
         <path>C:\ti\ccs1200\ccs\tools\compiler\ti-cgt-arm_20.2.6.LTS\lib\</path>
         <kind>archive</kind>
         <file>rtsv7M4_T_le_v4SPD16_eabi.lib</file>
         <name>lseek.c.obj</name>
      </input_file>
      <input_file id="fl-107">
         <path>C:\ti\ccs1200\ccs\tools\compiler\ti-cgt-arm_20.2.6.LTS\lib\</path>
         <kind>archive</kind>
         <file>rtsv7M4_T_le_v4SPD16_eabi.lib</file>
         <name>fclose.c.obj</name>
      </input_file>
      <input_file id="fl-108">
         <path>C:\ti\ccs1200\ccs\tools\compiler\ti-cgt-arm_20.2.6.LTS\lib\</path>
         <kind>archive</kind>
         <file>rtsv7M4_T_le_v4SPD16_eabi.lib</file>
         <name>getdevice.c.obj</name>
      </input_file>
      <input_file id="fl-109">
         <path>C:\ti\ccs1200\ccs\tools\compiler\ti-cgt-arm_20.2.6.LTS\lib\</path>
         <kind>archive</kind>
         <file>rtsv7M4_T_le_v4SPD16_eabi.lib</file>
         <name>strncpy.c.obj</name>
      </input_file>
      <input_file id="fl-10a">
         <path>C:\ti\ccs1200\ccs\tools\compiler\ti-cgt-arm_20.2.6.LTS\lib\</path>
         <kind>archive</kind>
         <file>rtsv7M4_T_le_v4SPD16_eabi.lib</file>
         <name>remove.c.obj</name>
      </input_file>
      <input_file id="fl-10b">
         <path>C:\ti\ccs1200\ccs\tools\compiler\ti-cgt-arm_20.2.6.LTS\lib\</path>
         <kind>archive</kind>
         <file>rtsv7M4_T_le_v4SPD16_eabi.lib</file>
         <name>close.c.obj</name>
      </input_file>
      <input_file id="fl-10c">
         <path>C:\ti\ccs1200\ccs\tools\compiler\ti-cgt-arm_20.2.6.LTS\lib\</path>
         <kind>archive</kind>
         <file>rtsv7M4_T_le_v4SPD16_eabi.lib</file>
         <name>unlink.c.obj</name>
      </input_file>
      <input_file id="fl-10d">
         <path>C:\ti\TivaWare_C_Series-2.2.0.295\driverlib\ccs\Debug\</path>
         <kind>archive</kind>
         <file>driverlib.lib</file>
         <name>interrupt.obj</name>
      </input_file>
      <input_file id="fl-10e">
         <path>C:\ti\TivaWare_C_Series-2.2.0.295\driverlib\ccs\Debug\</path>
         <kind>archive</kind>
         <file>driverlib.lib</file>
         <name>cpu.obj</name>
      </input_file>
   </input_file_list>
   <object_component_list>
      <object_component id="oc-12">
         <name>.intvecs</name>
         <load_address>0x0</load_address>
         <run_address>0x0</run_address>
         <size>0x26c</size>
         <input_file_ref idref="fl-8"/>
      </object_component>
      <object_component id="oc-d7">
         <name>.text</name>
         <load_address>0x26c</load_address>
         <run_address>0x26c</run_address>
         <size>0xc20</size>
         <input_file_ref idref="fl-7"/>
      </object_component>
      <object_component id="oc-29a">
         <name>.text:__TI_printfi</name>
         <load_address>0xe8c</load_address>
         <run_address>0xe8c</run_address>
         <size>0xa4e</size>
         <input_file_ref idref="fl-cb"/>
      </object_component>
      <object_component id="oc-30a">
         <name>.text:_nop</name>
         <load_address>0x18da</load_address>
         <run_address>0x18da</run_address>
         <size>0x2</size>
         <input_file_ref idref="fl-e1"/>
      </object_component>
      <object_component id="oc-fb">
         <name>.text</name>
         <load_address>0x18dc</load_address>
         <run_address>0x18dc</run_address>
         <size>0x460</size>
         <input_file_ref idref="fl-6"/>
      </object_component>
      <object_component id="oc-e3">
         <name>.text</name>
         <load_address>0x1d3c</load_address>
         <run_address>0x1d3c</run_address>
         <size>0x42c</size>
         <input_file_ref idref="fl-3"/>
      </object_component>
      <object_component id="oc-f5">
         <name>.text</name>
         <load_address>0x2168</load_address>
         <run_address>0x2168</run_address>
         <size>0x418</size>
         <input_file_ref idref="fl-5"/>
      </object_component>
      <object_component id="oc-a2">
         <name>.text</name>
         <load_address>0x2580</load_address>
         <run_address>0x2580</run_address>
         <size>0x350</size>
         <input_file_ref idref="fl-4"/>
      </object_component>
      <object_component id="oc-366">
         <name>.text:_pconv_a</name>
         <load_address>0x28d0</load_address>
         <run_address>0x28d0</run_address>
         <size>0x270</size>
         <input_file_ref idref="fl-cb"/>
      </object_component>
      <object_component id="oc-ef">
         <name>.text</name>
         <load_address>0x2b40</load_address>
         <run_address>0x2b40</run_address>
         <size>0x260</size>
         <input_file_ref idref="fl-10"/>
      </object_component>
      <object_component id="oc-dd">
         <name>.text</name>
         <load_address>0x2da0</load_address>
         <run_address>0x2da0</run_address>
         <size>0x248</size>
         <input_file_ref idref="fl-2"/>
      </object_component>
      <object_component id="oc-1d9">
         <name>.text</name>
         <load_address>0x2fe8</load_address>
         <run_address>0x2fe8</run_address>
         <size>0x1ec</size>
         <input_file_ref idref="fl-12"/>
      </object_component>
      <object_component id="oc-354">
         <name>.text:_pconv_g</name>
         <load_address>0x31d4</load_address>
         <run_address>0x31d4</run_address>
         <size>0x1d0</size>
         <input_file_ref idref="fl-cb"/>
      </object_component>
      <object_component id="oc-18a">
         <name>.text</name>
         <load_address>0x33a4</load_address>
         <run_address>0x33a4</run_address>
         <size>0x1b6</size>
         <input_file_ref idref="fl-d2"/>
      </object_component>
      <object_component id="oc-44b">
         <name>.text</name>
         <load_address>0x355a</load_address>
         <run_address>0x355a</run_address>
         <size>0x2</size>
         <input_file_ref idref="fl-f8"/>
      </object_component>
      <object_component id="oc-e9">
         <name>.text</name>
         <load_address>0x355c</load_address>
         <run_address>0x355c</run_address>
         <size>0x15c</size>
         <input_file_ref idref="fl-14"/>
      </object_component>
      <object_component id="oc-1d3">
         <name>.text</name>
         <load_address>0x36b8</load_address>
         <run_address>0x36b8</run_address>
         <size>0x158</size>
         <input_file_ref idref="fl-13"/>
      </object_component>
      <object_component id="oc-360">
         <name>.text:_pconv_e</name>
         <load_address>0x3810</load_address>
         <run_address>0x3810</run_address>
         <size>0x13c</size>
         <input_file_ref idref="fl-cb"/>
      </object_component>
      <object_component id="oc-180">
         <name>.text</name>
         <load_address>0x394c</load_address>
         <run_address>0x394c</run_address>
         <size>0x136</size>
         <input_file_ref idref="fl-d4"/>
      </object_component>
      <object_component id="oc-3ec">
         <name>.text:fcvt</name>
         <load_address>0x3a84</load_address>
         <run_address>0x3a84</run_address>
         <size>0x124</size>
         <input_file_ref idref="fl-cb"/>
      </object_component>
      <object_component id="oc-1df">
         <name>.text</name>
         <load_address>0x3ba8</load_address>
         <run_address>0x3ba8</run_address>
         <size>0x118</size>
         <input_file_ref idref="fl-11"/>
      </object_component>
      <object_component id="oc-3a1">
         <name>.text:fputs</name>
         <load_address>0x3cc0</load_address>
         <run_address>0x3cc0</run_address>
         <size>0x114</size>
         <input_file_ref idref="fl-cf"/>
      </object_component>
      <object_component id="oc-400">
         <name>.text:scalbn</name>
         <load_address>0x3dd4</load_address>
         <run_address>0x3dd4</run_address>
         <size>0x110</size>
         <input_file_ref idref="fl-f2"/>
      </object_component>
      <object_component id="oc-329">
         <name>.text:aligned_alloc</name>
         <load_address>0x3ee4</load_address>
         <run_address>0x3ee4</run_address>
         <size>0x100</size>
         <input_file_ref idref="fl-e8"/>
      </object_component>
      <object_component id="oc-17b">
         <name>.text</name>
         <load_address>0x3fe4</load_address>
         <run_address>0x3fe4</run_address>
         <size>0xfc</size>
         <input_file_ref idref="fl-d5"/>
      </object_component>
      <object_component id="oc-159">
         <name>.text:free</name>
         <load_address>0x40e0</load_address>
         <run_address>0x40e0</run_address>
         <size>0xe4</size>
         <input_file_ref idref="fl-e8"/>
      </object_component>
      <object_component id="oc-480">
         <name>.text:setvbuf</name>
         <load_address>0x41c4</load_address>
         <run_address>0x41c4</run_address>
         <size>0xdc</size>
         <input_file_ref idref="fl-d1"/>
      </object_component>
      <object_component id="oc-34e">
         <name>.text:_ltostr</name>
         <load_address>0x42a0</load_address>
         <run_address>0x42a0</run_address>
         <size>0xb1</size>
         <input_file_ref idref="fl-cb"/>
      </object_component>
      <object_component id="oc-3e">
         <name>.text</name>
         <load_address>0x4352</load_address>
         <run_address>0x4352</run_address>
         <size>0x9c</size>
         <input_file_ref idref="fl-da"/>
      </object_component>
      <object_component id="oc-3d3">
         <name>.text</name>
         <load_address>0x43ee</load_address>
         <run_address>0x43ee</run_address>
         <size>0x96</size>
         <input_file_ref idref="fl-dc"/>
      </object_component>
      <object_component id="oc-3a8">
         <name>.text:fputc</name>
         <load_address>0x4484</load_address>
         <run_address>0x4484</run_address>
         <size>0x8c</size>
         <input_file_ref idref="fl-ce"/>
      </object_component>
      <object_component id="oc-1ee">
         <name>.text:__aeabi_cdcmple</name>
         <load_address>0x4510</load_address>
         <run_address>0x4510</run_address>
         <size>0x86</size>
         <input_file_ref idref="fl-d3"/>
      </object_component>
      <object_component id="oc-1f3">
         <name>.text:__aeabi_cdrcmple</name>
         <load_address>0x4596</load_address>
         <run_address>0x4596</run_address>
         <size>0x86</size>
         <input_file_ref idref="fl-d3"/>
      </object_component>
      <object_component id="oc-96">
         <name>.text</name>
         <load_address>0x461c</load_address>
         <run_address>0x461c</run_address>
         <size>0x7a</size>
         <input_file_ref idref="fl-db"/>
      </object_component>
      <object_component id="oc-4d7">
         <name>.text:__TI_closefile</name>
         <load_address>0x4698</load_address>
         <run_address>0x4698</run_address>
         <size>0x74</size>
         <input_file_ref idref="fl-107"/>
      </object_component>
      <object_component id="oc-3c5">
         <name>.text:split</name>
         <load_address>0x470c</load_address>
         <run_address>0x470c</run_address>
         <size>0x70</size>
         <input_file_ref idref="fl-e8"/>
      </object_component>
      <object_component id="oc-3e5">
         <name>.text:_mcpy</name>
         <load_address>0x477c</load_address>
         <run_address>0x477c</run_address>
         <size>0x6e</size>
         <input_file_ref idref="fl-cb"/>
      </object_component>
      <object_component id="oc-192">
         <name>.text</name>
         <load_address>0x47ea</load_address>
         <run_address>0x47ea</run_address>
         <size>0x6e</size>
         <input_file_ref idref="fl-d7"/>
      </object_component>
      <object_component id="oc-507">
         <name>.text:HOSTrename</name>
         <load_address>0x4858</load_address>
         <run_address>0x4858</run_address>
         <size>0x6c</size>
         <input_file_ref idref="fl-101"/>
      </object_component>
      <object_component id="oc-4fb">
         <name>.text:HOSTlseek</name>
         <load_address>0x48c4</load_address>
         <run_address>0x48c4</run_address>
         <size>0x68</size>
         <input_file_ref idref="fl-fe"/>
      </object_component>
      <object_component id="oc-15">
         <name>.text:decompress:lzss:__TI_decompress_lzss</name>
         <load_address>0x492c</load_address>
         <run_address>0x492c</run_address>
         <size>0x68</size>
         <input_file_ref idref="fl-df"/>
      </object_component>
      <object_component id="oc-205">
         <name>.text:printf</name>
         <load_address>0x4994</load_address>
         <run_address>0x4994</run_address>
         <size>0x68</size>
         <input_file_ref idref="fl-ca"/>
      </object_component>
      <object_component id="oc-3fa">
         <name>.text:frexp</name>
         <load_address>0x49fc</load_address>
         <run_address>0x49fc</run_address>
         <size>0x64</size>
         <input_file_ref idref="fl-f1"/>
      </object_component>
      <object_component id="oc-47a">
         <name>.text:fseek</name>
         <load_address>0x4a60</load_address>
         <run_address>0x4a60</run_address>
         <size>0x64</size>
         <input_file_ref idref="fl-f7"/>
      </object_component>
      <object_component id="oc-429">
         <name>.text:__TI_wrt_ok</name>
         <load_address>0x4ac4</load_address>
         <run_address>0x4ac4</run_address>
         <size>0x62</size>
         <input_file_ref idref="fl-d0"/>
      </object_component>
      <object_component id="oc-4e3">
         <name>.text:HOSTopen</name>
         <load_address>0x4b28</load_address>
         <run_address>0x4b28</run_address>
         <size>0x60</size>
         <input_file_ref idref="fl-ff"/>
      </object_component>
      <object_component id="oc-513">
         <name>.text:close</name>
         <load_address>0x4b88</load_address>
         <run_address>0x4b88</run_address>
         <size>0x5c</size>
         <input_file_ref idref="fl-10b"/>
      </object_component>
      <object_component id="oc-4ef">
         <name>.text:HOSTread</name>
         <load_address>0x4be4</load_address>
         <run_address>0x4be4</run_address>
         <size>0x58</size>
         <input_file_ref idref="fl-100"/>
      </object_component>
      <object_component id="oc-4f5">
         <name>.text:HOSTwrite</name>
         <load_address>0x4c3c</load_address>
         <run_address>0x4c3c</run_address>
         <size>0x58</size>
         <input_file_ref idref="fl-103"/>
      </object_component>
      <object_component id="oc-35a">
         <name>.text:_pconv_f</name>
         <load_address>0x4c94</load_address>
         <run_address>0x4c94</run_address>
         <size>0x56</size>
         <input_file_ref idref="fl-cb"/>
      </object_component>
      <object_component id="oc-3d9">
         <name>.text:__TI_ltoa</name>
         <load_address>0x4cea</load_address>
         <run_address>0x4cea</run_address>
         <size>0x54</size>
         <input_file_ref idref="fl-e2"/>
      </object_component>
      <object_component id="oc-3df">
         <name>.text:_ecpy</name>
         <load_address>0x4d3e</load_address>
         <run_address>0x4d3e</run_address>
         <size>0x52</size>
         <input_file_ref idref="fl-cb"/>
      </object_component>
      <object_component id="oc-435">
         <name>.text:__TI_doflush</name>
         <load_address>0x4d90</load_address>
         <run_address>0x4d90</run_address>
         <size>0x4c</size>
         <input_file_ref idref="fl-f5"/>
      </object_component>
      <object_component id="oc-348">
         <name>.text:atoi</name>
         <load_address>0x4ddc</load_address>
         <run_address>0x4ddc</run_address>
         <size>0x4c</size>
         <input_file_ref idref="fl-e3"/>
      </object_component>
      <object_component id="oc-119">
         <name>.text:exit</name>
         <load_address>0x4e28</load_address>
         <run_address>0x4e28</run_address>
         <size>0x48</size>
         <input_file_ref idref="fl-e0"/>
      </object_component>
      <object_component id="oc-1f8">
         <name>.text</name>
         <load_address>0x4e70</load_address>
         <run_address>0x4e70</run_address>
         <size>0x48</size>
         <input_file_ref idref="fl-d6"/>
      </object_component>
      <object_component id="oc-4e9">
         <name>.text:HOSTclose</name>
         <load_address>0x4eb8</load_address>
         <run_address>0x4eb8</run_address>
         <size>0x44</size>
         <input_file_ref idref="fl-fd"/>
      </object_component>
      <object_component id="oc-501">
         <name>.text:HOSTunlink</name>
         <load_address>0x4efc</load_address>
         <run_address>0x4efc</run_address>
         <size>0x44</size>
         <input_file_ref idref="fl-102"/>
      </object_component>
      <object_component id="oc-11f">
         <name>.text:__TI_auto_init_nobinit_nopinit:__TI_auto_init_nobinit_nopinit</name>
         <load_address>0x4f40</load_address>
         <run_address>0x4f40</run_address>
         <size>0x44</size>
         <input_file_ref idref="fl-f9"/>
      </object_component>
      <object_component id="oc-542">
         <name>.text:getdevice</name>
         <load_address>0x4f84</load_address>
         <run_address>0x4f84</run_address>
         <size>0x44</size>
         <input_file_ref idref="fl-108"/>
      </object_component>
      <object_component id="oc-1ff">
         <name>.text:sprintf</name>
         <load_address>0x4fc8</load_address>
         <run_address>0x4fc8</run_address>
         <size>0x40</size>
         <input_file_ref idref="fl-cc"/>
      </object_component>
      <object_component id="oc-1b6">
         <name>.text:vsnprintf</name>
         <load_address>0x5008</load_address>
         <run_address>0x5008</run_address>
         <size>0x40</size>
         <input_file_ref idref="fl-cd"/>
      </object_component>
      <object_component id="oc-3f2">
         <name>.text:_fcpy</name>
         <load_address>0x5048</load_address>
         <run_address>0x5048</run_address>
         <size>0x3e</size>
         <input_file_ref idref="fl-cb"/>
      </object_component>
      <object_component id="oc-524">
         <name>.text:__TI_writemsg</name>
         <load_address>0x5088</load_address>
         <run_address>0x5088</run_address>
         <size>0x38</size>
         <input_file_ref idref="fl-104"/>
      </object_component>
      <object_component id="oc-153">
         <name>.text:calloc</name>
         <load_address>0x50c0</load_address>
         <run_address>0x50c0</run_address>
         <size>0x38</size>
         <input_file_ref idref="fl-e8"/>
      </object_component>
      <object_component id="oc-197">
         <name>.text</name>
         <load_address>0x50f8</load_address>
         <run_address>0x50f8</run_address>
         <size>0x38</size>
         <input_file_ref idref="fl-d8"/>
      </object_component>
      <object_component id="oc-562">
         <name>.text:strncpy</name>
         <load_address>0x5130</load_address>
         <run_address>0x5130</run_address>
         <size>0x36</size>
         <input_file_ref idref="fl-109"/>
      </object_component>
      <object_component id="oc-16c">
         <name>.text:IntRegister</name>
         <load_address>0x5168</load_address>
         <run_address>0x5168</run_address>
         <size>0x34</size>
         <input_file_ref idref="fl-10d"/>
      </object_component>
      <object_component id="oc-4ae">
         <name>.text:__TI_cleanup</name>
         <load_address>0x519c</load_address>
         <run_address>0x519c</run_address>
         <size>0x34</size>
         <input_file_ref idref="fl-f6"/>
      </object_component>
      <object_component id="oc-52a">
         <name>.text:__TI_readmsg</name>
         <load_address>0x51d0</load_address>
         <run_address>0x51d0</run_address>
         <size>0x34</size>
         <input_file_ref idref="fl-104"/>
      </object_component>
      <object_component id="oc-5c">
         <name>.text:_c_int00_noargs:_c_int00_noargs</name>
         <load_address>0x5204</load_address>
         <run_address>0x5204</run_address>
         <size>0x34</size>
         <input_file_ref idref="fl-f0"/>
      </object_component>
      <object_component id="oc-2a0">
         <name>.text:_outs</name>
         <load_address>0x5238</load_address>
         <run_address>0x5238</run_address>
         <size>0x30</size>
         <input_file_ref idref="fl-cd"/>
      </object_component>
      <object_component id="oc-568">
         <name>.text:finddevice</name>
         <load_address>0x5268</load_address>
         <run_address>0x5268</run_address>
         <size>0x30</size>
         <input_file_ref idref="fl-108"/>
      </object_component>
      <object_component id="oc-185">
         <name>.text</name>
         <load_address>0x5298</load_address>
         <run_address>0x5298</run_address>
         <size>0x2e</size>
         <input_file_ref idref="fl-d9"/>
      </object_component>
      <object_component id="oc-519">
         <name>.text:unlink</name>
         <load_address>0x52c8</load_address>
         <run_address>0x52c8</run_address>
         <size>0x2c</size>
         <input_file_ref idref="fl-10c"/>
      </object_component>
      <object_component id="oc-270">
         <name>.text:free_list_insert</name>
         <load_address>0x52f4</load_address>
         <run_address>0x52f4</run_address>
         <size>0x28</size>
         <input_file_ref idref="fl-e8"/>
      </object_component>
      <object_component id="oc-4a6">
         <name>.text:lseek</name>
         <load_address>0x531c</load_address>
         <run_address>0x531c</run_address>
         <size>0x28</size>
         <input_file_ref idref="fl-106"/>
      </object_component>
      <object_component id="oc-43b">
         <name>.text:write</name>
         <load_address>0x5344</load_address>
         <run_address>0x5344</run_address>
         <size>0x28</size>
         <input_file_ref idref="fl-ed"/>
      </object_component>
      <object_component id="oc-42f">
         <name>.text:memchr</name>
         <load_address>0x536c</load_address>
         <run_address>0x536c</run_address>
         <size>0x20</size>
         <input_file_ref idref="fl-e7"/>
      </object_component>
      <object_component id="oc-26a">
         <name>.text:free_list_remove</name>
         <load_address>0x538c</load_address>
         <run_address>0x538c</run_address>
         <size>0x1c</size>
         <input_file_ref idref="fl-e8"/>
      </object_component>
      <object_component id="oc-36c">
         <name>.text:memccpy</name>
         <load_address>0x53a8</load_address>
         <run_address>0x53a8</run_address>
         <size>0x1c</size>
         <input_file_ref idref="fl-e6"/>
      </object_component>
      <object_component id="oc-45e">
         <name>.text:copysign</name>
         <load_address>0x53c4</load_address>
         <run_address>0x53c4</run_address>
         <size>0x1a</size>
         <input_file_ref idref="fl-f3"/>
      </object_component>
      <object_component id="oc-2a6">
         <name>.text:_outc</name>
         <load_address>0x53de</load_address>
         <run_address>0x53de</run_address>
         <size>0x18</size>
         <input_file_ref idref="fl-cd"/>
      </object_component>
      <object_component id="oc-2dd">
         <name>.text:_outs</name>
         <load_address>0x53f6</load_address>
         <run_address>0x53f6</run_address>
         <size>0x18</size>
         <input_file_ref idref="fl-cc"/>
      </object_component>
      <object_component id="oc-15f">
         <name>.text:oi_parseInt</name>
         <load_address>0x540e</load_address>
         <run_address>0x540e</run_address>
         <size>0x18</size>
         <input_file_ref idref="fl-7"/>
      </object_component>
      <object_component id="oc-166">
         <name>.text:strcmp</name>
         <load_address>0x5426</load_address>
         <run_address>0x5426</run_address>
         <size>0x18</size>
         <input_file_ref idref="fl-ea"/>
      </object_component>
      <object_component id="oc-406">
         <name>.text:strchr</name>
         <load_address>0x543e</load_address>
         <run_address>0x543e</run_address>
         <size>0x16</size>
         <input_file_ref idref="fl-e9"/>
      </object_component>
      <object_component id="oc-1bc">
         <name>.text:strcpy</name>
         <load_address>0x5454</load_address>
         <run_address>0x5454</run_address>
         <size>0x14</size>
         <input_file_ref idref="fl-eb"/>
      </object_component>
      <object_component id="oc-1b0">
         <name>.text:strlen</name>
         <load_address>0x5468</load_address>
         <run_address>0x5468</run_address>
         <size>0x14</size>
         <input_file_ref idref="fl-ec"/>
      </object_component>
      <object_component id="oc-372">
         <name>.text:wcslen</name>
         <load_address>0x547c</load_address>
         <run_address>0x547c</run_address>
         <size>0x12</size>
         <input_file_ref idref="fl-f4"/>
      </object_component>
      <object_component id="oc-172">
         <name>.text:IntMasterEnable</name>
         <load_address>0x548e</load_address>
         <run_address>0x548e</run_address>
         <size>0x10</size>
         <input_file_ref idref="fl-10d"/>
      </object_component>
      <object_component id="oc-1a9">
         <name>.text:lcd_clear</name>
         <load_address>0x549e</load_address>
         <run_address>0x549e</run_address>
         <size>0x10</size>
         <input_file_ref idref="fl-3"/>
      </object_component>
      <object_component id="oc-1b">
         <name>.text:decompress:none:__TI_decompress_none</name>
         <load_address>0x54ae</load_address>
         <run_address>0x54ae</run_address>
         <size>0xe</size>
         <input_file_ref idref="fl-de"/>
      </object_component>
      <object_component id="oc-283">
         <name>.text:CPUcpsie</name>
         <load_address>0x54bc</load_address>
         <run_address>0x54bc</run_address>
         <size>0xc</size>
         <input_file_ref idref="fl-10e"/>
      </object_component>
      <object_component id="oc-50">
         <name>.text:decompress:ZI:__TI_zero_init</name>
         <load_address>0x54c8</load_address>
         <run_address>0x54c8</run_address>
         <size>0xc</size>
         <input_file_ref idref="fl-dd"/>
      </object_component>
      <object_component id="oc-2a">
         <name>.text</name>
         <load_address>0x54d4</load_address>
         <run_address>0x54d4</run_address>
         <size>0xc</size>
         <input_file_ref idref="fl-8"/>
      </object_component>
      <object_component id="oc-2e3">
         <name>.text:_outc</name>
         <load_address>0x54e0</load_address>
         <run_address>0x54e0</run_address>
         <size>0xa</size>
         <input_file_ref idref="fl-cc"/>
      </object_component>
      <object_component id="oc-378">
         <name>.text:__aeabi_errno_addr</name>
         <load_address>0x54ec</load_address>
         <run_address>0x54ec</run_address>
         <size>0x8</size>
         <input_file_ref idref="fl-ef"/>
      </object_component>
      <object_component id="oc-263">
         <name>.text:malloc</name>
         <load_address>0x54f4</load_address>
         <run_address>0x54f4</run_address>
         <size>0x8</size>
         <input_file_ref idref="fl-e8"/>
      </object_component>
      <object_component id="oc-2f4">
         <name>.text:_outc</name>
         <load_address>0x54fc</load_address>
         <run_address>0x54fc</run_address>
         <size>0x4</size>
         <input_file_ref idref="fl-ca"/>
      </object_component>
      <object_component id="oc-2ee">
         <name>.text:_outs</name>
         <load_address>0x5500</load_address>
         <run_address>0x5500</run_address>
         <size>0x4</size>
         <input_file_ref idref="fl-ca"/>
      </object_component>
      <object_component id="oc-9c">
         <name>.text:_system_pre_init</name>
         <load_address>0x5504</load_address>
         <run_address>0x5504</run_address>
         <size>0x4</size>
         <input_file_ref idref="fl-fa"/>
      </object_component>
      <object_component id="oc-113">
         <name>.text:abort:abort</name>
         <load_address>0x5508</load_address>
         <run_address>0x5508</run_address>
         <size>0x4</size>
         <input_file_ref idref="fl-e0"/>
      </object_component>
      <object_component id="oc-3ce">
         <name>.const:.string:_ctypes_</name>
         <load_address>0x550c</load_address>
         <run_address>0x550c</run_address>
         <size>0x101</size>
         <input_file_ref idref="fl-e4"/>
      </object_component>
      <object_component id="oc-18f">
         <name>.const:.string:$P$T0$3</name>
         <load_address>0x560d</load_address>
         <run_address>0x560d</run_address>
         <size>0xf</size>
         <input_file_ref idref="fl-7"/>
      </object_component>
      <object_component id="oc-1c2">
         <name>.const:.string:lineAddress$1</name>
         <load_address>0x561c</load_address>
         <run_address>0x561c</run_address>
         <size>0x4</size>
         <input_file_ref idref="fl-3"/>
      </object_component>
      <object_component id="oc-1c3">
         <name>.const:.string:lineAddresses$2</name>
         <load_address>0x5620</load_address>
         <run_address>0x5620</run_address>
         <size>0x4</size>
         <input_file_ref idref="fl-3"/>
      </object_component>
      <object_component id="oc-20e">
         <name>.const:.string:$P$T1$2</name>
         <load_address>0x5624</load_address>
         <run_address>0x5624</run_address>
         <size>0x3</size>
         <input_file_ref idref="fl-6"/>
      </object_component>
      <object_component id="oc-21a">
         <name>.const:.string:$P$T5$6</name>
         <load_address>0x5627</load_address>
         <run_address>0x5627</run_address>
         <size>0x3</size>
         <input_file_ref idref="fl-6"/>
      </object_component>
      <object_component id="oc-20b">
         <name>.const:.string:$P$T0$1</name>
         <load_address>0x562a</load_address>
         <run_address>0x562a</run_address>
         <size>0x2</size>
         <input_file_ref idref="fl-6"/>
      </object_component>
      <object_component id="oc-211">
         <name>.const:.string:$P$T2$3</name>
         <load_address>0x562c</load_address>
         <run_address>0x562c</run_address>
         <size>0x2</size>
         <input_file_ref idref="fl-6"/>
      </object_component>
      <object_component id="oc-214">
         <name>.const:.string:$P$T3$4</name>
         <load_address>0x562e</load_address>
         <run_address>0x562e</run_address>
         <size>0x2</size>
         <input_file_ref idref="fl-6"/>
      </object_component>
      <object_component id="oc-217">
         <name>.const:.string:$P$T4$5</name>
         <load_address>0x5630</load_address>
         <run_address>0x5630</run_address>
         <size>0x2</size>
         <input_file_ref idref="fl-6"/>
      </object_component>
      <object_component id="oc-5ae">
         <name>.cinit..data.load</name>
         <load_address>0x5638</load_address>
         <run_address>0x5638</run_address>
         <size>0x70</size>
      </object_component>
      <object_component id="oc-5ab">
         <name>__TI_handler_table</name>
         <load_address>0x56a8</load_address>
         <run_address>0x56a8</run_address>
         <size>0xc</size>
      </object_component>
      <object_component id="oc-5af">
         <name>.cinit..bss.load</name>
         <load_address>0x56b8</load_address>
         <run_address>0x56b8</run_address>
         <size>0x8</size>
      </object_component>
      <object_component id="oc-5ad">
         <name>.cinit..vtable.load</name>
         <load_address>0x56c0</load_address>
         <run_address>0x56c0</run_address>
         <size>0x8</size>
      </object_component>
      <object_component id="oc-5ac">
         <name>__TI_cinit_table</name>
         <load_address>0x56c8</load_address>
         <run_address>0x56c8</run_address>
         <size>0x18</size>
      </object_component>
      <object_component id="oc-279">
         <name>.vtable</name>
         <uninitialized>true</uninitialized>
         <run_address>0x20000000</run_address>
         <size>0x26c</size>
         <input_file_ref idref="fl-10d"/>
      </object_component>
      <object_component id="oc-1a4">
         <name>.data</name>
         <load_address>0x200027fc</load_address>
         <run_address>0x200027fc</run_address>
         <size>0x1</size>
         <input_file_ref idref="fl-2"/>
      </object_component>
      <object_component id="oc-104">
         <name>.data</name>
         <load_address>0x200027f4</load_address>
         <run_address>0x200027f4</run_address>
         <size>0x4</size>
         <input_file_ref idref="fl-4"/>
      </object_component>
      <object_component id="oc-178">
         <name>.data</name>
         <load_address>0x200027a0</load_address>
         <run_address>0x200027a0</run_address>
         <size>0x20</size>
         <input_file_ref idref="fl-7"/>
      </object_component>
      <object_component id="oc-1e5">
         <name>.data</name>
         <load_address>0x200027ec</load_address>
         <run_address>0x200027ec</run_address>
         <size>0x4</size>
         <input_file_ref idref="fl-10"/>
      </object_component>
      <object_component id="oc-1cf">
         <name>.data</name>
         <load_address>0x200027f0</load_address>
         <run_address>0x200027f0</run_address>
         <size>0x4</size>
         <input_file_ref idref="fl-14"/>
      </object_component>
      <object_component id="oc-244">
         <name>.data:$O1$$</name>
         <load_address>0x200027d0</load_address>
         <run_address>0x200027d0</run_address>
         <size>0xc</size>
         <input_file_ref idref="fl-e0"/>
      </object_component>
      <object_component id="oc-247">
         <name>.data:$O1$$</name>
         <load_address>0x200027dc</load_address>
         <run_address>0x200027dc</run_address>
         <size>0x8</size>
         <input_file_ref idref="fl-e1"/>
      </object_component>
      <object_component id="oc-2eb">
         <name>.data:_ftable</name>
         <load_address>0x200025e8</load_address>
         <run_address>0x200025e8</run_address>
         <size>0xf0</size>
         <input_file_ref idref="fl-e5"/>
      </object_component>
      <object_component id="oc-4dd">
         <name>.data</name>
         <load_address>0x200027c0</load_address>
         <run_address>0x200027c0</run_address>
         <size>0x10</size>
         <input_file_ref idref="fl-e5"/>
      </object_component>
      <object_component id="oc-330">
         <name>.data:$O1$$</name>
         <load_address>0x200027e4</load_address>
         <run_address>0x200027e4</run_address>
         <size>0x8</size>
         <input_file_ref idref="fl-e8"/>
      </object_component>
      <object_component id="oc-4c1">
         <name>.data:_device</name>
         <load_address>0x200026d8</load_address>
         <run_address>0x200026d8</run_address>
         <size>0x78</size>
         <input_file_ref idref="fl-ee"/>
      </object_component>
      <object_component id="oc-48c">
         <name>.data:_stream</name>
         <load_address>0x20002750</load_address>
         <run_address>0x20002750</run_address>
         <size>0x50</size>
         <input_file_ref idref="fl-ee"/>
      </object_component>
      <object_component id="oc-416">
         <name>.data</name>
         <load_address>0x200027f8</load_address>
         <run_address>0x200027f8</run_address>
         <size>0x4</size>
         <input_file_ref idref="fl-ef"/>
      </object_component>
      <object_component id="oc-1c4">
         <name>.bss:lastbuffer$3</name>
         <uninitialized>true</uninitialized>
         <run_address>0x20002520</run_address>
         <size>0x54</size>
         <input_file_ref idref="fl-3"/>
      </object_component>
      <object_component id="oc-19c">
         <name>.bss:firmware$2</name>
         <uninitialized>true</uninitialized>
         <run_address>0x200025a8</run_address>
         <size>0x18</size>
         <input_file_ref idref="fl-7"/>
      </object_component>
      <object_component id="oc-54c">
         <name>.bss:_CIOBUF_</name>
         <uninitialized>true</uninitialized>
         <run_address>0x20002270</run_address>
         <size>0x120</size>
         <input_file_ref idref="fl-104"/>
      </object_component>
      <object_component id="oc-1a7">
         <name>.common:_timeout_ticks</name>
         <uninitialized>true</uninitialized>
         <run_address>0x200025c8</run_address>
         <size>0x4</size>
      </object_component>
      <object_component id="oc-107">
         <name>.common:right_calibration_value</name>
         <uninitialized>true</uninitialized>
         <run_address>0x200025dc</run_address>
         <size>0x4</size>
      </object_component>
      <object_component id="oc-10c">
         <name>.common:left_calibration_value</name>
         <uninitialized>true</uninitialized>
         <run_address>0x200025d4</run_address>
         <size>0x4</size>
      </object_component>
      <object_component id="oc-101">
         <name>.common:arr_objects</name>
         <uninitialized>true</uninitialized>
         <run_address>0x20002390</run_address>
         <size>0xf0</size>
      </object_component>
      <object_component id="oc-2d2">
         <name>.common:isr_int_value</name>
         <uninitialized>true</uninitialized>
         <run_address>0x200025d0</run_address>
         <size>0x4</size>
      </object_component>
      <object_component id="oc-2ce">
         <name>.common:risingEdge</name>
         <uninitialized>true</uninitialized>
         <run_address>0x200025e0</run_address>
         <size>0x4</size>
      </object_component>
      <object_component id="oc-2cf">
         <name>.common:fallingEdge</name>
         <uninitialized>true</uninitialized>
         <run_address>0x200025cc</run_address>
         <size>0x4</size>
      </object_component>
      <object_component id="oc-2d0">
         <name>.common:pulseLength</name>
         <uninitialized>true</uninitialized>
         <run_address>0x200025d8</run_address>
         <size>0x4</size>
      </object_component>
      <object_component id="oc-2cb">
         <name>.common:isRisingEdge</name>
         <uninitialized>true</uninitialized>
         <run_address>0x200025e4</run_address>
         <size>0x1</size>
      </object_component>
      <object_component id="oc-1cc">
         <name>.common:isr_char_buffer</name>
         <uninitialized>true</uninitialized>
         <run_address>0x20002574</run_address>
         <size>0x34</size>
      </object_component>
      <object_component id="oc-51f">
         <name>.common:__TI_tmpnams</name>
         <uninitialized>true</uninitialized>
         <run_address>0x20002480</run_address>
         <size>0xa0</size>
      </object_component>
      <object_component id="oc-530">
         <name>.common:parmbuf</name>
         <uninitialized>true</uninitialized>
         <run_address>0x200025c0</run_address>
         <size>0x8</size>
      </object_component>
      <object_component id="oc-24">
         <name>.sysmem</name>
         <uninitialized>true</uninitialized>
         <run_address>0x20001270</run_address>
         <size>0x10</size>
         <input_file_ref idref="fl-e8"/>
      </object_component>
      <object_component id="oc-5b2">
         <name>.sysmem</name>
         <uninitialized>true</uninitialized>
         <run_address>0x20001270</run_address>
         <size>0x0</size>
      </object_component>
      <object_component id="oc-27">
         <name>.stack</name>
         <uninitialized>true</uninitialized>
         <run_address>0x20000270</run_address>
         <size>0x4</size>
         <input_file_ref idref="fl-f0"/>
      </object_component>
      <object_component id="oc-5b1">
         <name>.stack</name>
         <uninitialized>true</uninitialized>
         <run_address>0x20000270</run_address>
         <size>0x0</size>
      </object_component>
      <object_component id="oc-c5">
         <name>.debug_info</name>
         <load_address>0x0</load_address>
         <run_address>0x0</run_address>
         <size>0x2b1</size>
         <input_file_ref idref="fl-2"/>
      </object_component>
      <object_component id="oc-1a5">
         <name>.debug_info</name>
         <load_address>0x2b1</load_address>
         <run_address>0x2b1</run_address>
         <size>0xbf</size>
         <input_file_ref idref="fl-2"/>
      </object_component>
      <object_component id="oc-e1">
         <name>.debug_info</name>
         <load_address>0x370</load_address>
         <run_address>0x370</run_address>
         <size>0x507</size>
         <input_file_ref idref="fl-2"/>
      </object_component>
      <object_component id="oc-77">
         <name>.debug_info</name>
         <load_address>0x877</load_address>
         <run_address>0x877</run_address>
         <size>0x26b</size>
         <input_file_ref idref="fl-2"/>
      </object_component>
      <object_component id="oc-39">
         <name>.debug_info</name>
         <load_address>0xae2</load_address>
         <run_address>0xae2</run_address>
         <size>0x84</size>
         <input_file_ref idref="fl-2"/>
      </object_component>
      <object_component id="oc-c0">
         <name>.debug_info</name>
         <load_address>0xb66</load_address>
         <run_address>0xb66</run_address>
         <size>0x2a4</size>
         <input_file_ref idref="fl-2"/>
      </object_component>
      <object_component id="oc-7c">
         <name>.debug_info</name>
         <load_address>0xe0a</load_address>
         <run_address>0xe0a</run_address>
         <size>0xbb</size>
         <input_file_ref idref="fl-2"/>
      </object_component>
      <object_component id="oc-1c6">
         <name>.debug_info</name>
         <load_address>0xec5</load_address>
         <run_address>0xec5</run_address>
         <size>0x3af</size>
         <input_file_ref idref="fl-3"/>
      </object_component>
      <object_component id="oc-1aa">
         <name>.debug_info</name>
         <load_address>0x1274</load_address>
         <run_address>0x1274</run_address>
         <size>0x114</size>
         <input_file_ref idref="fl-3"/>
      </object_component>
      <object_component id="oc-e4">
         <name>.debug_info</name>
         <load_address>0x1388</load_address>
         <run_address>0x1388</run_address>
         <size>0xa72</size>
         <input_file_ref idref="fl-3"/>
      </object_component>
      <object_component id="oc-23c">
         <name>.debug_info</name>
         <load_address>0x1dfa</load_address>
         <run_address>0x1dfa</run_address>
         <size>0xcc</size>
         <input_file_ref idref="fl-3"/>
      </object_component>
      <object_component id="oc-1c7">
         <name>.debug_info</name>
         <load_address>0x1ec6</load_address>
         <run_address>0x1ec6</run_address>
         <size>0x2c</size>
         <input_file_ref idref="fl-3"/>
      </object_component>
      <object_component id="oc-22e">
         <name>.debug_info</name>
         <load_address>0x1ef2</load_address>
         <run_address>0x1ef2</run_address>
         <size>0x35</size>
         <input_file_ref idref="fl-3"/>
      </object_component>
      <object_component id="oc-102">
         <name>.debug_info</name>
         <load_address>0x1f27</load_address>
         <run_address>0x1f27</run_address>
         <size>0x657</size>
         <input_file_ref idref="fl-4"/>
      </object_component>
      <object_component id="oc-105">
         <name>.debug_info</name>
         <load_address>0x257e</load_address>
         <run_address>0x257e</run_address>
         <size>0xc2</size>
         <input_file_ref idref="fl-4"/>
      </object_component>
      <object_component id="oc-a3">
         <name>.debug_info</name>
         <load_address>0x2640</load_address>
         <run_address>0x2640</run_address>
         <size>0x57f</size>
         <input_file_ref idref="fl-4"/>
      </object_component>
      <object_component id="oc-220">
         <name>.debug_info</name>
         <load_address>0x2bbf</load_address>
         <run_address>0x2bbf</run_address>
         <size>0x5aa</size>
         <input_file_ref idref="fl-4"/>
      </object_component>
      <object_component id="oc-10e">
         <name>.debug_info</name>
         <load_address>0x3169</load_address>
         <run_address>0x3169</run_address>
         <size>0x9d</size>
         <input_file_ref idref="fl-4"/>
      </object_component>
      <object_component id="oc-225">
         <name>.debug_info</name>
         <load_address>0x3206</load_address>
         <run_address>0x3206</run_address>
         <size>0x31</size>
         <input_file_ref idref="fl-4"/>
      </object_component>
      <object_component id="oc-229">
         <name>.debug_info</name>
         <load_address>0x3237</load_address>
         <run_address>0x3237</run_address>
         <size>0x69</size>
         <input_file_ref idref="fl-4"/>
      </object_component>
      <object_component id="oc-1fe">
         <name>.debug_info</name>
         <load_address>0x32a0</load_address>
         <run_address>0x32a0</run_address>
         <size>0x312</size>
         <input_file_ref idref="fl-5"/>
      </object_component>
      <object_component id="oc-f6">
         <name>.debug_info</name>
         <load_address>0x35b2</load_address>
         <run_address>0x35b2</run_address>
         <size>0x96f</size>
         <input_file_ref idref="fl-5"/>
      </object_component>
      <object_component id="oc-108">
         <name>.debug_info</name>
         <load_address>0x3f21</load_address>
         <run_address>0x3f21</run_address>
         <size>0x414</size>
         <input_file_ref idref="fl-6"/>
      </object_component>
      <object_component id="oc-20c">
         <name>.debug_info</name>
         <load_address>0x4335</load_address>
         <run_address>0x4335</run_address>
         <size>0xbe</size>
         <input_file_ref idref="fl-6"/>
      </object_component>
      <object_component id="oc-20f">
         <name>.debug_info</name>
         <load_address>0x43f3</load_address>
         <run_address>0x43f3</run_address>
         <size>0xbe</size>
         <input_file_ref idref="fl-6"/>
      </object_component>
      <object_component id="oc-212">
         <name>.debug_info</name>
         <load_address>0x44b1</load_address>
         <run_address>0x44b1</run_address>
         <size>0xbe</size>
         <input_file_ref idref="fl-6"/>
      </object_component>
      <object_component id="oc-215">
         <name>.debug_info</name>
         <load_address>0x456f</load_address>
         <run_address>0x456f</run_address>
         <size>0xbe</size>
         <input_file_ref idref="fl-6"/>
      </object_component>
      <object_component id="oc-218">
         <name>.debug_info</name>
         <load_address>0x462d</load_address>
         <run_address>0x462d</run_address>
         <size>0xbe</size>
         <input_file_ref idref="fl-6"/>
      </object_component>
      <object_component id="oc-21b">
         <name>.debug_info</name>
         <load_address>0x46eb</load_address>
         <run_address>0x46eb</run_address>
         <size>0xbe</size>
         <input_file_ref idref="fl-6"/>
      </object_component>
      <object_component id="oc-fc">
         <name>.debug_info</name>
         <load_address>0x47a9</load_address>
         <run_address>0x47a9</run_address>
         <size>0x798</size>
         <input_file_ref idref="fl-6"/>
      </object_component>
      <object_component id="oc-237">
         <name>.debug_info</name>
         <load_address>0x4f41</load_address>
         <run_address>0x4f41</run_address>
         <size>0x69</size>
         <input_file_ref idref="fl-6"/>
      </object_component>
      <object_component id="oc-19e">
         <name>.debug_info</name>
         <load_address>0x4faa</load_address>
         <run_address>0x4faa</run_address>
         <size>0x3fc</size>
         <input_file_ref idref="fl-7"/>
      </object_component>
      <object_component id="oc-179">
         <name>.debug_info</name>
         <load_address>0x53a6</load_address>
         <run_address>0x53a6</run_address>
         <size>0x111</size>
         <input_file_ref idref="fl-7"/>
      </object_component>
      <object_component id="oc-190">
         <name>.debug_info</name>
         <load_address>0x54b7</load_address>
         <run_address>0x54b7</run_address>
         <size>0xc6</size>
         <input_file_ref idref="fl-7"/>
      </object_component>
      <object_component id="oc-161">
         <name>.debug_info</name>
         <load_address>0x557d</load_address>
         <run_address>0x557d</run_address>
         <size>0x13e</size>
         <input_file_ref idref="fl-7"/>
      </object_component>
      <object_component id="oc-d9">
         <name>.debug_info</name>
         <load_address>0x56bb</load_address>
         <run_address>0x56bb</run_address>
         <size>0x1988</size>
         <input_file_ref idref="fl-7"/>
      </object_component>
      <object_component id="oc-19f">
         <name>.debug_info</name>
         <load_address>0x7043</load_address>
         <run_address>0x7043</run_address>
         <size>0x8b</size>
         <input_file_ref idref="fl-7"/>
      </object_component>
      <object_component id="oc-32">
         <name>.debug_info</name>
         <load_address>0x70ce</load_address>
         <run_address>0x70ce</run_address>
         <size>0x29b</size>
         <input_file_ref idref="fl-8"/>
      </object_component>
      <object_component id="oc-13">
         <name>.debug_info</name>
         <load_address>0x7369</load_address>
         <run_address>0x7369</run_address>
         <size>0xda</size>
         <input_file_ref idref="fl-8"/>
      </object_component>
      <object_component id="oc-2e">
         <name>.debug_info</name>
         <load_address>0x7443</load_address>
         <run_address>0x7443</run_address>
         <size>0x256</size>
         <input_file_ref idref="fl-8"/>
      </object_component>
      <object_component id="oc-10a">
         <name>.debug_info</name>
         <load_address>0x7699</load_address>
         <run_address>0x7699</run_address>
         <size>0x485</size>
         <input_file_ref idref="fl-10"/>
      </object_component>
      <object_component id="oc-1e6">
         <name>.debug_info</name>
         <load_address>0x7b1e</load_address>
         <run_address>0x7b1e</run_address>
         <size>0x114</size>
         <input_file_ref idref="fl-10"/>
      </object_component>
      <object_component id="oc-f1">
         <name>.debug_info</name>
         <load_address>0x7c32</load_address>
         <run_address>0x7c32</run_address>
         <size>0x4ce</size>
         <input_file_ref idref="fl-10"/>
      </object_component>
      <object_component id="oc-1e9">
         <name>.debug_info</name>
         <load_address>0x8100</load_address>
         <run_address>0x8100</run_address>
         <size>0x9d</size>
         <input_file_ref idref="fl-10"/>
      </object_component>
      <object_component id="oc-2d3">
         <name>.debug_info</name>
         <load_address>0x819d</load_address>
         <run_address>0x819d</run_address>
         <size>0x2b7</size>
         <input_file_ref idref="fl-11"/>
      </object_component>
      <object_component id="oc-1e0">
         <name>.debug_info</name>
         <load_address>0x8454</load_address>
         <run_address>0x8454</run_address>
         <size>0x266</size>
         <input_file_ref idref="fl-11"/>
      </object_component>
      <object_component id="oc-2cc">
         <name>.debug_info</name>
         <load_address>0x86ba</load_address>
         <run_address>0x86ba</run_address>
         <size>0x3ba</size>
         <input_file_ref idref="fl-12"/>
      </object_component>
      <object_component id="oc-1da">
         <name>.debug_info</name>
         <load_address>0x8a74</load_address>
         <run_address>0x8a74</run_address>
         <size>0x270</size>
         <input_file_ref idref="fl-12"/>
      </object_component>
      <object_component id="oc-1d4">
         <name>.debug_info</name>
         <load_address>0x8ce4</load_address>
         <run_address>0x8ce4</run_address>
         <size>0x296</size>
         <input_file_ref idref="fl-13"/>
      </object_component>
      <object_component id="oc-1cd">
         <name>.debug_info</name>
         <load_address>0x8f7a</load_address>
         <run_address>0x8f7a</run_address>
         <size>0x326</size>
         <input_file_ref idref="fl-14"/>
      </object_component>
      <object_component id="oc-1d0">
         <name>.debug_info</name>
         <load_address>0x92a0</load_address>
         <run_address>0x92a0</run_address>
         <size>0xee</size>
         <input_file_ref idref="fl-14"/>
      </object_component>
      <object_component id="oc-ec">
         <name>.debug_info</name>
         <load_address>0x938e</load_address>
         <run_address>0x938e</run_address>
         <size>0x43b</size>
         <input_file_ref idref="fl-14"/>
      </object_component>
      <object_component id="oc-2c3">
         <name>.debug_info</name>
         <load_address>0x97c9</load_address>
         <run_address>0x97c9</run_address>
         <size>0x26b</size>
         <input_file_ref idref="fl-14"/>
      </object_component>
      <object_component id="oc-390">
         <name>.debug_info</name>
         <load_address>0x9a34</load_address>
         <run_address>0x9a34</run_address>
         <size>0x297</size>
         <input_file_ref idref="fl-14"/>
      </object_component>
      <object_component id="oc-2be">
         <name>.debug_info</name>
         <load_address>0x9ccb</load_address>
         <run_address>0x9ccb</run_address>
         <size>0xbb</size>
         <input_file_ref idref="fl-14"/>
      </object_component>
      <object_component id="oc-2fb">
         <name>.debug_info</name>
         <load_address>0x9d86</load_address>
         <run_address>0x9d86</run_address>
         <size>0x3e5</size>
         <input_file_ref idref="fl-ca"/>
      </object_component>
      <object_component id="oc-2f8">
         <name>.debug_info</name>
         <load_address>0xa16b</load_address>
         <run_address>0xa16b</run_address>
         <size>0x157</size>
         <input_file_ref idref="fl-ca"/>
      </object_component>
      <object_component id="oc-2f0">
         <name>.debug_info</name>
         <load_address>0xa2c2</load_address>
         <run_address>0xa2c2</run_address>
         <size>0x166</size>
         <input_file_ref idref="fl-ca"/>
      </object_component>
      <object_component id="oc-209">
         <name>.debug_info</name>
         <load_address>0xa428</load_address>
         <run_address>0xa428</run_address>
         <size>0x1ac</size>
         <input_file_ref idref="fl-ca"/>
      </object_component>
      <object_component id="oc-3b1">
         <name>.debug_info</name>
         <load_address>0xa5d4</load_address>
         <run_address>0xa5d4</run_address>
         <size>0xb2</size>
         <input_file_ref idref="fl-ca"/>
      </object_component>
      <object_component id="oc-37f">
         <name>.debug_info</name>
         <load_address>0xa686</load_address>
         <run_address>0xa686</run_address>
         <size>0x590</size>
         <input_file_ref idref="fl-cb"/>
      </object_component>
      <object_component id="oc-351">
         <name>.debug_info</name>
         <load_address>0xac16</load_address>
         <run_address>0xac16</run_address>
         <size>0x21e</size>
         <input_file_ref idref="fl-cb"/>
      </object_component>
      <object_component id="oc-3e2">
         <name>.debug_info</name>
         <load_address>0xae34</load_address>
         <run_address>0xae34</run_address>
         <size>0x1b3</size>
         <input_file_ref idref="fl-cb"/>
      </object_component>
      <object_component id="oc-3e8">
         <name>.debug_info</name>
         <load_address>0xafe7</load_address>
         <run_address>0xafe7</run_address>
         <size>0x21b</size>
         <input_file_ref idref="fl-cb"/>
      </object_component>
      <object_component id="oc-357">
         <name>.debug_info</name>
         <load_address>0xb202</load_address>
         <run_address>0xb202</run_address>
         <size>0x3c0</size>
         <input_file_ref idref="fl-cb"/>
      </object_component>
      <object_component id="oc-3f0">
         <name>.debug_info</name>
         <load_address>0xb5c2</load_address>
         <run_address>0xb5c2</run_address>
         <size>0x30a</size>
         <input_file_ref idref="fl-cb"/>
      </object_component>
      <object_component id="oc-3f6">
         <name>.debug_info</name>
         <load_address>0xb8cc</load_address>
         <run_address>0xb8cc</run_address>
         <size>0x215</size>
         <input_file_ref idref="fl-cb"/>
      </object_component>
      <object_component id="oc-35e">
         <name>.debug_info</name>
         <load_address>0xbae1</load_address>
         <run_address>0xbae1</run_address>
         <size>0x215</size>
         <input_file_ref idref="fl-cb"/>
      </object_component>
      <object_component id="oc-364">
         <name>.debug_info</name>
         <load_address>0xbcf6</load_address>
         <run_address>0xbcf6</run_address>
         <size>0x304</size>
         <input_file_ref idref="fl-cb"/>
      </object_component>
      <object_component id="oc-36a">
         <name>.debug_info</name>
         <load_address>0xbffa</load_address>
         <run_address>0xbffa</run_address>
         <size>0x4b5</size>
         <input_file_ref idref="fl-cb"/>
      </object_component>
      <object_component id="oc-29e">
         <name>.debug_info</name>
         <load_address>0xc4af</load_address>
         <run_address>0xc4af</run_address>
         <size>0x5f4</size>
         <input_file_ref idref="fl-cb"/>
      </object_component>
      <object_component id="oc-380">
         <name>.debug_info</name>
         <load_address>0xcaa3</load_address>
         <run_address>0xcaa3</run_address>
         <size>0x86</size>
         <input_file_ref idref="fl-cb"/>
      </object_component>
      <object_component id="oc-41d">
         <name>.debug_info</name>
         <load_address>0xcb29</load_address>
         <run_address>0xcb29</run_address>
         <size>0x39</size>
         <input_file_ref idref="fl-cb"/>
      </object_component>
      <object_component id="oc-475">
         <name>.debug_info</name>
         <load_address>0xcb62</load_address>
         <run_address>0xcb62</run_address>
         <size>0xb6</size>
         <input_file_ref idref="fl-cb"/>
      </object_component>
      <object_component id="oc-422">
         <name>.debug_info</name>
         <load_address>0xcc18</load_address>
         <run_address>0xcc18</run_address>
         <size>0x46</size>
         <input_file_ref idref="fl-cb"/>
      </object_component>
      <object_component id="oc-385">
         <name>.debug_info</name>
         <load_address>0xcc5e</load_address>
         <run_address>0xcc5e</run_address>
         <size>0x46</size>
         <input_file_ref idref="fl-cb"/>
      </object_component>
      <object_component id="oc-2ae">
         <name>.debug_info</name>
         <load_address>0xcca4</load_address>
         <run_address>0xcca4</run_address>
         <size>0x2c</size>
         <input_file_ref idref="fl-cb"/>
      </object_component>
      <object_component id="oc-2ea">
         <name>.debug_info</name>
         <load_address>0xccd0</load_address>
         <run_address>0xccd0</run_address>
         <size>0x333</size>
         <input_file_ref idref="fl-cc"/>
      </object_component>
      <object_component id="oc-201">
         <name>.debug_info</name>
         <load_address>0xd003</load_address>
[...]
         <name>servo_stop</name>
         <value>0x373d</value>
         <object_component_ref idref="oc-1d3"/>
      </symbol>
      <symbol id="sm-3a7">
         <name>servo_setPWM</name>
         <value>0x37a9</value>
         <object_component_ref idref="oc-1d3"/>
      </symbol>
      <symbol id="sm-3e3">
         <name>isr_char_buffer</name>
         <value>0x20002574</value>
      </symbol>
      <symbol id="sm-3e4">
         <name>cyBot_getByte</name>
         <value>0x364b</value>
         <object_component_ref idref="oc-e9"/>
      </symbol>
      <symbol id="sm-3e5">
         <name>cyBot_sendByte</name>
         <value>0x355d</value>
         <object_component_ref idref="oc-e9"/>
      </symbol>
      <symbol id="sm-3e6">
         <name>cyBot_uart_sendStr</name>
         <value>0x3569</value>
         <object_component_ref idref="oc-e9"/>
      </symbol>
      <symbol id="sm-3e7">
         <name>isr_counter</name>
         <value>0x200027f0</value>
         <object_component_ref idref="oc-1cf"/>
      </symbol>
      <symbol id="sm-3e8">
         <name>cyBot_uart_sendBuffer</name>
         <value>0x3583</value>
         <object_component_ref idref="oc-e9"/>
      </symbol>
      <symbol id="sm-3e9">
         <name>cyBot_uart_flush</name>
         <value>0x362d</value>
         <object_component_ref idref="oc-e9"/>
      </symbol>
      <symbol id="sm-3ea">
         <name>cyBot_UART1_Handler</name>
         <value>0x3665</value>
         <object_component_ref idref="oc-e9"/>
      </symbol>
      <symbol id="sm-3eb">
         <name>cyBot_uart_init</name>
         <value>0x359b</value>
         <object_component_ref idref="oc-e9"/>
      </symbol>
      <symbol id="sm-417">
         <name>printf</name>
         <value>0x4995</value>
         <object_component_ref idref="oc-205"/>
      </symbol>
      <symbol id="sm-581">
         <name>__TI_printfi</name>
         <value>0xe8d</value>
         <object_component_ref idref="oc-29a"/>
      </symbol>
      <symbol id="sm-5a3">
         <name>sprintf</name>
         <value>0x4fc9</value>
         <object_component_ref idref="oc-1ff"/>
      </symbol>
      <symbol id="sm-5cd">
         <name>vsnprintf</name>
         <value>0x5009</value>
         <object_component_ref idref="oc-1b6"/>
      </symbol>
      <symbol id="sm-5e2">
         <name>putc</name>
         <value>0x4485</value>
         <object_component_ref idref="oc-3a8"/>
      </symbol>
      <symbol id="sm-5e3">
         <name>fputc</name>
         <value>0x4485</value>
         <object_component_ref idref="oc-3a8"/>
      </symbol>
      <symbol id="sm-606">
         <name>fputs</name>
         <value>0x3cc1</value>
         <object_component_ref idref="oc-3a1"/>
      </symbol>
      <symbol id="sm-61e">
         <name>__TI_wrt_ok</name>
         <value>0x4ac5</value>
         <object_component_ref idref="oc-429"/>
      </symbol>
      <symbol id="sm-63a">
         <name>setvbuf</name>
         <value>0x41c5</value>
         <object_component_ref idref="oc-480"/>
      </symbol>
      <symbol id="sm-651">
         <name>__aeabi_dsub</name>
         <value>0x33a5</value>
         <object_component_ref idref="oc-18a"/>
      </symbol>
      <symbol id="sm-652">
         <name>__aeabi_dadd</name>
         <value>0x33af</value>
         <object_component_ref idref="oc-18a"/>
      </symbol>
      <symbol id="sm-674">
         <name>__aeabi_cdcmpeq</name>
         <value>0x4511</value>
         <object_component_ref idref="oc-1ee"/>
      </symbol>
      <symbol id="sm-675">
         <name>__aeabi_cdcmple</name>
         <value>0x4511</value>
         <object_component_ref idref="oc-1ee"/>
      </symbol>
      <symbol id="sm-676">
         <name>__aeabi_cdrcmple</name>
         <value>0x4597</value>
         <object_component_ref idref="oc-1f3"/>
      </symbol>
      <symbol id="sm-68a">
         <name>__aeabi_ddiv</name>
         <value>0x394d</value>
         <object_component_ref idref="oc-180"/>
      </symbol>
      <symbol id="sm-695">
         <name>__aeabi_dmul</name>
         <value>0x3fe5</value>
         <object_component_ref idref="oc-17b"/>
      </symbol>
      <symbol id="sm-69f">
         <name>__aeabi_d2iz</name>
         <value>0x4e71</value>
         <object_component_ref idref="oc-1f8"/>
      </symbol>
      <symbol id="sm-6ab">
         <name>__aeabi_d2f</name>
         <value>0x47eb</value>
         <object_component_ref idref="oc-192"/>
      </symbol>
      <symbol id="sm-6b6">
         <name>__aeabi_f2d</name>
         <value>0x50f9</value>
         <object_component_ref idref="oc-197"/>
      </symbol>
      <symbol id="sm-6c0">
         <name>__aeabi_i2d</name>
         <value>0x5299</value>
         <object_component_ref idref="oc-185"/>
      </symbol>
      <symbol id="sm-6db">
         <name>memcpy</name>
         <value>0x4353</value>
         <object_component_ref idref="oc-3e"/>
      </symbol>
      <symbol id="sm-6dc">
         <name>__aeabi_memcpy</name>
         <value>0x4353</value>
         <object_component_ref idref="oc-3e"/>
      </symbol>
      <symbol id="sm-6dd">
         <name>__aeabi_memcpy8</name>
         <value>0x4353</value>
         <object_component_ref idref="oc-3e"/>
      </symbol>
      <symbol id="sm-6de">
         <name>__aeabi_memcpy4</name>
         <value>0x4353</value>
         <object_component_ref idref="oc-3e"/>
      </symbol>
      <symbol id="sm-6ed">
         <name>__aeabi_memset</name>
         <value>0x461f</value>
         <object_component_ref idref="oc-96"/>
      </symbol>
      <symbol id="sm-6ee">
         <name>memset</name>
         <value>0x4625</value>
         <object_component_ref idref="oc-96"/>
      </symbol>
      <symbol id="sm-6ef">
         <name>__aeabi_memset8</name>
         <value>0x461f</value>
         <object_component_ref idref="oc-96"/>
      </symbol>
      <symbol id="sm-6f0">
         <name>__aeabi_memset4</name>
         <value>0x461f</value>
         <object_component_ref idref="oc-96"/>
      </symbol>
      <symbol id="sm-6f1">
         <name>__aeabi_memclr8</name>
         <value>0x461d</value>
         <object_component_ref idref="oc-96"/>
      </symbol>
      <symbol id="sm-6f2">
         <name>__aeabi_memclr4</name>
         <value>0x461d</value>
         <object_component_ref idref="oc-96"/>
      </symbol>
      <symbol id="sm-6f3">
         <name>__aeabi_memclr</name>
         <value>0x461d</value>
         <object_component_ref idref="oc-96"/>
      </symbol>
      <symbol id="sm-700">
         <name>__aeabi_uldivmod</name>
         <value>0x43ef</value>
         <object_component_ref idref="oc-3d3"/>
      </symbol>
      <symbol id="sm-712">
         <name>__TI_zero_init</name>
         <value>0x54c9</value>
         <object_component_ref idref="oc-50"/>
      </symbol>
      <symbol id="sm-729">
         <name>__TI_decompress_none</name>
         <value>0x54af</value>
         <object_component_ref idref="oc-1b"/>
      </symbol>
      <symbol id="sm-74c">
         <name>__TI_decompress_lzss</name>
         <value>0x492d</value>
         <object_component_ref idref="oc-15"/>
      </symbol>
      <symbol id="sm-772">
         <name>C$$EXIT</name>
         <value>0x5509</value>
         <object_component_ref idref="oc-113"/>
      </symbol>
      <symbol id="sm-773">
         <name>abort</name>
         <value>0x5509</value>
         <object_component_ref idref="oc-113"/>
      </symbol>
      <symbol id="sm-774">
         <name>__TI_dtors_ptr</name>
         <value>0x200027d4</value>
         <object_component_ref idref="oc-244"/>
      </symbol>
      <symbol id="sm-775">
         <name>__TI_cleanup_ptr</name>
         <value>0x200027d0</value>
         <object_component_ref idref="oc-244"/>
      </symbol>
      <symbol id="sm-776">
         <name>__TI_enable_exit_profile_output</name>
         <value>0x200027d8</value>
         <object_component_ref idref="oc-244"/>
      </symbol>
      <symbol id="sm-777">
         <name>exit</name>
         <value>0x4e29</value>
         <object_component_ref idref="oc-119"/>
      </symbol>
      <symbol id="sm-78c">
         <name>_nop</name>
         <value>0x18db</value>
         <object_component_ref idref="oc-30a"/>
      </symbol>
      <symbol id="sm-78d">
         <name>_lock</name>
         <value>0x200027dc</value>
         <object_component_ref idref="oc-247"/>
      </symbol>
      <symbol id="sm-78e">
         <name>_unlock</name>
         <value>0x200027e0</value>
         <object_component_ref idref="oc-247"/>
      </symbol>
      <symbol id="sm-79d">
         <name>__TI_ltoa</name>
         <value>0x4ceb</value>
         <object_component_ref idref="oc-3d9"/>
      </symbol>
      <symbol id="sm-7b3">
         <name>atoi</name>
         <value>0x4ddd</value>
         <object_component_ref idref="oc-348"/>
      </symbol>
      <symbol id="sm-7be">
         <name>_ctypes_</name>
         <value>0x550c</value>
         <object_component_ref idref="oc-3ce"/>
      </symbol>
      <symbol id="sm-7d3">
         <name>__TI_tmpnams</name>
         <value>0x20002480</value>
      </symbol>
      <symbol id="sm-7d4">
         <name>__aeabi_stdout</name>
         <value>0x200027c8</value>
         <object_component_ref idref="oc-4dd"/>
      </symbol>
      <symbol id="sm-7d5">
         <name>__aeabi_stderr</name>
         <value>0x200027cc</value>
         <object_component_ref idref="oc-4dd"/>
      </symbol>
      <symbol id="sm-7d6">
         <name>__aeabi_stdin</name>
         <value>0x200027c4</value>
         <object_component_ref idref="oc-4dd"/>
      </symbol>
      <symbol id="sm-7d7">
         <name>_ftable</name>
         <value>0x200025e8</value>
         <object_component_ref idref="oc-2eb"/>
      </symbol>
      <symbol id="sm-7d8">
         <name>__TI_ft_end</name>
         <value>0x200027c0</value>
         <object_component_ref idref="oc-4dd"/>
      </symbol>
      <symbol id="sm-7e8">
         <name>memccpy</name>
         <value>0x53a9</value>
         <object_component_ref idref="oc-36c"/>
      </symbol>
      <symbol id="sm-7f8">
         <name>memchr</name>
         <value>0x536d</value>
         <object_component_ref idref="oc-42f"/>
      </symbol>
      <symbol id="sm-88d">
         <name>_sys_memory</name>
         <value>0x20001270</value>
         <object_component_ref idref="oc-24"/>
      </symbol>
      <symbol id="sm-88e">
         <name>free</name>
         <value>0x40e1</value>
         <object_component_ref idref="oc-159"/>
      </symbol>
      <symbol id="sm-88f">
         <name>memalign</name>
         <value>0x3ee5</value>
         <object_component_ref idref="oc-329"/>
      </symbol>
      <symbol id="sm-890">
         <name>calloc</name>
         <value>0x50c1</value>
         <object_component_ref idref="oc-153"/>
      </symbol>
      <symbol id="sm-891">
         <name>malloc</name>
         <value>0x54f5</value>
         <object_component_ref idref="oc-263"/>
      </symbol>
      <symbol id="sm-892">
         <name>aligned_alloc</name>
         <value>0x3ee5</value>
         <object_component_ref idref="oc-329"/>
      </symbol>
      <symbol id="sm-8a2">
         <name>strchr</name>
         <value>0x543f</value>
         <object_component_ref idref="oc-406"/>
      </symbol>
      <symbol id="sm-8b1">
         <name>strcmp</name>
         <value>0x5427</value>
         <object_component_ref idref="oc-166"/>
      </symbol>
      <symbol id="sm-8bf">
         <name>strcpy</name>
         <value>0x5455</value>
         <object_component_ref idref="oc-1bc"/>
      </symbol>
      <symbol id="sm-8cd">
         <name>strlen</name>
         <value>0x5469</value>
         <object_component_ref idref="oc-1b0"/>
      </symbol>
      <symbol id="sm-8e7">
         <name>write</name>
         <value>0x5345</value>
         <object_component_ref idref="oc-43b"/>
      </symbol>
      <symbol id="sm-8f8">
         <name>_stream</name>
         <value>0x20002750</value>
         <object_component_ref idref="oc-48c"/>
      </symbol>
      <symbol id="sm-8f9">
         <name>_device</name>
         <value>0x200026d8</value>
         <object_component_ref idref="oc-4c1"/>
      </symbol>
      <symbol id="sm-90f">
         <name>__aeabi_errno_addr</name>
         <value>0x54ed</value>
         <object_component_ref idref="oc-378"/>
      </symbol>
      <symbol id="sm-910">
         <name>errno</name>
         <value>0x200027f8</value>
         <object_component_ref idref="oc-416"/>
      </symbol>
      <symbol id="sm-923">
         <name>__stack</name>
         <value>0x20000270</value>
         <object_component_ref idref="oc-27"/>
      </symbol>
      <symbol id="sm-924">
         <name>_c_int00_noargs</name>
         <value>0x5205</value>
         <object_component_ref idref="oc-5c"/>
      </symbol>
      <symbol id="sm-944">
         <name>frexpl</name>
         <value>0x49fd</value>
         <object_component_ref idref="oc-3fa"/>
      </symbol>
      <symbol id="sm-945">
         <name>frexp</name>
         <value>0x49fd</value>
         <object_component_ref idref="oc-3fa"/>
      </symbol>
      <symbol id="sm-962">
         <name>scalbn</name>
         <value>0x3dd5</value>
         <object_component_ref idref="oc-400"/>
      </symbol>
      <symbol id="sm-963">
         <name>scalbnl</name>
         <value>0x3dd5</value>
         <object_component_ref idref="oc-400"/>
      </symbol>
      <symbol id="sm-964">
         <name>ldexpl</name>
         <value>0x3dd5</value>
         <object_component_ref idref="oc-400"/>
      </symbol>
      <symbol id="sm-965">
         <name>ldexp</name>
         <value>0x3dd5</value>
         <object_component_ref idref="oc-400"/>
      </symbol>
      <symbol id="sm-96f">
         <name>copysign</name>
         <value>0x53c5</value>
         <object_component_ref idref="oc-45e"/>
      </symbol>
      <symbol id="sm-970">
         <name>copysignl</name>
         <value>0x53c5</value>
         <object_component_ref idref="oc-45e"/>
      </symbol>
      <symbol id="sm-989">
         <name>wcslen</name>
         <value>0x547d</value>
         <object_component_ref idref="oc-372"/>
      </symbol>
      <symbol id="sm-999">
         <name>__TI_doflush</name>
         <value>0x4d91</value>
         <object_component_ref idref="oc-435"/>
      </symbol>
      <symbol id="sm-9a9">
         <name>__TI_cleanup</name>
         <value>0x519d</value>
         <object_component_ref idref="oc-4ae"/>
      </symbol>
      <symbol id="sm-9bb">
         <name>fseek</name>
         <value>0x4a61</value>
         <object_component_ref idref="oc-47a"/>
      </symbol>
      <symbol id="sm-9c5">
         <name>__aeabi_idiv0</name>
         <value>0x355b</value>
         <object_component_ref idref="oc-44b"/>
      </symbol>
      <symbol id="sm-9c6">
         <name>__aeabi_ldiv0</name>
         <value>0x355b</value>
         <object_component_ref idref="oc-44b"/>
      </symbol>
      <symbol id="sm-9ee">
         <name>__TI_auto_init_nobinit_nopinit</name>
         <value>0x4f41</value>
         <object_component_ref idref="oc-11f"/>
      </symbol>
      <symbol id="sm-9f8">
         <name>_system_pre_init</name>
         <value>0x5505</value>
         <object_component_ref idref="oc-9c"/>
      </symbol>
      <symbol id="sm-a0b">
         <name>HOSTclose</name>
         <value>0x4eb9</value>
         <object_component_ref idref="oc-4e9"/>
      </symbol>
      <symbol id="sm-a1c">
         <name>HOSTlseek</name>
         <value>0x48c5</value>
         <object_component_ref idref="oc-4fb"/>
      </symbol>
      <symbol id="sm-a2e">
         <name>parmbuf</name>
         <value>0x200025c0</value>
      </symbol>
      <symbol id="sm-a2f">
         <name>HOSTopen</name>
         <value>0x4b29</value>
         <object_component_ref idref="oc-4e3"/>
      </symbol>
      <symbol id="sm-a40">
         <name>HOSTread</name>
         <value>0x4be5</value>
         <object_component_ref idref="oc-4ef"/>
      </symbol>
      <symbol id="sm-a51">
         <name>HOSTrename</name>
         <value>0x4859</value>
         <object_component_ref idref="oc-507"/>
      </symbol>
      <symbol id="sm-a62">
         <name>HOSTunlink</name>
         <value>0x4efd</value>
         <object_component_ref idref="oc-501"/>
      </symbol>
      <symbol id="sm-a73">
         <name>HOSTwrite</name>
         <value>0x4c3d</value>
         <object_component_ref idref="oc-4f5"/>
      </symbol>
      <symbol id="sm-a97">
         <name>__TI_readmsg</name>
         <value>0x51d1</value>
         <object_component_ref idref="oc-52a"/>
      </symbol>
      <symbol id="sm-a98">
         <name>C$$IO$$</name>
         <value>0x50b7</value>
         <object_component_ref idref="oc-524"/>
      </symbol>
      <symbol id="sm-a99">
         <name>__CIOBUF_</name>
         <value>0x20002270</value>
         <object_component_ref idref="oc-54c"/>
      </symbol>
      <symbol id="sm-a9a">
         <name>__TI_writemsg</name>
         <value>0x5089</value>
         <object_component_ref idref="oc-524"/>
      </symbol>
      <symbol id="sm-aab">
         <name>lseek</name>
         <value>0x531d</value>
         <object_component_ref idref="oc-4a6"/>
      </symbol>
      <symbol id="sm-ac0">
         <name>__TI_closefile</name>
         <value>0x4699</value>
         <object_component_ref idref="oc-4d7"/>
      </symbol>
      <symbol id="sm-ae3">
         <name>finddevice</name>
         <value>0x5269</value>
         <object_component_ref idref="oc-568"/>
      </symbol>
      <symbol id="sm-ae4">
         <name>getdevice</name>
         <value>0x4f85</value>
         <object_component_ref idref="oc-542"/>
      </symbol>
      <symbol id="sm-af4">
         <name>strncpy</name>
         <value>0x5131</value>
         <object_component_ref idref="oc-562"/>
      </symbol>
      <symbol id="sm-b09">
         <name>close</name>
         <value>0x4b89</value>
         <object_component_ref idref="oc-513"/>
      </symbol>
      <symbol id="sm-b19">
         <name>unlink</name>
         <value>0x52c9</value>
         <object_component_ref idref="oc-519"/>
      </symbol>
      <symbol id="sm-b48">
         <name>IntRegister</name>
         <value>0x5169</value>
         <object_component_ref idref="oc-16c"/>
      </symbol>
      <symbol id="sm-b49">
         <name>g_pfnRAMVectors</name>
         <value>0x20000000</value>
         <object_component_ref idref="oc-279"/>
      </symbol>
      <symbol id="sm-b4a">
         <name>IntMasterEnable</name>
         <value>0x548f</value>
         <object_component_ref idref="oc-172"/>
      </symbol>
      <symbol id="sm-b54">
         <name>CPUcpsie</name>
         <value>0x54bd</value>
         <object_component_ref idref="oc-283"/>
      </symbol>
      <symbol id="sm-b55">
         <name>__TI_static_base__</name>
         <value>0x0</value>
      </symbol>
      <symbol id="sm-b58">
         <name>__mpu_init</name>
         <value>0x0</value>
      </symbol>
      <symbol id="sm-b59">
         <name>_system_post_cinit</name>
         <value>0x0</value>
      </symbol>
      <symbol id="sm-b5a">
         <name>remove</name>
         <value>0x52c9</value>
      </symbol>
   </symbol_table>
   <title>Link successful</title>
</link_info>
