******************************************************************************
                  TI ARM Linker PC v20.2.6                     
******************************************************************************
>> Linked Fri Feb 24 14:50:49 2023

OUTPUT FILE NAME:   <Lab3.out>
ENTRY POINT SYMBOL: "_c_int00_noargs"  address: 00005205


MEMORY CONFIGURATION

         name            origin    length      used     unused   attr    fill
----------------------  --------  ---------  --------  --------  ----  --------
  FLASH                 00000000   00040000  000056da  0003a926  R  X
  SRAM                  20000000   00008000  000027f6  0000580a  RW X


SEGMENT ALLOCATION MAP

run origin  load origin   length   init length attrs members
----------  ----------- ---------- ----------- ----- -------
00000000    00000000    000056e0   000056e0    r-x
  00000000    00000000    0000026c   0000026c    r-- .intvecs
  0000026c    0000026c    000052a0   000052a0    r-x .text
  0000550c    0000550c    00000126   00000126    r-- .const
  00005638    00005638    000000a8   000000a8    r-- .cinit
20000000    20000000    000027fd   00000000    rw-
  20000000    20000000    0000026c   00000000    rw- .vtable
  20000270    20000270    00001000   00000000    rw- .stack
  20001270    20001270    00001000   00000000    rw- .sysmem
  20002270    20002270    00000375   00000000    rw- .bss
  200025e8    200025e8    00000215   00000000    rw- .data


SECTION ALLOCATION MAP

 output                                  attributes/
section   page    origin      length       input sections
--------  ----  ----------  ----------   ----------------
.intvecs   0    00000000    0000026c     
                  00000000    0000026c     tm4c123gh6pm_startup_ccs.obj (.intvecs)

.text      0    0000026c    000052a0     
                  0000026c    00000c20     open_interface.obj (.text)
                  00000e8c    00000a4e     rtsv7M4_T_le_v4SPD16_eabi.lib : _printfi.c.obj (.text:__TI_printfi)
                  000018da    00000002                                   : _lock.c.obj (.text:_nop)
                  000018dc    00000460     objects.obj (.text)
                  00001d3c    0000042c     lcd.obj (.text)
                  00002168    00000418     movement.obj (.text)
                  00002580    00000350     main.obj (.text)
                  000028d0    00000270     rtsv7M4_T_le_v4SPD16_eabi.lib : _printfi.c.obj (.text:_pconv_a)
                  00002b40    00000260     libcybotScan.lib : cyBot_Scan.obj (.text)
                  00002da0    00000248     Timer.obj (.text)
                  00002fe8    000001ec     libcybotScan.lib : ping.obj (.text)
                  000031d4    000001d0     rtsv7M4_T_le_v4SPD16_eabi.lib : _printfi.c.obj (.text:_pconv_g)
                  000033a4    000001b6                                   : fd_add_t2.asm.obj (.text)
                  0000355a    00000002                                   : div0.asm.obj (.text)
                  0000355c    0000015c     libcybotUART.lib : uart.obj (.text)
                  000036b8    00000158     libcybotScan.lib : servo.obj (.text)
                  00003810    0000013c     rtsv7M4_T_le_v4SPD16_eabi.lib : _printfi.c.obj (.text:_pconv_e)
                  0000394c    00000136                                   : fd_div_t2.asm.obj (.text)
                  00003a82    00000002     --HOLE-- [fill = 0]
                  00003a84    00000124                                   : _printfi.c.obj (.text:fcvt)
                  00003ba8    00000118     libcybotScan.lib : ir.obj (.text)
                  00003cc0    00000114     rtsv7M4_T_le_v4SPD16_eabi.lib : fputs.c.obj (.text:fputs)
                  00003dd4    00000110                                   : s_scalbn.c.obj (.text:scalbn)
                  00003ee4    00000100                                   : memory.c.obj (.text:aligned_alloc)
                  00003fe4    000000fc                                   : fd_mul_t2.asm.obj (.text)
                  000040e0    000000e4                                   : memory.c.obj (.text:free)
                  000041c4    000000dc                                   : setvbuf.c.obj (.text:setvbuf)
                  000042a0    000000b1                                   : _printfi.c.obj (.text:_ltostr)
                  00004351    00000001     --HOLE-- [fill = 0]
                  00004352    0000009c                                   : memcpy_t2.asm.obj (.text)
                  000043ee    00000096                                   : ull_div_t2.asm.obj (.text)
                  00004484    0000008c                                   : fputc.c.obj (.text:fputc)
                  00004510    00000086                                   : fd_cmp_t2.asm.obj (.text:__aeabi_cdcmple)
                  00004596    00000086                                   : fd_cmp_t2.asm.obj (.text:__aeabi_cdrcmple)
                  0000461c    0000007a                                   : memset_t2.asm.obj (.text)
                  00004696    00000002     --HOLE-- [fill = 0]
                  00004698    00000074                                   : fclose.c.obj (.text:__TI_closefile)
                  0000470c    00000070                                   : memory.c.obj (.text:split)
                  0000477c    0000006e                                   : _printfi.c.obj (.text:_mcpy)
                  000047ea    0000006e                                   : fd_tos_t2.asm.obj (.text)
                  00004858    0000006c                                   : hostrename.c.obj (.text:HOSTrename)
                  000048c4    00000068                                   : hostlseek.c.obj (.text:HOSTlseek)
                  0000492c    00000068                                   : copy_decompress_lzss.c.obj (.text:decompress:lzss:__TI_decompress_lzss)
                  00004994    00000068                                   : printf.c.obj (.text:printf)
                  000049fc    00000064                                   : s_frexp.c.obj (.text:frexp)
                  00004a60    00000064                                   : fseek.c.obj (.text:fseek)
                  00004ac4    00000062                                   : _io_perm.c.obj (.text:__TI_wrt_ok)
                  00004b26    00000002     --HOLE-- [fill = 0]
                  00004b28    00000060                                   : hostopen.c.obj (.text:HOSTopen)
                  00004b88    0000005c                                   : close.c.obj (.text:close)
                  00004be4    00000058                                   : hostread.c.obj (.text:HOSTread)
                  00004c3c    00000058                                   : hostwrite.c.obj (.text:HOSTwrite)
                  00004c94    00000056                                   : _printfi.c.obj (.text:_pconv_f)
                  00004cea    00000054                                   : _ltoa.c.obj (.text:__TI_ltoa)
                  00004d3e    00000052                                   : _printfi.c.obj (.text:_ecpy)
                  00004d90    0000004c                                   : fflush.c.obj (.text:__TI_doflush)
                  00004ddc    0000004c                                   : atoi.c.obj (.text:atoi)
                  00004e28    00000048                                   : exit.c.obj (.text:exit)
                  00004e70    00000048                                   : fd_toi_t2.asm.obj (.text)
                  00004eb8    00000044                                   : hostclose.c.obj (.text:HOSTclose)
                  00004efc    00000044                                   : hostunlink.c.obj (.text:HOSTunlink)
                  00004f40    00000044                                   : autoinit.c.obj (.text:__TI_auto_init_nobinit_nopinit:__TI_auto_init_nobinit_nopinit)
                  00004f84    00000044                                   : getdevice.c.obj (.text:getdevice)
                  00004fc8    00000040                                   : sprintf.c.obj (.text:sprintf)
                  00005008    00000040                                   : vsnprintf.c.obj (.text:vsnprintf)
                  00005048    0000003e                                   : _printfi.c.obj (.text:_fcpy)
                  00005086    00000002     --HOLE-- [fill = 0]
                  00005088    00000038                                   : trgmsg.c.obj (.text:__TI_writemsg)
                  000050c0    00000038                                   : memory.c.obj (.text:calloc)
                  000050f8    00000038                                   : fs_tod_t2.asm.obj (.text)
                  00005130    00000036                                   : strncpy.c.obj (.text:strncpy)
                  00005166    00000002     --HOLE-- [fill = 0]
                  00005168    00000034     driverlib.lib : interrupt.obj (.text:IntRegister)
                  0000519c    00000034     rtsv7M4_T_le_v4SPD16_eabi.lib : fopen.c.obj (.text:__TI_cleanup)
                  000051d0    00000034                                   : trgmsg.c.obj (.text:__TI_readmsg)
                  00005204    00000034                                   : boot_cortex_m.c.obj (.text:_c_int00_noargs:_c_int00_noargs)
                  00005238    00000030                                   : vsnprintf.c.obj (.text:_outs)
                  00005268    00000030                                   : getdevice.c.obj (.text:finddevice)
                  00005298    0000002e                                   : i_tofd_t2.asm.obj (.text)
                  000052c6    00000002     --HOLE-- [fill = 0]
                  000052c8    0000002c                                   : unlink.c.obj (.text:unlink)
                  000052f4    00000028                                   : memory.c.obj (.text:free_list_insert)
                  0000531c    00000028                                   : lseek.c.obj (.text:lseek)
                  00005344    00000028                                   : write.c.obj (.text:write)
                  0000536c    00000020                                   : memchr.c.obj (.text:memchr)
                  0000538c    0000001c                                   : memory.c.obj (.text:free_list_remove)
                  000053a8    0000001c                                   : memccpy.c.obj (.text:memccpy)
                  000053c4    0000001a                                   : s_copysign.c.obj (.text:copysign)
                  000053de    00000018                                   : vsnprintf.c.obj (.text:_outc)
                  000053f6    00000018                                   : sprintf.c.obj (.text:_outs)
                  0000540e    00000018     open_interface.obj (.text:oi_parseInt)
                  00005426    00000018     rtsv7M4_T_le_v4SPD16_eabi.lib : strcmp.c.obj (.text:strcmp)
                  0000543e    00000016                                   : strchr.c.obj (.text:strchr)
                  00005454    00000014                                   : strcpy.c.obj (.text:strcpy)
                  00005468    00000014                                   : strlen.c.obj (.text:strlen)
                  0000547c    00000012                                   : wcslen.c.obj (.text:wcslen)
                  0000548e    00000010     driverlib.lib : interrupt.obj (.text:IntMasterEnable)
                  0000549e    00000010     lcd.obj (.text:lcd_clear)
                  000054ae    0000000e     rtsv7M4_T_le_v4SPD16_eabi.lib : copy_decompress_none.c.obj (.text:decompress:none:__TI_decompress_none)
                  000054bc    0000000c     driverlib.lib : cpu.obj (.text:CPUcpsie)
                  000054c8    0000000c     rtsv7M4_T_le_v4SPD16_eabi.lib : copy_zero_init.c.obj (.text:decompress:ZI:__TI_zero_init)
                  000054d4    0000000c     tm4c123gh6pm_startup_ccs.obj (.text)
                  000054e0    0000000a     rtsv7M4_T_le_v4SPD16_eabi.lib : sprintf.c.obj (.text:_outc)
                  000054ea    00000002     --HOLE-- [fill = 0]
                  000054ec    00000008                                   : errno.c.obj (.text:__aeabi_errno_addr)
                  000054f4    00000008                                   : memory.c.obj (.text:malloc)
                  000054fc    00000004                                   : printf.c.obj (.text:_outc)
                  00005500    00000004                                   : printf.c.obj (.text:_outs)
                  00005504    00000004                                   : pre_init.c.obj (.text:_system_pre_init)
                  00005508    00000004                                   : exit.c.obj (.text:abort:abort)

.const     0    0000550c    00000126     
                  0000550c    00000101     rtsv7M4_T_le_v4SPD16_eabi.lib : ctype.c.obj (.const:.string:_ctypes_)
                  0000560d    0000000f     open_interface.obj (.const:.string:$P$T0$3)
                  0000561c    00000004     lcd.obj (.const:.string:lineAddress$1)
                  00005620    00000004     lcd.obj (.const:.string:lineAddresses$2)
                  00005624    00000003     objects.obj (.const:.string:$P$T1$2)
                  00005627    00000003     objects.obj (.const:.string:$P$T5$6)
                  0000562a    00000002     objects.obj (.const:.string:$P$T0$1)
                  0000562c    00000002     objects.obj (.const:.string:$P$T2$3)
                  0000562e    00000002     objects.obj (.const:.string:$P$T3$4)
                  00005630    00000002     objects.obj (.const:.string:$P$T4$5)

.cinit     0    00005638    000000a8     
                  00005638    00000070     (.cinit..data.load) [load image, compression = lzss]
                  000056a8    0000000c     (__TI_handler_table)
                  000056b4    00000004     --HOLE-- [fill = 0]
                  000056b8    00000008     (.cinit..bss.load) [load image, compression = zero_init]
                  000056c0    00000008     (.cinit..vtable.load) [load image, compression = zero_init]
                  000056c8    00000018     (__TI_cinit_table)

.init_array 
*          0    00000000    00000000     UNINITIALIZED

.vtable    0    20000000    0000026c     UNINITIALIZED
                  20000000    0000026c     driverlib.lib : interrupt.obj (.vtable)

.stack     0    20000270    00001000     UNINITIALIZED
                  20000270    00000004     rtsv7M4_T_le_v4SPD16_eabi.lib : boot_cortex_m.c.obj (.stack)
                  20000274    00000ffc     --HOLE--

.sysmem    0    20001270    00001000     UNINITIALIZED
                  20001270    00000010     rtsv7M4_T_le_v4SPD16_eabi.lib : memory.c.obj (.sysmem)
                  20001280    00000ff0     --HOLE--

.bss       0    20002270    00000375     UNINITIALIZED
                  20002270    00000120     rtsv7M4_T_le_v4SPD16_eabi.lib : trgmsg.c.obj (.bss:_CIOBUF_)
                  20002390    000000f0     (.common:arr_objects)
                  20002480    000000a0     (.common:__TI_tmpnams)
                  20002520    00000054     lcd.obj (.bss:lastbuffer$3)
                  20002574    00000034     (.common:isr_char_buffer)
                  200025a8    00000018     open_interface.obj (.bss:firmware$2)
                  200025c0    00000008     (.common:parmbuf)
                  200025c8    00000004     (.common:_timeout_ticks)
                  200025cc    00000004     (.common:fallingEdge)
                  200025d0    00000004     (.common:isr_int_value)
                  200025d4    00000004     (.common:left_calibration_value)
                  200025d8    00000004     (.common:pulseLength)
                  200025dc    00000004     (.common:right_calibration_value)
                  200025e0    00000004     (.common:risingEdge)
                  200025e4    00000001     (.common:isRisingEdge)

.data      0    200025e8    00000215     UNINITIALIZED
                  200025e8    000000f0     rtsv7M4_T_le_v4SPD16_eabi.lib : defs.c.obj (.data:_ftable)
                  200026d8    00000078                                   : host_device.c.obj (.data:_device)
                  20002750    00000050                                   : host_device.c.obj (.data:_stream)
                  200027a0    00000020     open_interface.obj (.data)
                  200027c0    00000010     rtsv7M4_T_le_v4SPD16_eabi.lib : defs.c.obj (.data)
                  200027d0    0000000c                                   : exit.c.obj (.data:$O1$$)
                  200027dc    00000008                                   : _lock.c.obj (.data:$O1$$)
                  200027e4    00000008                                   : memory.c.obj (.data:$O1$$)
                  200027ec    00000004     libcybotScan.lib : cyBot_Scan.obj (.data)
                  200027f0    00000004     libcybotUART.lib : uart.obj (.data)
                  200027f4    00000004     main.obj (.data)
                  200027f8    00000004     rtsv7M4_T_le_v4SPD16_eabi.lib : errno.c.obj (.data)
                  200027fc    00000001     Timer.obj (.data)

__llvm_prf_cnts 
*          0    20000000    00000000     UNINITIALIZED

MODULE SUMMARY

       Module                         code    ro data   rw data
       ------                         ----    -------   -------
    .\
       open_interface.obj             3128    15        56     
       lcd.obj                        1084    8         84     
       objects.obj                    1120    14        0      
       main.obj                       848     0         252    
       movement.obj                   1048    0         0      
       tm4c123gh6pm_startup_ccs.obj   12      620       0      
       Timer.obj                      584     0         5      
    +--+------------------------------+-------+---------+---------+
       Total:                         7824    657       397    
                                                               
    ../libcybotScan.lib
       cyBot_Scan.obj                 608     0         4      
       ping.obj                       492     0         13     
       servo.obj                      344     0         0      
       ir.obj                         280     0         4      
    +--+------------------------------+-------+---------+---------+
       Total:                         1724    0         21     
                                                               
    ../libcybotUART.lib
       uart.obj                       348     0         56     
    +--+------------------------------+-------+---------+---------+
       Total:                         348     0         56     
                                                               
    C:/ti/TivaWare_C_Series-2.2.0.295/driverlib/ccs/Debug/driverlib.lib
       interrupt.obj                  68      0         620    
       cpu.obj                        12      0         0      
    +--+------------------------------+-------+---------+---------+
       Total:                         80      0         620    
                                                               
    C:\ti\ccs1200\ccs\tools\compiler\ti-cgt-arm_20.2.6.LTS\lib\rtsv7M4_T_le_v4SPD16_eabi.lib
       _printfi.c.obj                 4851    0         0      
       memory.c.obj                   728     0         8      
       fd_add_t2.asm.obj              438     0         0      
       defs.c.obj                     0       0         416    
       trgmsg.c.obj                   108     0         288    
       fd_div_t2.asm.obj              310     0         0      
       fputs.c.obj                    276     0         0      
       s_scalbn.c.obj                 272     0         0      
       fd_cmp_t2.asm.obj              268     0         0      
       ctype.c.obj                    0       257       0      
       fd_mul_t2.asm.obj              252     0         0      
       setvbuf.c.obj                  220     0         0      
       host_device.c.obj              0       0         200    
       memcpy_t2.asm.obj              156     0         0      
       ull_div_t2.asm.obj             150     0         0      
       fputc.c.obj                    140     0         0      
       vsnprintf.c.obj                136     0         0      
       memset_t2.asm.obj              122     0         0      
       fclose.c.obj                   116     0         0      
       getdevice.c.obj                116     0         0      
       printf.c.obj                   112     0         0      
       fd_tos_t2.asm.obj              110     0         0      
       hostrename.c.obj               108     0         0      
       copy_decompress_lzss.c.obj     104     0         0      
       hostlseek.c.obj                104     0         0      
       hostopen.c.obj                 96      0         8      
       fseek.c.obj                    100     0         0      
       s_frexp.c.obj                  100     0         0      
       _io_perm.c.obj                 98      0         0      
       sprintf.c.obj                  98      0         0      
       close.c.obj                    92      0         0      
       exit.c.obj                     76      0         12     
       hostread.c.obj                 88      0         0      
       hostwrite.c.obj                88      0         0      
       _ltoa.c.obj                    84      0         0      
       atoi.c.obj                     76      0         0      
       fflush.c.obj                   76      0         0      
       fd_toi_t2.asm.obj              72      0         0      
       autoinit.c.obj                 68      0         0      
       hostclose.c.obj                68      0         0      
       hostunlink.c.obj               68      0         0      
       fs_tod_t2.asm.obj              56      0         0      
       strncpy.c.obj                  54      0         0      
       boot_cortex_m.c.obj            52      0         0      
       fopen.c.obj                    52      0         0      
       i_tofd_t2.asm.obj              46      0         0      
       unlink.c.obj                   44      0         0      
       lseek.c.obj                    40      0         0      
       write.c.obj                    40      0         0      
       memchr.c.obj                   32      0         0      
       memccpy.c.obj                  28      0         0      
       s_copysign.c.obj               26      0         0      
       strcmp.c.obj                   24      0         0      
       strchr.c.obj                   22      0         0      
       strcpy.c.obj                   20      0         0      
       strlen.c.obj                   20      0         0      
       wcslen.c.obj                   18      0         0      
       copy_decompress_none.c.obj     14      0         0      
       copy_zero_init.c.obj           12      0         0      
       errno.c.obj                    8       0         4      
       _lock.c.obj                    2       0         8      
       pre_init.c.obj                 4       0         0      
       div0.asm.obj                   2       0         0      
    +--+------------------------------+-------+---------+---------+
       Total:                         11161   257       944    
                                                               
       Heap:                          0       0         4096   
       Stack:                         0       0         4096   
       Linker Generated:              0       164       0      
    +--+------------------------------+-------+---------+---------+
       Grand Total:                   21137   1078      10230  


LINKER GENERATED COPY TABLES

__TI_cinit_table @ 000056c8 records: 3, size/record: 8, table size: 24
	.data: load addr=00005638, load size=00000070 bytes, run addr=200025e8, run size=00000215 bytes, compression=lzss
	.bss: load addr=000056b8, load size=00000008 bytes, run addr=20002270, run size=00000375 bytes, compression=zero_init
	.vtable: load addr=000056c0, load size=00000008 bytes, run addr=20000000, run size=0000026c bytes, compression=zero_init


LINKER GENERATED HANDLER TABLE

__TI_handler_table @ 000056a8 records: 3, size/record: 4, table size: 12
	index: 0, handler: __TI_zero_init
	index: 1, handler: __TI_decompress_lzss
	index: 2, handler: __TI_decompress_none


GLOBAL SYMBOLS: SORTED ALPHABETICALLY BY Name 

address   name                           
-------   ----                           
00003c41  ADC0SS0_Handler                
00005509  C$$EXIT                        
000050b7  C$$IO$$                        
000054bd  CPUcpsie                       
00000bc3  GPIOF_Handler                  
00004eb9  HOSTclose                      
000048c5  HOSTlseek                      
00004b29  HOSTopen                       
00004be5  HOSTread                       
00004859  HOSTrename                     
00004efd  HOSTunlink                     
00004c3d  HOSTwrite                      
0000548f  IntMasterEnable                
00005169  IntRegister                    
000054d5  ResetISR                       
000030d9  TIMER3B_Handler                
20002270  __CIOBUF_                      
20001270  __STACK_END                    
00001000  __STACK_SIZE                   
20000470  __STACK_TOP                    
00001000  __SYSMEM_SIZE                  
000056c8  __TI_CINIT_Base                
000056e0  __TI_CINIT_Limit               
000056a8  __TI_Handler_Table_Base        
000056b4  __TI_Handler_Table_Limit       
00004f41  __TI_auto_init_nobinit_nopinit 
0000519d  __TI_cleanup                   
200027d0  __TI_cleanup_ptr               
00004699  __TI_closefile                 
0000492d  __TI_decompress_lzss           
000054af  __TI_decompress_none           
00004d91  __TI_doflush                   
200027d4  __TI_dtors_ptr                 
200027d8  __TI_enable_exit_profile_output
200027c0  __TI_ft_end                    
00004ceb  __TI_ltoa                      
ffffffff  __TI_pprof_out_hndl            
00000e8d  __TI_printfi                   
ffffffff  __TI_prof_data_size            
ffffffff  __TI_prof_data_start           
000051d1  __TI_readmsg                   
00000000  __TI_static_base__             
20002480  __TI_tmpnams                   
00005089  __TI_writemsg                  
00004ac5  __TI_wrt_ok                    
000054c9  __TI_zero_init                 
00004511  __aeabi_cdcmpeq                
00004511  __aeabi_cdcmple                
00004597  __aeabi_cdrcmple               
000047eb  __aeabi_d2f                    
00004e71  __aeabi_d2iz                   
000033af  __aeabi_dadd                   
0000394d  __aeabi_ddiv                   
00003fe5  __aeabi_dmul                   
000033a5  __aeabi_dsub                   
000054ed  __aeabi_errno_addr             
000050f9  __aeabi_f2d                    
00005299  __aeabi_i2d                    
0000355b  __aeabi_idiv0                  
0000355b  __aeabi_ldiv0                  
0000461d  __aeabi_memclr                 
0000461d  __aeabi_memclr4                
0000461d  __aeabi_memclr8                
00004353  __aeabi_memcpy                 
00004353  __aeabi_memcpy4                
00004353  __aeabi_memcpy8                
0000461f  __aeabi_memset                 
0000461f  __aeabi_memset4                
0000461f  __aeabi_memset8                
200027cc  __aeabi_stderr                 
200027c4  __aeabi_stdin                  
200027c8  __aeabi_stdout                 
000043ef  __aeabi_uldivmod               
ffffffff  __binit__                      
ffffffff  __c_args__                     
UNDEFED   __mpu_init                     
20000270  __stack                        
20000000  __start___llvm_prf_cnts        
20000000  __stop___llvm_prf_cnts         
00005205  _c_int00_noargs                
0000550c  _ctypes_                       
200026d8  _device                        
200025e8  _ftable                        
200027dc  _lock                          
000018db  _nop                           
200027fc  _running                       
20002750  _stream                        
20001270  _sys_memory                    
UNDEFED   _system_post_cinit             
00005505  _system_pre_init               
200025c8  _timeout_ticks                 
200027e0  _unlock                        
00005509  abort                          
00003ee5  aligned_alloc                  
20002390  arr_objects                    
00004ddd  atoi                           
ffffffff  binit                          
000023cd  bumpL                          
00002345  bumpR                          
000050c1  calloc                         
00002703  clearObjects                   
00004b89  close                          
000053c5  copysign                       
000053c5  copysignl                      
00002c19  cyBOT_SERVO_cal                
00002ba7  cyBOT_Scan                     
00002b4f  cyBOT_init_Scan                
200027ec  cyBOT_scan_features            
00002b41  cyBOT_scan_version             
00003665  cyBot_UART1_Handler            
0000364b  cyBot_getByte                  
0000355d  cyBot_sendByte                 
0000362d  cyBot_uart_flush               
0000359b  cyBot_uart_init                
00003583  cyBot_uart_sendBuffer          
00003569  cyBot_uart_sendStr             
200027f8  errno                          
00004e29  exit                           
200025cc  fallingEdge                    
00005269  finddevice                     
00004485  fputc                          
00003cc1  fputs                          
000040e1  free                           
000049fd  frexp                          
000049fd  frexpl                         
00004a61  fseek                          
20000000  g_pfnRAMVectors                
00000000  g_pfnVectors                   
00004f85  getdevice                      
0000097f  go_charge                      
00002581  identifyObjects                
00003c57  ir_enableInterrupt             
00003c39  ir_getDistance                 
00003c11  ir_getValue                    
00003ba9  ir_init                        
200025e4  isRisingEdge                   
20002574  isr_char_buffer                
200027f0  isr_counter                    
200025d0  isr_int_value                  
0000549f  lcd_clear                      
00002015  lcd_gotoLine                   
00001d79  lcd_init                       
00002095  lcd_printf                     
00001e39  lcd_putc                       
00001e71  lcd_puts                       
00001d3d  lcd_reverseNibble              
00001e8f  lcd_rotatingBanner             
00001f93  lcd_sendCommand                
00001fd1  lcd_sendNibble                 
0000203d  lcd_setCursorPos               
00003dd5  ldexp                          
00003dd5  ldexpl                         
200025d4  left_calibration_value         
0000531d  lseek                          
0000274b  main                           
000054f5  malloc                         
00003ee5  memalign                       
000053a9  memccpy                        
0000536d  memchr                         
00004353  memcpy                         
00004625  memset                         
200027a0  motor_cal_factor_L             
200027a4  motor_cal_factor_R             
00002169  move_forward                   
200027f4  numObjects                     
0000026d  oi_alloc                       
00000aa9  oi_checkFirmware               
000002c7  oi_close                       
00000279  oi_free                        
00000ded  oi_getMotorCalibrationLeft     
00000e01  oi_getMotorCalibrationRight    
000002b1  oi_init                        
00000289  oi_init_noupdate               
00000915  oi_loadSong                    
0000540f  oi_parseInt                    
0000032b  oi_parsePacket                 
0000096b  oi_play_song                   
0000084b  oi_setLeds                     
00000db1  oi_setMotorCalibration         
0000088f  oi_setWheels                   
00000b51  oi_shutoff_init                
0000098d  oi_uartInit                    
00000a31  oi_uartReceive                 
00000a77  oi_uartSendBuff                
00000a15  oi_uartSendChar                
00000a59  oi_uartSendStr                 
000002d9  oi_update                      
200025c0  parmbuf                        
0000312b  ping_getDistance               
00002fe9  ping_init                      
0000306f  ping_trigger                   
00001c7b  pointToSmallest                
000019ed  printObjectArr                 
000018dd  printToPutty                   
00004995  printf                         
200025d8  pulseLength                    
00004485  putc                           
000052c9  remove                         
200025dc  right_calibration_value        
200025e0  risingEdge                     
00003dd5  scalbn                         
00003dd5  scalbnl                        
000036b9  servo_init                     
00003749  servo_move                     
000037a9  servo_setPWM                   
0000373d  servo_stop                     
000041c5  setvbuf                        
00004fc9  sprintf                        
0000543f  strchr                         
00005427  strcmp                         
00005455  strcpy                         
00005469  strlen                         
00005131  strncpy                        
00002ebf  timer_getMicros                
00002e67  timer_getMillis                
00002da1  timer_init                     
00002e43  timer_pause                    
00002e55  timer_resume                   
00002e19  timer_stop                     
00002f19  timer_waitMicros               
00002f4b  timer_waitMillis               
000024f1  turn_left                      
00002465  turn_right                     
000052c9  unlink                         
00005009  vsnprintf                      
0000547d  wcslen                         
00005345  write                          


GLOBAL SYMBOLS: SORTED BY Symbol Address 

address   name                           
-------   ----                           
00000000  __TI_static_base__             
00000000  g_pfnVectors                   
0000026d  oi_alloc                       
00000279  oi_free                        
00000289  oi_init_noupdate               
000002b1  oi_init                        
000002c7  oi_close                       
000002d9  oi_update                      
0000032b  oi_parsePacket                 
0000084b  oi_setLeds                     
0000088f  oi_setWheels                   
00000915  oi_loadSong                    
0000096b  oi_play_song                   
0000097f  go_charge                      
0000098d  oi_uartInit                    
00000a15  oi_uartSendChar                
00000a31  oi_uartReceive                 
00000a59  oi_uartSendStr                 
00000a77  oi_uartSendBuff                
00000aa9  oi_checkFirmware               
00000b51  oi_shutoff_init                
00000bc3  GPIOF_Handler                  
00000db1  oi_setMotorCalibration         
00000ded  oi_getMotorCalibrationLeft     
00000e01  oi_getMotorCalibrationRight    
00000e8d  __TI_printfi                   
00001000  __STACK_SIZE                   
00001000  __SYSMEM_SIZE                  
000018db  _nop                           
000018dd  printToPutty                   
000019ed  printObjectArr                 
00001c7b  pointToSmallest                
00001d3d  lcd_reverseNibble              
00001d79  lcd_init                       
00001e39  lcd_putc                       
00001e71  lcd_puts                       
00001e8f  lcd_rotatingBanner             
00001f93  lcd_sendCommand                
00001fd1  lcd_sendNibble                 
00002015  lcd_gotoLine                   
0000203d  lcd_setCursorPos               
00002095  lcd_printf                     
00002169  move_forward                   
00002345  bumpR                          
000023cd  bumpL                          
00002465  turn_right                     
000024f1  turn_left                      
00002581  identifyObjects                
00002703  clearObjects                   
0000274b  main                           
00002b41  cyBOT_scan_version             
00002b4f  cyBOT_init_Scan                
00002ba7  cyBOT_Scan                     
00002c19  cyBOT_SERVO_cal                
00002da1  timer_init                     
00002e19  timer_stop                     
00002e43  timer_pause                    
00002e55  timer_resume                   
00002e67  timer_getMillis                
00002ebf  timer_getMicros                
00002f19  timer_waitMicros               
00002f4b  timer_waitMillis               
00002fe9  ping_init                      
0000306f  ping_trigger                   
000030d9  TIMER3B_Handler                
0000312b  ping_getDistance               
000033a5  __aeabi_dsub                   
000033af  __aeabi_dadd                   
0000355b  __aeabi_idiv0                  
0000355b  __aeabi_ldiv0                  
0000355d  cyBot_sendByte                 
00003569  cyBot_uart_sendStr             
00003583  cyBot_uart_sendBuffer          
0000359b  cyBot_uart_init                
0000362d  cyBot_uart_flush               
0000364b  cyBot_getByte                  
00003665  cyBot_UART1_Handler            
000036b9  servo_init                     
0000373d  servo_stop                     
00003749  servo_move                     
000037a9  servo_setPWM                   
0000394d  __aeabi_ddiv                   
00003ba9  ir_init                        
00003c11  ir_getValue                    
00003c39  ir_getDistance                 
00003c41  ADC0SS0_Handler                
00003c57  ir_enableInterrupt             
00003cc1  fputs                          
00003dd5  ldexp                          
00003dd5  ldexpl                         
00003dd5  scalbn                         
00003dd5  scalbnl                        
00003ee5  aligned_alloc                  
00003ee5  memalign                       
00003fe5  __aeabi_dmul                   
000040e1  free                           
000041c5  setvbuf                        
00004353  __aeabi_memcpy                 
00004353  __aeabi_memcpy4                
00004353  __aeabi_memcpy8                
00004353  memcpy                         
000043ef  __aeabi_uldivmod               
00004485  fputc                          
00004485  putc                           
00004511  __aeabi_cdcmpeq                
00004511  __aeabi_cdcmple                
00004597  __aeabi_cdrcmple               
0000461d  __aeabi_memclr                 
0000461d  __aeabi_memclr4                
0000461d  __aeabi_memclr8                
0000461f  __aeabi_memset                 
0000461f  __aeabi_memset4                
0000461f  __aeabi_memset8                
00004625  memset                         
00004699  __TI_closefile                 
000047eb  __aeabi_d2f                    
00004859  HOSTrename                     
000048c5  HOSTlseek                      
0000492d  __TI_decompress_lzss           
00004995  printf                         
000049fd  frexp                          
000049fd  frexpl                         
00004a61  fseek                          
00004ac5  __TI_wrt_ok                    
00004b29  HOSTopen                       
00004b89  close                          
00004be5  HOSTread                       
00004c3d  HOSTwrite                      
00004ceb  __TI_ltoa                      
00004d91  __TI_doflush                   
00004ddd  atoi                           
00004e29  exit                           
00004e71  __aeabi_d2iz                   
00004eb9  HOSTclose                      
00004efd  HOSTunlink                     
00004f41  __TI_auto_init_nobinit_nopinit 
00004f85  getdevice                      
00004fc9  sprintf                        
00005009  vsnprintf                      
00005089  __TI_writemsg                  
000050b7  C$$IO$$                        
000050c1  calloc                         
000050f9  __aeabi_f2d                    
00005131  strncpy                        
00005169  IntRegister                    
0000519d  __TI_cleanup                   
000051d1  __TI_readmsg                   
00005205  _c_int00_noargs                
00005269  finddevice                     
00005299  __aeabi_i2d                    
000052c9  remove                         
000052c9  unlink                         
0000531d  lseek                          
00005345  write                          
0000536d  memchr                         
000053a9  memccpy                        
000053c5  copysign                       
000053c5  copysignl                      
0000540f  oi_parseInt                    
00005427  strcmp                         
0000543f  strchr                         
00005455  strcpy                         
00005469  strlen                         
0000547d  wcslen                         
0000548f  IntMasterEnable                
0000549f  lcd_clear                      
000054af  __TI_decompress_none           
000054bd  CPUcpsie                       
000054c9  __TI_zero_init                 
000054d5  ResetISR                       
000054ed  __aeabi_errno_addr             
000054f5  malloc                         
00005505  _system_pre_init               
00005509  C$$EXIT                        
00005509  abort                          
0000550c  _ctypes_                       
000056a8  __TI_Handler_Table_Base        
000056b4  __TI_Handler_Table_Limit       
000056c8  __TI_CINIT_Base                
000056e0  __TI_CINIT_Limit               
20000000  __start___llvm_prf_cnts        
20000000  __stop___llvm_prf_cnts         
20000000  g_pfnRAMVectors                
20000270  __stack                        
20000470  __STACK_TOP                    
20001270  __STACK_END                    
20001270  _sys_memory                    
20002270  __CIOBUF_                      
20002390  arr_objects                    
20002480  __TI_tmpnams                   
20002574  isr_char_buffer                
200025c0  parmbuf                        
200025c8  _timeout_ticks                 
200025cc  fallingEdge                    
200025d0  isr_int_value                  
200025d4  left_calibration_value         
200025d8  pulseLength                    
200025dc  right_calibration_value        
200025e0  risingEdge                     
200025e4  isRisingEdge                   
200025e8  _ftable                        
200026d8  _device                        
20002750  _stream                        
200027a0  motor_cal_factor_L             
200027a4  motor_cal_factor_R             
200027c0  __TI_ft_end                    
200027c4  __aeabi_stdin                  
200027c8  __aeabi_stdout                 
200027cc  __aeabi_stderr                 
200027d0  __TI_cleanup_ptr               
200027d4  __TI_dtors_ptr                 
200027d8  __TI_enable_exit_profile_output
200027dc  _lock                          
200027e0  _unlock                        
200027ec  cyBOT_scan_features            
200027f0  isr_counter                    
200027f4  numObjects                     
200027f8  errno                          
200027fc  _running                       
ffffffff  __TI_pprof_out_hndl            
ffffffff  __TI_prof_data_size            
ffffffff  __TI_prof_data_start           
ffffffff  __binit__                      
ffffffff  __c_args__                     
ffffffff  binit                          
UNDEFED   __mpu_init                     
UNDEFED   _system_post_cinit             

[227 symbols]
