******************************************************************************
                  TI ARM Linker PC v20.2.6                     
******************************************************************************
>> Linked Fri Mar  3 14:10:38 2023

OUTPUT FILE NAME:   <Lab5.out>
ENTRY POINT SYMBOL: "_c_int00_noargs"  address: 000026a5


MEMORY CONFIGURATION

         name            origin    length      used     unused   attr    fill
----------------------  --------  ---------  --------  --------  ----  --------
  FLASH                 00000000   00040000  0000298d  0003d673  R  X
  SRAM                  20000000   00008000  000022c9  00005d37  RW X


SEGMENT ALLOCATION MAP

run origin  load origin   length   init length attrs members
----------  ----------- ---------- ----------- ----- -------
00000000    00000000    00002990   00002990    r-x
  00000000    00000000    0000026c   0000026c    r-- .intvecs
  0000026c    0000026c    000025d8   000025d8    r-x .text
  00002844    00002844    00000109   00000109    r-- .const
  00002950    00002950    00000040   00000040    r-- .cinit
20000000    20000000    000022cd   00000000    rw-
  20000000    20000000    0000026c   00000000    rw- .vtable
  20000270    20000270    00001000   00000000    rw- .stack
  20001270    20001270    00001000   00000000    rw- .sysmem
  20002270    20002270    00000058   00000000    rw- .bss
  200022c8    200022c8    00000005   00000000    rw- .data


SECTION ALLOCATION MAP

 output                                  attributes/
section   page    origin      length       input sections
--------  ----  ----------  ----------   ----------------
.intvecs   0    00000000    0000026c     
                  00000000    0000026c     tm4c123gh6pm_startup_ccs.obj (.intvecs)

.text      0    0000026c    000025d8     
                  0000026c    00000a4e     rtsv7M4_T_le_v4SPD16_eabi.lib : _printfi.c.obj (.text:__TI_printfi)
                  00000cba    00000002                                   : div0.asm.obj (.text)
                  00000cbc    00000328     lcd.obj (.text)
                  00000fe4    00000270     rtsv7M4_T_le_v4SPD16_eabi.lib : _printfi.c.obj (.text:_pconv_a)
                  00001254    00000248     Timer.obj (.text)
                  0000149c    000001d0     rtsv7M4_T_le_v4SPD16_eabi.lib : _printfi.c.obj (.text:_pconv_g)
                  0000166c    000001b6                                   : fd_add_t2.asm.obj (.text)
                  00001822    00000002     --HOLE-- [fill = 0]
                  00001824    0000013c                                   : _printfi.c.obj (.text:_pconv_e)
                  00001960    00000136                                   : fd_div_t2.asm.obj (.text)
                  00001a96    00000002     --HOLE-- [fill = 0]
                  00001a98    00000124                                   : _printfi.c.obj (.text:fcvt)
                  00001bbc    0000011c     uart.obj (.text)
                  00001cd8    00000110     rtsv7M4_T_le_v4SPD16_eabi.lib : s_scalbn.c.obj (.text:scalbn)
                  00001de8    000000fc                                   : fd_mul_t2.asm.obj (.text)
                  00001ee4    000000b1                                   : _printfi.c.obj (.text:_ltostr)
                  00001f95    00000001     --HOLE-- [fill = 0]
                  00001f96    0000009c                                   : memcpy_t2.asm.obj (.text)
                  00002032    00000096                                   : ull_div_t2.asm.obj (.text)
                  000020c8    00000092     main.obj (.text)
                  0000215a    00000086     rtsv7M4_T_le_v4SPD16_eabi.lib : fd_cmp_t2.asm.obj (.text:__aeabi_cdcmple)
                  000021e0    00000086                                   : fd_cmp_t2.asm.obj (.text:__aeabi_cdrcmple)
                  00002266    0000007a                                   : memset_t2.asm.obj (.text)
                  000022e0    0000006e                                   : _printfi.c.obj (.text:_mcpy)
                  0000234e    00000068                                   : copy_decompress_lzss.c.obj (.text:decompress:lzss:__TI_decompress_lzss)
                  000023b6    00000002     --HOLE-- [fill = 0]
                  000023b8    00000064                                   : s_frexp.c.obj (.text:frexp)
                  0000241c    00000056                                   : _printfi.c.obj (.text:_pconv_f)
                  00002472    00000054                                   : _ltoa.c.obj (.text:__TI_ltoa)
                  000024c6    00000052                                   : _printfi.c.obj (.text:_ecpy)
                  00002518    0000004c                                   : atoi.c.obj (.text:atoi)
                  00002564    00000048                                   : fd_toi_t2.asm.obj (.text)
                  000025ac    00000044                                   : autoinit.c.obj (.text:__TI_auto_init_nobinit_nopinit:__TI_auto_init_nobinit_nopinit)
                  000025f0    00000040                                   : vsnprintf.c.obj (.text:vsnprintf)
                  00002630    0000003e                                   : _printfi.c.obj (.text:_fcpy)
                  0000266e    00000002     --HOLE-- [fill = 0]
                  00002670    00000034     driverlib.lib : interrupt.obj (.text:IntRegister)
                  000026a4    00000034     rtsv7M4_T_le_v4SPD16_eabi.lib : boot_cortex_m.c.obj (.text:_c_int00_noargs:_c_int00_noargs)
                  000026d8    00000030                                   : vsnprintf.c.obj (.text:_outs)
                  00002708    0000002e                                   : i_tofd_t2.asm.obj (.text)
                  00002736    0000001c                                   : copy_zero_init.c.obj (.text:decompress:ZI:__TI_zero_init_nomemset:__TI_zero_init_nomemset)
                  00002752    0000001c                                   : memccpy.c.obj (.text:memccpy)
                  0000276e    0000001a                                   : s_copysign.c.obj (.text:copysign)
                  00002788    00000018                                   : vsnprintf.c.obj (.text:_outc)
                  000027a0    00000018                                   : strcmp.c.obj (.text:strcmp)
                  000027b8    00000016                                   : strchr.c.obj (.text:strchr)
                  000027ce    00000014                                   : strcpy.c.obj (.text:strcpy)
                  000027e2    00000014                                   : strlen.c.obj (.text:strlen)
                  000027f6    00000012                                   : wcslen.c.obj (.text:wcslen)
                  00002808    00000010     lcd.obj (.text:lcd_clear)
                  00002818    0000000e     rtsv7M4_T_le_v4SPD16_eabi.lib : copy_decompress_none.c.obj (.text:decompress:none:__TI_decompress_none)
                  00002826    0000000c     tm4c123gh6pm_startup_ccs.obj (.text)
                  00002832    00000002     --HOLE-- [fill = 0]
                  00002834    00000008     rtsv7M4_T_le_v4SPD16_eabi.lib : errno.c.obj (.text:__aeabi_errno_addr)
                  0000283c    00000004                                   : pre_init.c.obj (.text:_system_pre_init)
                  00002840    00000004                                   : exit.c.obj (.text:abort:abort)

.const     0    00002844    00000109     
                  00002844    00000101     rtsv7M4_T_le_v4SPD16_eabi.lib : ctype.c.obj (.const:.string:_ctypes_)
                  00002945    00000004     lcd.obj (.const:.string:lineAddress$1)
                  00002949    00000004     lcd.obj (.const:.string:lineAddresses$2)

.cinit     0    00002950    00000040     
                  00002950    0000000c     (__TI_handler_table)
                  0000295c    00000004     --HOLE-- [fill = 0]
                  00002960    00000008     (.cinit..bss.load) [load image, compression = zero_init]
                  00002968    00000008     (.cinit..vtable.load) [load image, compression = zero_init]
                  00002970    00000007     (.cinit..data.load) [load image, compression = lzss]
                  00002977    00000001     --HOLE-- [fill = 0]
                  00002978    00000018     (__TI_cinit_table)

.init_array 
*          0    00000000    00000000     UNINITIALIZED

.vtable    0    20000000    0000026c     UNINITIALIZED
                  20000000    0000026c     driverlib.lib : interrupt.obj (.vtable)

.stack     0    20000270    00001000     UNINITIALIZED
                  20000270    00000004     rtsv7M4_T_le_v4SPD16_eabi.lib : boot_cortex_m.c.obj (.stack)
                  20000274    00000ffc     --HOLE--

.sysmem    0    20001270    00001000     UNINITIALIZED
                  20001270    00000010     rtsv7M4_T_le_v4SPD16_eabi.lib : memory.c.obj (.sysmem)
                  20001280    00000ff0     --HOLE--

.bss       0    20002270    00000058     UNINITIALIZED
                  20002270    00000054     lcd.obj (.bss:lastbuffer$3)
                  200022c4    00000004     (.common:_timeout_ticks)

.data      0    200022c8    00000005     UNINITIALIZED
                  200022c8    00000004     rtsv7M4_T_le_v4SPD16_eabi.lib : errno.c.obj (.data)
                  200022cc    00000001     Timer.obj (.data)

__llvm_prf_cnts 
*          0    20000000    00000000     UNINITIALIZED

MODULE SUMMARY

       Module                         code   ro data   rw data
       ------                         ----   -------   -------
    .\
       lcd.obj                        824    8         84     
       tm4c123gh6pm_startup_ccs.obj   12     620       0      
       Timer.obj                      584    0         5      
       uart.obj                       284    0         0      
       main.obj                       146    0         0      
    +--+------------------------------+------+---------+---------+
       Total:                         1850   628       89     
                                                              
    C:/ti/TivaWare_C_Series-2.2.0.295/driverlib/ccs/Debug/driverlib.lib
       interrupt.obj                  52     0         620    
    +--+------------------------------+------+---------+---------+
       Total:                         52     0         620    
                                                              
    C:\ti\ccs1200\ccs\tools\compiler\ti-cgt-arm_20.2.6.LTS\lib\rtsv7M4_T_le_v4SPD16_eabi.lib
       _printfi.c.obj                 4851   0         0      
       fd_add_t2.asm.obj              438    0         0      
       fd_div_t2.asm.obj              310    0         0      
       s_scalbn.c.obj                 272    0         0      
       fd_cmp_t2.asm.obj              268    0         0      
       ctype.c.obj                    0      257       0      
       fd_mul_t2.asm.obj              252    0         0      
       memcpy_t2.asm.obj              156    0         0      
       ull_div_t2.asm.obj             150    0         0      
       vsnprintf.c.obj                136    0         0      
       memset_t2.asm.obj              122    0         0      
       copy_decompress_lzss.c.obj     104    0         0      
       s_frexp.c.obj                  100    0         0      
       _ltoa.c.obj                    84     0         0      
       atoi.c.obj                     76     0         0      
       fd_toi_t2.asm.obj              72     0         0      
       autoinit.c.obj                 68     0         0      
       boot_cortex_m.c.obj            52     0         0      
       i_tofd_t2.asm.obj              46     0         0      
       copy_zero_init.c.obj           28     0         0      
       memccpy.c.obj                  28     0         0      
       s_copysign.c.obj               26     0         0      
       strcmp.c.obj                   24     0         0      
       strchr.c.obj                   22     0         0      
       strcpy.c.obj                   20     0         0      
       strlen.c.obj                   20     0         0      
       wcslen.c.obj                   18     0         0      
       copy_decompress_none.c.obj     14     0         0      
       errno.c.obj                    8      0         4      
       exit.c.obj                     4      0         0      
       pre_init.c.obj                 4      0         0      
       div0.asm.obj                   2      0         0      
    +--+------------------------------+------+---------+---------+
       Total:                         7775   257       4      
                                                              
       Heap:                          0      0         4096   
       Stack:                         0      0         4096   
       Linker Generated:              0      59        0      
    +--+------------------------------+------+---------+---------+
       Grand Total:                   9677   944       8905   


LINKER GENERATED COPY TABLES

__TI_cinit_table @ 00002978 records: 3, size/record: 8, table size: 24
	.bss: load addr=00002960, load size=00000008 bytes, run addr=20002270, run size=00000058 bytes, compression=zero_init
	.vtable: load addr=00002968, load size=00000008 bytes, run addr=20000000, run size=0000026c bytes, compression=zero_init
	.data: load addr=00002970, load size=00000007 bytes, run addr=200022c8, run size=00000005 bytes, compression=lzss


LINKER GENERATED HANDLER TABLE

__TI_handler_table @ 00002950 records: 3, size/record: 4, table size: 12
	index: 0, handler: __TI_zero_init
	index: 1, handler: __TI_decompress_lzss
	index: 2, handler: __TI_decompress_none


GLOBAL SYMBOLS: SORTED ALPHABETICALLY BY Name 

address   name                          
-------   ----                          
00002841  C$$EXIT                       
00002671  IntRegister                   
00002827  ResetISR                      
20001270  __STACK_END                   
00001000  __STACK_SIZE                  
20000470  __STACK_TOP                   
00001000  __SYSMEM_SIZE                 
00002978  __TI_CINIT_Base               
00002990  __TI_CINIT_Limit              
00002950  __TI_Handler_Table_Base       
0000295c  __TI_Handler_Table_Limit      
000025ad  __TI_auto_init_nobinit_nopinit
0000234f  __TI_decompress_lzss          
00002819  __TI_decompress_none          
00002473  __TI_ltoa                     
ffffffff  __TI_pprof_out_hndl           
0000026d  __TI_printfi                  
ffffffff  __TI_prof_data_size           
ffffffff  __TI_prof_data_start          
00000000  __TI_static_base__            
00002737  __TI_zero_init_nomemset       
0000215b  __aeabi_cdcmpeq               
0000215b  __aeabi_cdcmple               
000021e1  __aeabi_cdrcmple              
00002565  __aeabi_d2iz                  
00001677  __aeabi_dadd                  
00001961  __aeabi_ddiv                  
00001de9  __aeabi_dmul                  
0000166d  __aeabi_dsub                  
00002835  __aeabi_errno_addr            
00002709  __aeabi_i2d                   
00000cbb  __aeabi_idiv0                 
00000cbb  __aeabi_ldiv0                 
00002267  __aeabi_memclr                
00002267  __aeabi_memclr4               
00002267  __aeabi_memclr8               
00001f97  __aeabi_memcpy                
00001f97  __aeabi_memcpy4               
00001f97  __aeabi_memcpy8               
00002269  __aeabi_memset                
00002269  __aeabi_memset4               
00002269  __aeabi_memset8               
00002033  __aeabi_uldivmod              
ffffffff  __binit__                     
ffffffff  __c_args__                    
UNDEFED   __mpu_init                    
20000270  __stack                       
20000000  __start___llvm_prf_cnts       
20000000  __stop___llvm_prf_cnts        
000026a5  _c_int00_noargs               
00002844  _ctypes_                      
200022cc  _running                      
20001270  _sys_memory                   
UNDEFED   _system_post_cinit            
0000283d  _system_pre_init              
200022c4  _timeout_ticks                
00002841  abort                         
00002519  atoi                          
ffffffff  binit                         
0000276f  copysign                      
0000276f  copysignl                     
200022c8  errno                         
000023b9  frexp                         
000023b9  frexpl                        
20000000  g_pfnRAMVectors               
00000000  g_pfnVectors                  
00002809  lcd_clear                     
00000e91  lcd_gotoLine                  
00000cf9  lcd_init                      
00000ef7  lcd_printf                    
00000db9  lcd_putc                      
00000df1  lcd_puts                      
00000cbd  lcd_reverseNibble             
00000e0f  lcd_sendCommand               
00000e4d  lcd_sendNibble                
00000eb9  lcd_setCursorPos              
00001cd9  ldexp                         
00001cd9  ldexpl                        
000020c9  main                          
00002753  memccpy                       
00001f97  memcpy                        
0000226f  memset                        
00001cd9  scalbn                        
00001cd9  scalbnl                       
000027b9  strchr                        
000027a1  strcmp                        
000027cf  strcpy                        
000027e3  strlen                        
00001373  timer_getMicros               
0000131b  timer_getMillis               
00001255  timer_init                    
000012f7  timer_pause                   
00001309  timer_resume                  
000012cd  timer_stop                    
000013cd  timer_waitMicros              
000013ff  timer_waitMillis              
00001bbd  uart_init                     
00001c5b  uart_receive                  
00001c3f  uart_sendChar                 
00001c81  uart_sendStr                  
000025f1  vsnprintf                     
000027f7  wcslen                        


GLOBAL SYMBOLS: SORTED BY Symbol Address 

address   name                          
-------   ----                          
00000000  __TI_static_base__            
00000000  g_pfnVectors                  
0000026d  __TI_printfi                  
00000cbb  __aeabi_idiv0                 
00000cbb  __aeabi_ldiv0                 
00000cbd  lcd_reverseNibble             
00000cf9  lcd_init                      
00000db9  lcd_putc                      
00000df1  lcd_puts                      
00000e0f  lcd_sendCommand               
00000e4d  lcd_sendNibble                
00000e91  lcd_gotoLine                  
00000eb9  lcd_setCursorPos              
00000ef7  lcd_printf                    
00001000  __STACK_SIZE                  
00001000  __SYSMEM_SIZE                 
00001255  timer_init                    
000012cd  timer_stop                    
000012f7  timer_pause                   
00001309  timer_resume                  
0000131b  timer_getMillis               
00001373  timer_getMicros               
000013cd  timer_waitMicros              
000013ff  timer_waitMillis              
0000166d  __aeabi_dsub                  
00001677  __aeabi_dadd                  
00001961  __aeabi_ddiv                  
00001bbd  uart_init                     
00001c3f  uart_sendChar                 
00001c5b  uart_receive                  
00001c81  uart_sendStr                  
00001cd9  ldexp                         
00001cd9  ldexpl                        
00001cd9  scalbn                        
00001cd9  scalbnl                       
00001de9  __aeabi_dmul                  
00001f97  __aeabi_memcpy                
00001f97  __aeabi_memcpy4               
00001f97  __aeabi_memcpy8               
00001f97  memcpy                        
00002033  __aeabi_uldivmod              
000020c9  main                          
0000215b  __aeabi_cdcmpeq               
0000215b  __aeabi_cdcmple               
000021e1  __aeabi_cdrcmple              
00002267  __aeabi_memclr                
00002267  __aeabi_memclr4               
00002267  __aeabi_memclr8               
00002269  __aeabi_memset                
00002269  __aeabi_memset4               
00002269  __aeabi_memset8               
0000226f  memset                        
0000234f  __TI_decompress_lzss          
000023b9  frexp                         
000023b9  frexpl                        
00002473  __TI_ltoa                     
00002519  atoi                          
00002565  __aeabi_d2iz                  
000025ad  __TI_auto_init_nobinit_nopinit
000025f1  vsnprintf                     
00002671  IntRegister                   
000026a5  _c_int00_noargs               
00002709  __aeabi_i2d                   
00002737  __TI_zero_init_nomemset       
00002753  memccpy                       
0000276f  copysign                      
0000276f  copysignl                     
000027a1  strcmp                        
000027b9  strchr                        
000027cf  strcpy                        
000027e3  strlen                        
000027f7  wcslen                        
00002809  lcd_clear                     
00002819  __TI_decompress_none          
00002827  ResetISR                      
00002835  __aeabi_errno_addr            
0000283d  _system_pre_init              
00002841  C$$EXIT                       
00002841  abort                         
00002844  _ctypes_                      
00002950  __TI_Handler_Table_Base       
0000295c  __TI_Handler_Table_Limit      
00002978  __TI_CINIT_Base               
00002990  __TI_CINIT_Limit              
20000000  __start___llvm_prf_cnts       
20000000  __stop___llvm_prf_cnts        
20000000  g_pfnRAMVectors               
20000270  __stack                       
20000470  __STACK_TOP                   
20001270  __STACK_END                   
20001270  _sys_memory                   
200022c4  _timeout_ticks                
200022c8  errno                         
200022cc  _running                      
ffffffff  __TI_pprof_out_hndl           
ffffffff  __TI_prof_data_size           
ffffffff  __TI_prof_data_start          
ffffffff  __binit__                     
ffffffff  __c_args__                    
ffffffff  binit                         
UNDEFED   __mpu_init                    
UNDEFED   _system_post_cinit            

[102 symbols]
