******************************************************************************
                  TI ARM Linker PC v20.2.6                     
******************************************************************************
>> Linked Fri Mar  3 15:23:08 2023

OUTPUT FILE NAME:   <Lab6.out>
ENTRY POINT SYMBOL: "_c_int00_noargs"  address: 00002dfd


MEMORY CONFIGURATION

         name            origin    length      used     unused   attr    fill
----------------------  --------  ---------  --------  --------  ----  --------
  FLASH                 00000000   00040000  00003101  0003ceff  R  X
  SRAM                  20000000   00008000  000022ee  00005d12  RW X


SEGMENT ALLOCATION MAP

run origin  load origin   length   init length attrs members
----------  ----------- ---------- ----------- ----- -------
00000000    00000000    00003108   00003108    r-x
  00000000    00000000    0000026c   0000026c    r-- .intvecs
  0000026c    0000026c    00002d4c   00002d4c    r-x .text
  00002fb8    00002fb8    00000109   00000109    r-- .const
  000030c8    000030c8    00000040   00000040    r-- .cinit
20000000    20000000    000022f5   00000000    rw-
  20000000    20000000    0000026c   00000000    rw- .vtable
  20000270    20000270    00001000   00000000    rw- .stack
  20001270    20001270    00001000   00000000    rw- .sysmem
  20002270    20002270    00000071   00000000    rw- .bss
  200022e4    200022e4    00000011   00000000    rw- .data


SECTION ALLOCATION MAP

 output                                  attributes/
section   page    origin      length       input sections
--------  ----  ----------  ----------   ----------------
.intvecs   0    00000000    0000026c     
                  00000000    0000026c     tm4c123gh6pm_startup_ccs.obj (.intvecs)

.text      0    0000026c    00002d4c     
                  0000026c    00000a4e     rtsv7M4_T_le_v4SPD16_eabi.lib : _printfi.c.obj (.text:__TI_printfi)
                  00000cba    00000002                                   : div0.asm.obj (.text)
                  00000cbc    00000328     lcd.obj (.text)
                  00000fe4    00000270     rtsv7M4_T_le_v4SPD16_eabi.lib : _printfi.c.obj (.text:_pconv_a)
                  00001254    00000260     libcybotScan.lib : cyBot_Scan.obj (.text)
                  000014b4    00000248     Timer.obj (.text)
                  000016fc    000001f4     uart-interrupt.obj (.text)
                  000018f0    000001ec     libcybotScan.lib : ping.obj (.text)
                  00001adc    000001d0     rtsv7M4_T_le_v4SPD16_eabi.lib : _printfi.c.obj (.text:_pconv_g)
                  00001cac    000001b6                                   : fd_add_t2.asm.obj (.text)
                  00001e62    00000002     --HOLE-- [fill = 0]
                  00001e64    00000158     libcybotScan.lib : servo.obj (.text)
                  00001fbc    0000013c     rtsv7M4_T_le_v4SPD16_eabi.lib : _printfi.c.obj (.text:_pconv_e)
                  000020f8    00000136                                   : fd_div_t2.asm.obj (.text)
                  0000222e    00000002     --HOLE-- [fill = 0]
                  00002230    00000124                                   : _printfi.c.obj (.text:fcvt)
                  00002354    00000118     libcybotScan.lib : ir.obj (.text)
                  0000246c    00000110     rtsv7M4_T_le_v4SPD16_eabi.lib : s_scalbn.c.obj (.text:scalbn)
                  0000257c    000000fc                                   : fd_mul_t2.asm.obj (.text)
                  00002678    000000b1                                   : _printfi.c.obj (.text:_ltostr)
                  00002729    00000001     --HOLE-- [fill = 0]
                  0000272a    0000009c                                   : memcpy_t2.asm.obj (.text)
                  000027c6    00000096                                   : ull_div_t2.asm.obj (.text)
                  0000285c    00000086                                   : fd_cmp_t2.asm.obj (.text:__aeabi_cdcmple)
                  000028e2    00000086                                   : fd_cmp_t2.asm.obj (.text:__aeabi_cdrcmple)
                  00002968    0000007a                                   : memset_t2.asm.obj (.text)
                  000029e2    0000006e                                   : _printfi.c.obj (.text:_mcpy)
                  00002a50    00000068                                   : copy_decompress_lzss.c.obj (.text:decompress:lzss:__TI_decompress_lzss)
                  00002ab8    00000064                                   : s_frexp.c.obj (.text:frexp)
                  00002b1c    00000058     lab6-interrupt_template.obj (.text)
                  00002b74    00000056     rtsv7M4_T_le_v4SPD16_eabi.lib : _printfi.c.obj (.text:_pconv_f)
                  00002bca    00000054                                   : _ltoa.c.obj (.text:__TI_ltoa)
                  00002c1e    00000052                                   : _printfi.c.obj (.text:_ecpy)
                  00002c70    0000004c                                   : atoi.c.obj (.text:atoi)
                  00002cbc    00000048                                   : fd_toi_t2.asm.obj (.text)
                  00002d04    00000044                                   : autoinit.c.obj (.text:__TI_auto_init_nobinit_nopinit:__TI_auto_init_nobinit_nopinit)
                  00002d48    00000040                                   : vsnprintf.c.obj (.text:vsnprintf)
                  00002d88    0000003e                                   : _printfi.c.obj (.text:_fcpy)
                  00002dc6    00000002     --HOLE-- [fill = 0]
                  00002dc8    00000034     driverlib.lib : interrupt.obj (.text:IntRegister)
                  00002dfc    00000034     rtsv7M4_T_le_v4SPD16_eabi.lib : boot_cortex_m.c.obj (.text:_c_int00_noargs:_c_int00_noargs)
                  00002e30    00000030                                   : vsnprintf.c.obj (.text:_outs)
                  00002e60    0000002e                                   : i_tofd_t2.asm.obj (.text)
                  00002e8e    0000001c                                   : copy_zero_init.c.obj (.text:decompress:ZI:__TI_zero_init_nomemset:__TI_zero_init_nomemset)
                  00002eaa    0000001c                                   : memccpy.c.obj (.text:memccpy)
                  00002ec6    0000001a                                   : s_copysign.c.obj (.text:copysign)
                  00002ee0    00000018                                   : vsnprintf.c.obj (.text:_outc)
                  00002ef8    00000018                                   : strcmp.c.obj (.text:strcmp)
                  00002f10    00000016                                   : strchr.c.obj (.text:strchr)
                  00002f26    00000014                                   : strcpy.c.obj (.text:strcpy)
                  00002f3a    00000014                                   : strlen.c.obj (.text:strlen)
                  00002f4e    00000012                                   : wcslen.c.obj (.text:wcslen)
                  00002f60    00000010     driverlib.lib : interrupt.obj (.text:IntMasterEnable)
                  00002f70    00000010     lcd.obj (.text:lcd_clear)
                  00002f80    0000000e     rtsv7M4_T_le_v4SPD16_eabi.lib : copy_decompress_none.c.obj (.text:decompress:none:__TI_decompress_none)
                  00002f8e    0000000c     driverlib.lib : cpu.obj (.text:CPUcpsie)
                  00002f9a    0000000c     tm4c123gh6pm_startup_ccs.obj (.text)
                  00002fa6    00000002     --HOLE-- [fill = 0]
                  00002fa8    00000008     rtsv7M4_T_le_v4SPD16_eabi.lib : errno.c.obj (.text:__aeabi_errno_addr)
                  00002fb0    00000004                                   : pre_init.c.obj (.text:_system_pre_init)
                  00002fb4    00000004                                   : exit.c.obj (.text:abort:abort)

.const     0    00002fb8    00000109     
                  00002fb8    00000101     rtsv7M4_T_le_v4SPD16_eabi.lib : ctype.c.obj (.const:.string:_ctypes_)
                  000030b9    00000004     lcd.obj (.const:.string:lineAddress$1)
                  000030bd    00000004     lcd.obj (.const:.string:lineAddresses$2)

.cinit     0    000030c8    00000040     
                  000030c8    0000000c     (__TI_handler_table)
                  000030d4    0000000b     (.cinit..data.load) [load image, compression = lzss]
                  000030df    00000001     --HOLE-- [fill = 0]
                  000030e0    00000008     (.cinit..bss.load) [load image, compression = zero_init]
                  000030e8    00000008     (.cinit..vtable.load) [load image, compression = zero_init]
                  000030f0    00000018     (__TI_cinit_table)

.init_array 
*          0    00000000    00000000     UNINITIALIZED

.vtable    0    20000000    0000026c     UNINITIALIZED
                  20000000    0000026c     driverlib.lib : interrupt.obj (.vtable)

.stack     0    20000270    00001000     UNINITIALIZED
                  20000270    00000004     rtsv7M4_T_le_v4SPD16_eabi.lib : boot_cortex_m.c.obj (.stack)
                  20000274    00000ffc     --HOLE--

.sysmem    0    20001270    00001000     UNINITIALIZED
                  20001270    00000010     rtsv7M4_T_le_v4SPD16_eabi.lib : memory.c.obj (.sysmem)
                  20001280    00000ff0     --HOLE--

.bss       0    20002270    00000071     UNINITIALIZED
                  20002270    00000054     lcd.obj (.bss:lastbuffer$3)
                  200022c4    00000004     (.common:_timeout_ticks)
                  200022c8    00000004     (.common:fallingEdge)
                  200022cc    00000004     (.common:isr_int_value)
                  200022d0    00000004     (.common:left_calibration_value)
                  200022d4    00000004     (.common:pulseLength)
                  200022d8    00000004     (.common:right_calibration_value)
                  200022dc    00000004     (.common:risingEdge)
                  200022e0    00000001     (.common:isRisingEdge)

.data      0    200022e4    00000011     UNINITIALIZED
                  200022e4    00000008     uart-interrupt.obj (.data)
                  200022ec    00000004     libcybotScan.lib : cyBot_Scan.obj (.data)
                  200022f0    00000004     rtsv7M4_T_le_v4SPD16_eabi.lib : errno.c.obj (.data)
                  200022f4    00000001     Timer.obj (.data)

__llvm_prf_cnts 
*          0    20000000    00000000     UNINITIALIZED

MODULE SUMMARY

       Module                         code    ro data   rw data
       ------                         ----    -------   -------
    .\
       lcd.obj                        824     8         84     
       tm4c123gh6pm_startup_ccs.obj   12      620       0      
       Timer.obj                      584     0         5      
       uart-interrupt.obj             500     0         8      
       lab6-interrupt_template.obj    88      0         8      
    +--+------------------------------+-------+---------+---------+
       Total:                         2008    628       105    
                                                               
    ../libcybotScan.lib
       cyBot_Scan.obj                 608     0         4      
       ping.obj                       492     0         13     
       servo.obj                      344     0         0      
       ir.obj                         280     0         4      
    +--+------------------------------+-------+---------+---------+
       Total:                         1724    0         21     
                                                               
    C:/ti/TivaWare_C_Series-2.2.0.295/driverlib/ccs/Debug/driverlib.lib
       interrupt.obj                  68      0         620    
       cpu.obj                        12      0         0      
    +--+------------------------------+-------+---------+---------+
       Total:                         80      0         620    
                                                               
    C:\ti\ccs1200\ccs\tools\compiler\ti-cgt-arm_20.2.6.LTS\lib\rtsv7M4_T_le_v4SPD16_eabi.lib
       _printfi.c.obj                 4851    0         0      
       fd_add_t2.asm.obj              438     0         0      
       fd_div_t2.asm.obj              310     0         0      
       s_scalbn.c.obj                 272     0         0      
       fd_cmp_t2.asm.obj              268     0         0      
       ctype.c.obj                    0       257       0      
       fd_mul_t2.asm.obj              252     0         0      
       memcpy_t2.asm.obj              156     0         0      
       ull_div_t2.asm.obj             150     0         0      
       vsnprintf.c.obj                136     0         0      
       memset_t2.asm.obj              122     0         0      
       copy_decompress_lzss.c.obj     104     0         0      
       s_frexp.c.obj                  100     0         0      
       _ltoa.c.obj                    84      0         0      
       atoi.c.obj                     76      0         0      
       fd_toi_t2.asm.obj              72      0         0      
       autoinit.c.obj                 68      0         0      
       boot_cortex_m.c.obj            52      0         0      
       i_tofd_t2.asm.obj              46      0         0      
       copy_zero_init.c.obj           28      0         0      
       memccpy.c.obj                  28      0         0      
       s_copysign.c.obj               26      0         0      
       strcmp.c.obj                   24      0         0      
       strchr.c.obj                   22      0         0      
       strcpy.c.obj                   20      0         0      
       strlen.c.obj                   20      0         0      
       wcslen.c.obj                   18      0         0      
       copy_decompress_none.c.obj     14      0         0      
       errno.c.obj                    8       0         4      
       exit.c.obj                     4       0         0      
       pre_init.c.obj                 4       0         0      
       div0.asm.obj                   2       0         0      
    +--+------------------------------+-------+---------+---------+
       Total:                         7775    257       4      
                                                               
       Heap:                          0       0         4096   
       Stack:                         0       0         4096   
       Linker Generated:              0       63        0      
    +--+------------------------------+-------+---------+---------+
       Grand Total:                   11587   948       8942   


LINKER GENERATED COPY TABLES

__TI_cinit_table @ 000030f0 records: 3, size/record: 8, table size: 24
	.data: load addr=000030d4, load size=0000000b bytes, run addr=200022e4, run size=00000011 bytes, compression=lzss
	.bss: load addr=000030e0, load size=00000008 bytes, run addr=20002270, run size=00000071 bytes, compression=zero_init
	.vtable: load addr=000030e8, load size=00000008 bytes, run addr=20000000, run size=0000026c bytes, compression=zero_init


LINKER GENERATED HANDLER TABLE

__TI_handler_table @ 000030c8 records: 3, size/record: 4, table size: 12
	index: 0, handler: __TI_zero_init
	index: 1, handler: __TI_decompress_lzss
	index: 2, handler: __TI_decompress_none


GLOBAL SYMBOLS: SORTED ALPHABETICALLY BY Name 

address   name                          
-------   ----                          
000023ed  ADC0SS0_Handler               
00002fb5  C$$EXIT                       
00002f8f  CPUcpsie                      
00002f61  IntMasterEnable               
00002dc9  IntRegister                   
00002f9b  ResetISR                      
000019e1  TIMER3B_Handler               
0000184f  UART1_Handler                 
20001270  __STACK_END                   
00001000  __STACK_SIZE                  
20000470  __STACK_TOP                   
00001000  __SYSMEM_SIZE                 
000030f0  __TI_CINIT_Base               
00003108  __TI_CINIT_Limit              
000030c8  __TI_Handler_Table_Base       
000030d4  __TI_Handler_Table_Limit      
00002d05  __TI_auto_init_nobinit_nopinit
00002a51  __TI_decompress_lzss          
00002f81  __TI_decompress_none          
00002bcb  __TI_ltoa                     
ffffffff  __TI_pprof_out_hndl           
0000026d  __TI_printfi                  
ffffffff  __TI_prof_data_size           
ffffffff  __TI_prof_data_start          
00000000  __TI_static_base__            
00002e8f  __TI_zero_init_nomemset       
0000285d  __aeabi_cdcmpeq               
0000285d  __aeabi_cdcmple               
000028e3  __aeabi_cdrcmple              
00002cbd  __aeabi_d2iz                  
00001cb7  __aeabi_dadd                  
000020f9  __aeabi_ddiv                  
0000257d  __aeabi_dmul                  
00001cad  __aeabi_dsub                  
00002fa9  __aeabi_errno_addr            
00002e61  __aeabi_i2d                   
00000cbb  __aeabi_idiv0                 
00000cbb  __aeabi_ldiv0                 
00002969  __aeabi_memclr                
00002969  __aeabi_memclr4               
00002969  __aeabi_memclr8               
0000272b  __aeabi_memcpy                
0000272b  __aeabi_memcpy4               
0000272b  __aeabi_memcpy8               
0000296b  __aeabi_memset                
0000296b  __aeabi_memset4               
0000296b  __aeabi_memset8               
000027c7  __aeabi_uldivmod              
ffffffff  __binit__                     
ffffffff  __c_args__                    
UNDEFED   __mpu_init                    
20000270  __stack                       
20000000  __start___llvm_prf_cnts       
20000000  __stop___llvm_prf_cnts        
00002dfd  _c_int00_noargs               
00002fb8  _ctypes_                      
200022f4  _running                      
20001270  _sys_memory                   
UNDEFED   _system_post_cinit            
00002fb1  _system_pre_init              
200022c4  _timeout_ticks                
00002fb5  abort                         
00002c71  atoi                          
ffffffff  binit                         
200022e4  command_byte                  
200022e8  command_flag                  
00002ec7  copysign                      
00002ec7  copysignl                     
0000132d  cyBOT_SERVO_cal               
000012bb  cyBOT_Scan                    
00001263  cyBOT_init_Scan               
200022ec  cyBOT_scan_features           
00001255  cyBOT_scan_version            
200022f0  errno                         
200022c8  fallingEdge                   
00002ab9  frexp                         
00002ab9  frexpl                        
20000000  g_pfnRAMVectors               
00000000  g_pfnVectors                  
00002403  ir_enableInterrupt            
000023e5  ir_getDistance                
000023bd  ir_getValue                   
00002355  ir_init                       
200022e0  isRisingEdge                  
200022cc  isr_int_value                 
00002f71  lcd_clear                     
00000e91  lcd_gotoLine                  
00000cf9  lcd_init                      
00000ef7  lcd_printf                    
00000db9  lcd_putc                      
00000df1  lcd_puts                      
00000cbd  lcd_reverseNibble             
00000e0f  lcd_sendCommand               
00000e4d  lcd_sendNibble                
00000eb9  lcd_setCursorPos              
0000246d  ldexp                         
0000246d  ldexpl                        
200022d0  left_calibration_value        
00002b1d  main                          
00002eab  memccpy                       
0000272b  memcpy                        
00002971  memset                        
00001a33  ping_getDistance              
000018f1  ping_init                     
00001977  ping_trigger                  
200022d4  pulseLength                   
200022d8  right_calibration_value       
200022dc  risingEdge                    
0000246d  scalbn                        
0000246d  scalbnl                       
00001e65  servo_init                    
00001ef5  servo_move                    
00001f55  servo_setPWM                  
00001ee9  servo_stop                    
00002f11  strchr                        
00002ef9  strcmp                        
00002f27  strcpy                        
00002f3b  strlen                        
000015d3  timer_getMicros               
0000157b  timer_getMillis               
000014b5  timer_init                    
00001557  timer_pause                   
00001569  timer_resume                  
0000152d  timer_stop                    
0000162d  timer_waitMicros              
0000165f  timer_waitMillis              
000016fd  uart_interrupt_init           
000017e7  uart_receive                  
00001833  uart_receive_nonblocking      
000017cb  uart_sendChar                 
00001807  uart_sendStr                  
00002d49  vsnprintf                     
00002f4f  wcslen                        


GLOBAL SYMBOLS: SORTED BY Symbol Address 

address   name                          
-------   ----                          
00000000  __TI_static_base__            
00000000  g_pfnVectors                  
0000026d  __TI_printfi                  
00000cbb  __aeabi_idiv0                 
00000cbb  __aeabi_ldiv0                 
00000cbd  lcd_reverseNibble             
00000cf9  lcd_init                      
00000db9  lcd_putc                      
00000df1  lcd_puts                      
00000e0f  lcd_sendCommand               
00000e4d  lcd_sendNibble                
00000e91  lcd_gotoLine                  
00000eb9  lcd_setCursorPos              
00000ef7  lcd_printf                    
00001000  __STACK_SIZE                  
00001000  __SYSMEM_SIZE                 
00001255  cyBOT_scan_version            
00001263  cyBOT_init_Scan               
000012bb  cyBOT_Scan                    
0000132d  cyBOT_SERVO_cal               
000014b5  timer_init                    
0000152d  timer_stop                    
00001557  timer_pause                   
00001569  timer_resume                  
0000157b  timer_getMillis               
000015d3  timer_getMicros               
0000162d  timer_waitMicros              
0000165f  timer_waitMillis              
000016fd  uart_interrupt_init           
000017cb  uart_sendChar                 
000017e7  uart_receive                  
00001807  uart_sendStr                  
00001833  uart_receive_nonblocking      
0000184f  UART1_Handler                 
000018f1  ping_init                     
00001977  ping_trigger                  
000019e1  TIMER3B_Handler               
00001a33  ping_getDistance              
00001cad  __aeabi_dsub                  
00001cb7  __aeabi_dadd                  
00001e65  servo_init                    
00001ee9  servo_stop                    
00001ef5  servo_move                    
00001f55  servo_setPWM                  
000020f9  __aeabi_ddiv                  
00002355  ir_init                       
000023bd  ir_getValue                   
000023e5  ir_getDistance                
000023ed  ADC0SS0_Handler               
00002403  ir_enableInterrupt            
0000246d  ldexp                         
0000246d  ldexpl                        
0000246d  scalbn                        
0000246d  scalbnl                       
0000257d  __aeabi_dmul                  
0000272b  __aeabi_memcpy                
0000272b  __aeabi_memcpy4               
0000272b  __aeabi_memcpy8               
0000272b  memcpy                        
000027c7  __aeabi_uldivmod              
0000285d  __aeabi_cdcmpeq               
0000285d  __aeabi_cdcmple               
000028e3  __aeabi_cdrcmple              
00002969  __aeabi_memclr                
00002969  __aeabi_memclr4               
00002969  __aeabi_memclr8               
0000296b  __aeabi_memset                
0000296b  __aeabi_memset4               
0000296b  __aeabi_memset8               
00002971  memset                        
00002a51  __TI_decompress_lzss          
00002ab9  frexp                         
00002ab9  frexpl                        
00002b1d  main                          
00002bcb  __TI_ltoa                     
00002c71  atoi                          
00002cbd  __aeabi_d2iz                  
00002d05  __TI_auto_init_nobinit_nopinit
00002d49  vsnprintf                     
00002dc9  IntRegister                   
00002dfd  _c_int00_noargs               
00002e61  __aeabi_i2d                   
00002e8f  __TI_zero_init_nomemset       
00002eab  memccpy                       
00002ec7  copysign                      
00002ec7  copysignl                     
00002ef9  strcmp                        
00002f11  strchr                        
00002f27  strcpy                        
00002f3b  strlen                        
00002f4f  wcslen                        
00002f61  IntMasterEnable               
00002f71  lcd_clear                     
00002f81  __TI_decompress_none          
00002f8f  CPUcpsie                      
00002f9b  ResetISR                      
00002fa9  __aeabi_errno_addr            
00002fb1  _system_pre_init              
00002fb5  C$$EXIT                       
00002fb5  abort                         
00002fb8  _ctypes_                      
000030c8  __TI_Handler_Table_Base       
000030d4  __TI_Handler_Table_Limit      
000030f0  __TI_CINIT_Base               
00003108  __TI_CINIT_Limit              
20000000  __start___llvm_prf_cnts       
20000000  __stop___llvm_prf_cnts        
20000000  g_pfnRAMVectors               
20000270  __stack                       
20000470  __STACK_TOP                   
20001270  __STACK_END                   
20001270  _sys_memory                   
200022c4  _timeout_ticks                
200022c8  fallingEdge                   
200022cc  isr_int_value                 
200022d0  left_calibration_value        
200022d4  pulseLength                   
200022d8  right_calibration_value       
200022dc  risingEdge                    
200022e0  isRisingEdge                  
200022e4  command_byte                  
200022e8  command_flag                  
200022ec  cyBOT_scan_features           
200022f0  errno                         
200022f4  _running                      
ffffffff  __TI_pprof_out_hndl           
ffffffff  __TI_prof_data_size           
ffffffff  __TI_prof_data_start          
ffffffff  __binit__                     
ffffffff  __c_args__                    
ffffffff  binit                         
UNDEFED   __mpu_init                    
UNDEFED   _system_post_cinit            

[133 symbols]
