******************************************************************************
                  TI ARM Linker PC v20.2.6                     
******************************************************************************
>> Linked Tue May  2 03:16:45 2023

OUTPUT FILE NAME:   <Lab7.out>
ENTRY POINT SYMBOL: "_c_int00_noargs"  address: 00003d69


MEMORY CONFIGURATION

         name            origin    length      used     unused   attr    fill
----------------------  --------  ---------  --------  --------  ----  --------
  FLASH                 00000000   00040000  00004166  0003be9a  R  X
  SRAM                  20000000   00008000  00003324  00004cdc  RW X


SEGMENT ALLOCATION MAP

run origin  load origin   length   init length attrs members
----------  ----------- ---------- ----------- ----- -------
00000000    00000000    00004168   00004168    r-x
  00000000    00000000    0000026c   0000026c    r-- .intvecs
  0000026c    0000026c    00003d40   00003d40    r-x .text
  00003fac    00003fac    00000162   00000162    r-- .const
  00004110    00004110    00000058   00000058    r-- .cinit
20000000    20000000    00003328   00000000    rw-
  20000000    20000000    0000026c   00000000    rw- .vtable
  20000270    20000270    00002000   00000000    rw- .sysmem
  20002270    20002270    00001000   00000000    rw- .stack
  20003270    20003270    00000070   00000000    rw- .bss
  200032e0    200032e0    00000048   00000000    rw- .data


SECTION ALLOCATION MAP

 output                                  attributes/
section   page    origin      length       input sections
--------  ----  ----------  ----------   ----------------
.intvecs   0    00000000    0000026c     
                  00000000    0000026c     tm4c123gh6pm_startup_ccs.obj (.intvecs)

.text      0    0000026c    00003d40     
                  0000026c    00000c20     open_interface.obj (.text)
                  00000e8c    00000a4e     rtsv7M4_T_le_v4SPD16_eabi.lib : _printfi.c.obj (.text:__TI_printfi)
                  000018da    00000002                                   : _lock.c.obj (.text:_nop)
                  000018dc    00000380     movement.obj (.text)
                  00001c5c    00000328     lcd.obj (.text)
                  00001f84    000002a0     uart-interrupt.obj (.text)
                  00002224    00000278     lab7main.obj (.text)
                  0000249c    00000270     rtsv7M4_T_le_v4SPD16_eabi.lib : _printfi.c.obj (.text:_pconv_a)
                  0000270c    00000248     Timer.obj (.text)
                  00002954    000001d0     rtsv7M4_T_le_v4SPD16_eabi.lib : _printfi.c.obj (.text:_pconv_g)
                  00002b24    000001b6                                   : fd_add_t2.asm.obj (.text)
                  00002cda    00000002                                   : div0.asm.obj (.text)
                  00002cdc    0000013c                                   : _printfi.c.obj (.text:_pconv_e)
                  00002e18    00000136                                   : fd_div_t2.asm.obj (.text)
                  00002f4e    00000002     --HOLE-- [fill = 0]
                  00002f50    00000124                                   : _printfi.c.obj (.text:fcvt)
                  00003074    00000110                                   : s_scalbn.c.obj (.text:scalbn)
                  00003184    00000100                                   : memory.c.obj (.text:aligned_alloc)
                  00003284    000000fc                                   : fd_mul_t2.asm.obj (.text)
                  00003380    000000e4                                   : memory.c.obj (.text:free)
                  00003464    000000b1                                   : _printfi.c.obj (.text:_ltostr)
                  00003515    00000001     --HOLE-- [fill = 0]
                  00003516    0000009c                                   : memcpy_t2.asm.obj (.text)
                  000035b2    00000096                                   : ull_div_t2.asm.obj (.text)
                  00003648    00000086                                   : fd_cmp_t2.asm.obj (.text:__aeabi_cdcmple)
                  000036ce    00000086                                   : fd_cmp_t2.asm.obj (.text:__aeabi_cdrcmple)
                  00003754    0000007a                                   : memset_t2.asm.obj (.text)
                  000037ce    00000002     --HOLE-- [fill = 0]
                  000037d0    00000070                                   : memory.c.obj (.text:split)
                  00003840    0000006e                                   : _printfi.c.obj (.text:_mcpy)
                  000038ae    0000006e                                   : fd_tos_t2.asm.obj (.text)
                  0000391c    00000068                                   : copy_decompress_lzss.c.obj (.text:decompress:lzss:__TI_decompress_lzss)
                  00003984    00000064                                   : s_frexp.c.obj (.text:frexp)
                  000039e8    00000056                                   : _printfi.c.obj (.text:_pconv_f)
                  00003a3e    00000054                                   : _ltoa.c.obj (.text:__TI_ltoa)
                  00003a92    00000052                                   : _printfi.c.obj (.text:_ecpy)
                  00003ae4    0000004c                                   : atoi.c.obj (.text:atoi)
                  00003b30    00000048     music.obj (.text)
                  00003b78    00000048     rtsv7M4_T_le_v4SPD16_eabi.lib : fd_toi_t2.asm.obj (.text)
                  00003bc0    00000044                                   : autoinit.c.obj (.text:__TI_auto_init_nobinit_nopinit:__TI_auto_init_nobinit_nopinit)
                  00003c04    00000040                                   : sprintf.c.obj (.text:sprintf)
                  00003c44    00000040                                   : vsnprintf.c.obj (.text:vsnprintf)
                  00003c84    0000003e                                   : _printfi.c.obj (.text:_fcpy)
                  00003cc2    00000002     --HOLE-- [fill = 0]
                  00003cc4    00000038                                   : memory.c.obj (.text:calloc)
                  00003cfc    00000038                                   : fs_tod_t2.asm.obj (.text)
                  00003d34    00000034     driverlib.lib : interrupt.obj (.text:IntRegister)
                  00003d68    00000034     rtsv7M4_T_le_v4SPD16_eabi.lib : boot_cortex_m.c.obj (.text:_c_int00_noargs:_c_int00_noargs)
                  00003d9c    00000030                                   : vsnprintf.c.obj (.text:_outs)
                  00003dcc    0000002e                                   : i_tofd_t2.asm.obj (.text)
                  00003dfa    00000002     --HOLE-- [fill = 0]
                  00003dfc    00000028                                   : memory.c.obj (.text:free_list_insert)
                  00003e24    0000001c                                   : copy_zero_init.c.obj (.text:decompress:ZI:__TI_zero_init_nomemset:__TI_zero_init_nomemset)
                  00003e40    0000001c                                   : memory.c.obj (.text:free_list_remove)
                  00003e5c    0000001c                                   : memccpy.c.obj (.text:memccpy)
                  00003e78    0000001a                                   : s_copysign.c.obj (.text:copysign)
                  00003e92    00000018                                   : vsnprintf.c.obj (.text:_outc)
                  00003eaa    00000018                                   : sprintf.c.obj (.text:_outs)
                  00003ec2    00000018     open_interface.obj (.text:oi_parseInt)
                  00003eda    00000018     rtsv7M4_T_le_v4SPD16_eabi.lib : strcmp.c.obj (.text:strcmp)
                  00003ef2    00000016                                   : strchr.c.obj (.text:strchr)
                  00003f08    00000014                                   : strcpy.c.obj (.text:strcpy)
                  00003f1c    00000014                                   : strlen.c.obj (.text:strlen)
                  00003f30    00000012                                   : wcslen.c.obj (.text:wcslen)
                  00003f42    00000010     driverlib.lib : interrupt.obj (.text:IntMasterEnable)
                  00003f52    00000010     lcd.obj (.text:lcd_clear)
                  00003f62    0000000e     rtsv7M4_T_le_v4SPD16_eabi.lib : copy_decompress_none.c.obj (.text:decompress:none:__TI_decompress_none)
                  00003f70    0000000c     driverlib.lib : cpu.obj (.text:CPUcpsie)
                  00003f7c    0000000c     tm4c123gh6pm_startup_ccs.obj (.text)
                  00003f88    0000000a     rtsv7M4_T_le_v4SPD16_eabi.lib : sprintf.c.obj (.text:_outc)
                  00003f92    00000002     --HOLE-- [fill = 0]
                  00003f94    00000008                                   : errno.c.obj (.text:__aeabi_errno_addr)
                  00003f9c    00000008                                   : memory.c.obj (.text:malloc)
                  00003fa4    00000004                                   : pre_init.c.obj (.text:_system_pre_init)
                  00003fa8    00000004                                   : exit.c.obj (.text:abort:abort)

.const     0    00003fac    00000162     
                  00003fac    00000101     rtsv7M4_T_le_v4SPD16_eabi.lib : ctype.c.obj (.const:.string:_ctypes_)
                  000040ad    0000001d     music.obj (.const:.string:$P$T0$1)
                  000040ca    0000001d     music.obj (.const:.string:$P$T1$2)
                  000040e7    00000010     lab7main.obj (.const:.string:$P$T0$1)
                  000040f7    0000000f     open_interface.obj (.const:.string:$P$T0$3)
                  00004106    00000004     lcd.obj (.const:.string:lineAddress$1)
                  0000410a    00000004     lcd.obj (.const:.string:lineAddresses$2)

.cinit     0    00004110    00000058     
                  00004110    0000001e     (.cinit..data.load) [load image, compression = lzss]
                  0000412e    00000002     --HOLE-- [fill = 0]
                  00004130    0000000c     (__TI_handler_table)
                  0000413c    00000004     --HOLE-- [fill = 0]
                  00004140    00000008     (.cinit..bss.load) [load image, compression = zero_init]
                  00004148    00000008     (.cinit..vtable.load) [load image, compression = zero_init]
                  00004150    00000018     (__TI_cinit_table)

.init_array 
*          0    00000000    00000000     UNINITIALIZED

.vtable    0    20000000    0000026c     UNINITIALIZED
                  20000000    0000026c     driverlib.lib : interrupt.obj (.vtable)

.sysmem    0    20000270    00002000     UNINITIALIZED
                  20000270    00000010     rtsv7M4_T_le_v4SPD16_eabi.lib : memory.c.obj (.sysmem)
                  20000280    00001ff0     --HOLE--

.stack     0    20002270    00001000     UNINITIALIZED
                  20002270    00000004     rtsv7M4_T_le_v4SPD16_eabi.lib : boot_cortex_m.c.obj (.stack)
                  20002274    00000ffc     --HOLE--

.bss       0    20003270    00000070     UNINITIALIZED
                  20003270    00000054     lcd.obj (.bss:lastbuffer$3)
                  200032c4    00000018     open_interface.obj (.bss:firmware$2)
                  200032dc    00000004     (.common:_timeout_ticks)

.data      0    200032e0    00000048     UNINITIALIZED
                  200032e0    00000020     open_interface.obj (.data)
                  20003300    00000013     uart-interrupt.obj (.data)
                  20003313    00000001     Timer.obj (.data)
                  20003314    00000008     rtsv7M4_T_le_v4SPD16_eabi.lib : _lock.c.obj (.data:$O1$$)
                  2000331c    00000008                                   : memory.c.obj (.data:$O1$$)
                  20003324    00000004                                   : errno.c.obj (.data)

__llvm_prf_cnts 
*          0    20000000    00000000     UNINITIALIZED

MODULE SUMMARY

       Module                         code    ro data   rw data
       ------                         ----    -------   -------
    .\
       open_interface.obj             3128    15        56     
       lcd.obj                        824     8         84     
       movement.obj                   896     0         0      
       uart-interrupt.obj             672     0         19     
       lab7main.obj                   632     16        0      
       tm4c123gh6pm_startup_ccs.obj   12      620       0      
       Timer.obj                      584     0         5      
       music.obj                      72      58        0      
    +--+------------------------------+-------+---------+---------+
       Total:                         6820    717       164    
                                                               
    C:/ti/TivaWare_C_Series-2.2.0.295/driverlib/ccs/Debug/driverlib.lib
       interrupt.obj                  68      0         620    
       cpu.obj                        12      0         0      
    +--+------------------------------+-------+---------+---------+
       Total:                         80      0         620    
                                                               
    C:\ti\ccs1200\ccs\tools\compiler\ti-cgt-arm_20.2.6.LTS\lib\rtsv7M4_T_le_v4SPD16_eabi.lib
       _printfi.c.obj                 4851    0         0      
       memory.c.obj                   728     0         8      
       fd_add_t2.asm.obj              438     0         0      
       fd_div_t2.asm.obj              310     0         0      
       s_scalbn.c.obj                 272     0         0      
       fd_cmp_t2.asm.obj              268     0         0      
       ctype.c.obj                    0       257       0      
       fd_mul_t2.asm.obj              252     0         0      
       memcpy_t2.asm.obj              156     0         0      
       ull_div_t2.asm.obj             150     0         0      
       vsnprintf.c.obj                136     0         0      
       memset_t2.asm.obj              122     0         0      
       fd_tos_t2.asm.obj              110     0         0      
       copy_decompress_lzss.c.obj     104     0         0      
       s_frexp.c.obj                  100     0         0      
       sprintf.c.obj                  98      0         0      
       _ltoa.c.obj                    84      0         0      
       atoi.c.obj                     76      0         0      
       fd_toi_t2.asm.obj              72      0         0      
       autoinit.c.obj                 68      0         0      
       fs_tod_t2.asm.obj              56      0         0      
       boot_cortex_m.c.obj            52      0         0      
       i_tofd_t2.asm.obj              46      0         0      
       copy_zero_init.c.obj           28      0         0      
       memccpy.c.obj                  28      0         0      
       s_copysign.c.obj               26      0         0      
       strcmp.c.obj                   24      0         0      
       strchr.c.obj                   22      0         0      
       strcpy.c.obj                   20      0         0      
       strlen.c.obj                   20      0         0      
       wcslen.c.obj                   18      0         0      
       copy_decompress_none.c.obj     14      0         0      
       errno.c.obj                    8       0         4      
       _lock.c.obj                    2       0         8      
       exit.c.obj                     4       0         0      
       pre_init.c.obj                 4       0         0      
       div0.asm.obj                   2       0         0      
    +--+------------------------------+-------+---------+---------+
       Total:                         8769    257       20     
                                                               
       Heap:                          0       0         8192   
       Stack:                         0       0         4096   
       Linker Generated:              0       82        0      
    +--+------------------------------+-------+---------+---------+
       Grand Total:                   15669   1056      13092  


LINKER GENERATED COPY TABLES

__TI_cinit_table @ 00004150 records: 3, size/record: 8, table size: 24
	.data: load addr=00004110, load size=0000001e bytes, run addr=200032e0, run size=00000048 bytes, compression=lzss
	.bss: load addr=00004140, load size=00000008 bytes, run addr=20003270, run size=00000070 bytes, compression=zero_init
	.vtable: load addr=00004148, load size=00000008 bytes, run addr=20000000, run size=0000026c bytes, compression=zero_init


LINKER GENERATED HANDLER TABLE

__TI_handler_table @ 00004130 records: 3, size/record: 4, table size: 12
	index: 0, handler: __TI_zero_init
	index: 1, handler: __TI_decompress_lzss
	index: 2, handler: __TI_decompress_none


GLOBAL SYMBOLS: SORTED ALPHABETICALLY BY Name 

address   name                          
-------   ----                          
00003fa9  C$$EXIT                       
00003f71  CPUcpsie                      
00000bc3  GPIOF_Handler                 
00003f43  IntMasterEnable               
00003d35  IntRegister                   
00003f7d  ResetISR                      
000020dd  UART1_Handler                 
20003270  __STACK_END                   
00001000  __STACK_SIZE                  
20002470  __STACK_TOP                   
00002000  __SYSMEM_SIZE                 
00004150  __TI_CINIT_Base               
00004168  __TI_CINIT_Limit              
00004130  __TI_Handler_Table_Base       
0000413c  __TI_Handler_Table_Limit      
00003bc1  __TI_auto_init_nobinit_nopinit
0000391d  __TI_decompress_lzss          
00003f63  __TI_decompress_none          
00003a3f  __TI_ltoa                     
ffffffff  __TI_pprof_out_hndl           
00000e8d  __TI_printfi                  
ffffffff  __TI_prof_data_size           
ffffffff  __TI_prof_data_start          
00000000  __TI_static_base__            
00003e25  __TI_zero_init_nomemset       
00003649  __aeabi_cdcmpeq               
00003649  __aeabi_cdcmple               
000036cf  __aeabi_cdrcmple              
000038af  __aeabi_d2f                   
00003b79  __aeabi_d2iz                  
00002b2f  __aeabi_dadd                  
00002e19  __aeabi_ddiv                  
00003285  __aeabi_dmul                  
00002b25  __aeabi_dsub                  
00003f95  __aeabi_errno_addr            
00003cfd  __aeabi_f2d                   
00003dcd  __aeabi_i2d                   
00002cdb  __aeabi_idiv0                 
00002cdb  __aeabi_ldiv0                 
00003755  __aeabi_memclr                
00003755  __aeabi_memclr4               
00003755  __aeabi_memclr8               
00003517  __aeabi_memcpy                
00003517  __aeabi_memcpy4               
00003517  __aeabi_memcpy8               
00003757  __aeabi_memset                
00003757  __aeabi_memset4               
00003757  __aeabi_memset8               
000035b3  __aeabi_uldivmod              
ffffffff  __binit__                     
ffffffff  __c_args__                    
UNDEFED   __mpu_init                    
20002270  __stack                       
20000000  __start___llvm_prf_cnts       
20000000  __stop___llvm_prf_cnts        
00003d69  _c_int00_noargs               
00003fac  _ctypes_                      
20003314  _lock                         
000018db  _nop                          
20003313  _running                      
20000270  _sys_memory                   
UNDEFED   _system_post_cinit            
00003fa5  _system_pre_init              
200032dc  _timeout_ticks                
20003318  _unlock                       
00003fa9  abort                         
00003185  aligned_alloc                 
00003ae5  atoi                          
ffffffff  binit                         
00003cc5  calloc                        
20003300  command_byte                  
20003304  command_flag                  
00003e79  copysign                      
00003e79  copysignl                     
20003324  errno                         
2000330d  flag_1                        
2000330e  flag_2                        
2000330f  flag_3                        
20003310  flag_4                        
20003311  flag_5                        
20003312  flag_6                        
2000330a  flag_c                        
20003309  flag_m                        
2000330c  flag_r                        
2000330b  flag_s                        
00003381  free                          
00003985  frexp                         
00003985  frexpl                        
20000000  g_pfnRAMVectors               
00000000  g_pfnVectors                  
0000097f  go_charge                     
00003f53  lcd_clear                     
00001e31  lcd_gotoLine                  
00001c99  lcd_init                      
00001e97  lcd_printf                    
00001d59  lcd_putc                      
00001d91  lcd_puts                      
00001c5d  lcd_reverseNibble             
00001daf  lcd_sendCommand               
00001ded  lcd_sendNibble                
00001e59  lcd_setCursorPos              
00003075  ldexp                         
00003075  ldexpl                        
00003b31  load_songs                    
00002225  main                          
00003f9d  malloc                        
00003185  memalign                      
00003e5d  memccpy                       
00003517  memcpy                        
0000375d  memset                        
200032e0  motor_cal_factor_L            
200032e4  motor_cal_factor_R            
00001aa9  move_backward                 
000018dd  move_forward                  
0000026d  oi_alloc                      
00000aa9  oi_checkFirmware              
000002c7  oi_close                      
00000279  oi_free                       
00000ded  oi_getMotorCalibrationLeft    
00000e01  oi_getMotorCalibrationRight   
000002b1  oi_init                       
00000289  oi_init_noupdate              
00000915  oi_loadSong                   
00003ec3  oi_parseInt                   
0000032b  oi_parsePacket                
0000096b  oi_play_song                  
0000084b  oi_setLeds                    
00000db1  oi_setMotorCalibration        
0000088f  oi_setWheels                  
00000b51  oi_shutoff_init               
0000098d  oi_uartInit                   
00000a31  oi_uartReceive                
00000a77  oi_uartSendBuff               
00000a15  oi_uartSendChar               
00000a59  oi_uartSendStr                
000002d9  oi_update                     
00003b63  play_songs                    
00003075  scalbn                        
00003075  scalbnl                       
00003c05  sprintf                       
20003308  startup                       
00001b23  stop                          
00003ef3  strchr                        
00003edb  strcmp                        
00003f09  strcpy                        
00003f1d  strlen                        
0000282b  timer_getMicros               
000027d3  timer_getMillis               
0000270d  timer_init                    
000027af  timer_pause                   
000027c1  timer_resume                  
00002785  timer_stop                    
00002885  timer_waitMicros              
000028b7  timer_waitMillis              
00001bb1  turn_left                     
00001b37  turn_right                    
00001f85  uart_interrupt_init           
0000206f  uart_receive                  
000020c1  uart_receive_nonblocking      
00002053  uart_sendChar                 
0000208f  uart_sendStr                  
00003c45  vsnprintf                     
00003f31  wcslen                        


GLOBAL SYMBOLS: SORTED BY Symbol Address 

address   name                          
-------   ----                          
00000000  __TI_static_base__            
00000000  g_pfnVectors                  
0000026d  oi_alloc                      
00000279  oi_free                       
00000289  oi_init_noupdate              
000002b1  oi_init                       
000002c7  oi_close                      
000002d9  oi_update                     
0000032b  oi_parsePacket                
0000084b  oi_setLeds                    
0000088f  oi_setWheels                  
00000915  oi_loadSong                   
0000096b  oi_play_song                  
0000097f  go_charge                     
0000098d  oi_uartInit                   
00000a15  oi_uartSendChar               
00000a31  oi_uartReceive                
00000a59  oi_uartSendStr                
00000a77  oi_uartSendBuff               
00000aa9  oi_checkFirmware              
00000b51  oi_shutoff_init               
00000bc3  GPIOF_Handler                 
00000db1  oi_setMotorCalibration        
00000ded  oi_getMotorCalibrationLeft    
00000e01  oi_getMotorCalibrationRight   
00000e8d  __TI_printfi                  
00001000  __STACK_SIZE                  
000018db  _nop                          
000018dd  move_forward                  
00001aa9  move_backward                 
00001b23  stop                          
00001b37  turn_right                    
00001bb1  turn_left                     
00001c5d  lcd_reverseNibble             
00001c99  lcd_init                      
00001d59  lcd_putc                      
00001d91  lcd_puts                      
00001daf  lcd_sendCommand               
00001ded  lcd_sendNibble                
00001e31  lcd_gotoLine                  
00001e59  lcd_setCursorPos              
00001e97  lcd_printf                    
00001f85  uart_interrupt_init           
00002000  __SYSMEM_SIZE                 
00002053  uart_sendChar                 
0000206f  uart_receive                  
0000208f  uart_sendStr                  
000020c1  uart_receive_nonblocking      
000020dd  UART1_Handler                 
00002225  main                          
0000270d  timer_init                    
00002785  timer_stop                    
000027af  timer_pause                   
000027c1  timer_resume                  
000027d3  timer_getMillis               
0000282b  timer_getMicros               
00002885  timer_waitMicros              
000028b7  timer_waitMillis              
00002b25  __aeabi_dsub                  
00002b2f  __aeabi_dadd                  
00002cdb  __aeabi_idiv0                 
00002cdb  __aeabi_ldiv0                 
00002e19  __aeabi_ddiv                  
00003075  ldexp                         
00003075  ldexpl                        
00003075  scalbn                        
00003075  scalbnl                       
00003185  aligned_alloc                 
00003185  memalign                      
00003285  __aeabi_dmul                  
00003381  free                          
00003517  __aeabi_memcpy                
00003517  __aeabi_memcpy4               
00003517  __aeabi_memcpy8               
00003517  memcpy                        
000035b3  __aeabi_uldivmod              
00003649  __aeabi_cdcmpeq               
00003649  __aeabi_cdcmple               
000036cf  __aeabi_cdrcmple              
00003755  __aeabi_memclr                
00003755  __aeabi_memclr4               
00003755  __aeabi_memclr8               
00003757  __aeabi_memset                
00003757  __aeabi_memset4               
00003757  __aeabi_memset8               
0000375d  memset                        
000038af  __aeabi_d2f                   
0000391d  __TI_decompress_lzss          
00003985  frexp                         
00003985  frexpl                        
00003a3f  __TI_ltoa                     
00003ae5  atoi                          
00003b31  load_songs                    
00003b63  play_songs                    
00003b79  __aeabi_d2iz                  
00003bc1  __TI_auto_init_nobinit_nopinit
00003c05  sprintf                       
00003c45  vsnprintf                     
00003cc5  calloc                        
00003cfd  __aeabi_f2d                   
00003d35  IntRegister                   
00003d69  _c_int00_noargs               
00003dcd  __aeabi_i2d                   
00003e25  __TI_zero_init_nomemset       
00003e5d  memccpy                       
00003e79  copysign                      
00003e79  copysignl                     
00003ec3  oi_parseInt                   
00003edb  strcmp                        
00003ef3  strchr                        
00003f09  strcpy                        
00003f1d  strlen                        
00003f31  wcslen                        
00003f43  IntMasterEnable               
00003f53  lcd_clear                     
00003f63  __TI_decompress_none          
00003f71  CPUcpsie                      
00003f7d  ResetISR                      
00003f95  __aeabi_errno_addr            
00003f9d  malloc                        
00003fa5  _system_pre_init              
00003fa9  C$$EXIT                       
00003fa9  abort                         
00003fac  _ctypes_                      
00004130  __TI_Handler_Table_Base       
0000413c  __TI_Handler_Table_Limit      
00004150  __TI_CINIT_Base               
00004168  __TI_CINIT_Limit              
20000000  __start___llvm_prf_cnts       
20000000  __stop___llvm_prf_cnts        
20000000  g_pfnRAMVectors               
20000270  _sys_memory                   
20002270  __stack                       
20002470  __STACK_TOP                   
20003270  __STACK_END                   
200032dc  _timeout_ticks                
200032e0  motor_cal_factor_L            
200032e4  motor_cal_factor_R            
20003300  command_byte                  
20003304  command_flag                  
20003308  startup                       
20003309  flag_m                        
2000330a  flag_c                        
2000330b  flag_s                        
2000330c  flag_r                        
2000330d  flag_1                        
2000330e  flag_2                        
2000330f  flag_3                        
20003310  flag_4                        
20003311  flag_5                        
20003312  flag_6                        
20003313  _running                      
20003314  _lock                         
20003318  _unlock                       
20003324  errno                         
ffffffff  __TI_pprof_out_hndl           
ffffffff  __TI_prof_data_size           
ffffffff  __TI_prof_data_start          
ffffffff  __binit__                     
ffffffff  __c_args__                    
ffffffff  binit                         
UNDEFED   __mpu_init                    
UNDEFED   _system_post_cinit            

[163 symbols]
