<?xml version="1.0" encoding="ISO-8859-1" ?>
<link_info>
   <banner>TI ARM Linker PC v20.2.6.LTS</banner>
   <copyright>Copyright (c) 1996-2018 Texas Instruments Incorporated</copyright>
   <link_time>0x640ba5dd</link_time>
   <link_errors>0x0</link_errors>
   <output_file>Lab7.out</output_file>
   <entry_point>
      <name>_c_int00_noargs</name>
      <address>0x4fb5</address>
   </entry_point>
   <input_file_list>
      <input_file id="fl-2">
         <path>.\</path>
         <kind>object</kind>
         <file>Timer.obj</file>
         <name>Timer.obj</name>
      </input_file>
      <input_file id="fl-3">
         <path>.\</path>
         <kind>object</kind>
         <file>lcd.obj</file>
         <name>lcd.obj</name>
      </input_file>
      <input_file id="fl-4">
         <path>.\</path>
         <kind>object</kind>
         <file>main.obj</file>
         <name>main.obj</name>
      </input_file>
      <input_file id="fl-5">
         <path>.\</path>
         <kind>object</kind>
         <file>movement.obj</file>
         <name>movement.obj</name>
      </input_file>
      <input_file id="fl-6">
         <path>.\</path>
         <kind>object</kind>
         <file>objects.obj</file>
         <name>objects.obj</name>
      </input_file>
      <input_file id="fl-7">
         <path>.\</path>
         <kind>object</kind>
         <file>open_interface.obj</file>
         <name>open_interface.obj</name>
      </input_file>
      <input_file id="fl-8">
         <path>.\</path>
         <kind>object</kind>
         <file>tm4c123gh6pm_startup_ccs.obj</file>
         <name>tm4c123gh6pm_startup_ccs.obj</name>
      </input_file>
      <input_file id="fl-9">
         <path>.\</path>
         <kind>object</kind>
         <file>uart-interrupt.obj</file>
         <name>uart-interrupt.obj</name>
      </input_file>
      <input_file id="fl-10">
         <kind>object</kind>
         <file>&lt;internal&gt;</file>
         <name>&lt;internal&gt;</name>
      </input_file>
      <input_file id="fl-11">
         <path>..\</path>
         <kind>archive</kind>
         <file>libcybotScan.lib</file>
         <name>cyBot_Scan.obj</name>
      </input_file>
      <input_file id="fl-12">
         <path>..\</path>
         <kind>archive</kind>
         <file>libcybotScan.lib</file>
         <name>ir.obj</name>
      </input_file>
      <input_file id="fl-13">
         <path>..\</path>
         <kind>archive</kind>
         <file>libcybotScan.lib</file>
         <name>ping.obj</name>
      </input_file>
      <input_file id="fl-14">
         <path>..\</path>
         <kind>archive</kind>
         <file>libcybotScan.lib</file>
         <name>servo.obj</name>
      </input_file>
      <input_file id="fl-15">
         <path>..\</path>
         <kind>archive</kind>
         <file>libcybotUART.lib</file>
         <name>uart.obj</name>
      </input_file>
      <input_file id="fl-cb">
         <path>C:\ti\ccs1200\ccs\tools\compiler\ti-cgt-arm_20.2.6.LTS\lib\</path>
         <kind>archive</kind>
         <file>rtsv7M4_T_le_v4SPD16_eabi.lib</file>
         <name>printf.c.obj</name>
      </input_file>
      <input_file id="fl-cc">
         <path>C:\ti\ccs1200\ccs\tools\compiler\ti-cgt-arm_20.2.6.LTS\lib\</path>
         <kind>archive</kind>
         <file>rtsv7M4_T_le_v4SPD16_eabi.lib</file>
         <name>_printfi.c.obj</name>
      </input_file>
      <input_file id="fl-cd">
         <path>C:\ti\ccs1200\ccs\tools\compiler\ti-cgt-arm_20.2.6.LTS\lib\</path>
         <kind>archive</kind>
         <file>rtsv7M4_T_le_v4SPD16_eabi.lib</file>
         <name>sprintf.c.obj</name>
      </input_file>
      <input_file id="fl-ce">
         <path>C:\ti\ccs1200\ccs\tools\compiler\ti-cgt-arm_20.2.6.LTS\lib\</path>
         <kind>archive</kind>
         <file>rtsv7M4_T_le_v4SPD16_eabi.lib</file>
         <name>vsnprintf.c.obj</name>
      </input_file>
      <input_file id="fl-cf">
         <path>C:\ti\ccs1200\ccs\tools\compiler\ti-cgt-arm_20.2.6.LTS\lib\</path>
         <kind>archive</kind>
         <file>rtsv7M4_T_le_v4SPD16_eabi.lib</file>
         <name>fputc.c.obj</name>
      </input_file>
      <input_file id="fl-d0">
         <path>C:\ti\ccs1200\ccs\tools\compiler\ti-cgt-arm_20.2.6.LTS\lib\</path>
         <kind>archive</kind>
         <file>rtsv7M4_T_le_v4SPD16_eabi.lib</file>
         <name>fputs.c.obj</name>
      </input_file>
      <input_file id="fl-d1">
         <path>C:\ti\ccs1200\ccs\tools\compiler\ti-cgt-arm_20.2.6.LTS\lib\</path>
         <kind>archive</kind>
         <file>rtsv7M4_T_le_v4SPD16_eabi.lib</file>
         <name>_io_perm.c.obj</name>
      </input_file>
      <input_file id="fl-d2">
         <path>C:\ti\ccs1200\ccs\tools\compiler\ti-cgt-arm_20.2.6.LTS\lib\</path>
         <kind>archive</kind>
         <file>rtsv7M4_T_le_v4SPD16_eabi.lib</file>
         <name>setvbuf.c.obj</name>
      </input_file>
      <input_file id="fl-d3">
         <path>C:\ti\ccs1200\ccs\tools\compiler\ti-cgt-arm_20.2.6.LTS\lib\</path>
         <kind>archive</kind>
         <file>rtsv7M4_T_le_v4SPD16_eabi.lib</file>
         <name>fd_add_t2.asm.obj</name>
      </input_file>
      <input_file id="fl-d4">
         <path>C:\ti\ccs1200\ccs\tools\compiler\ti-cgt-arm_20.2.6.LTS\lib\</path>
         <kind>archive</kind>
         <file>rtsv7M4_T_le_v4SPD16_eabi.lib</file>
         <name>fd_cmp_t2.asm.obj</name>
      </input_file>
      <input_file id="fl-d5">
         <path>C:\ti\ccs1200\ccs\tools\compiler\ti-cgt-arm_20.2.6.LTS\lib\</path>
         <kind>archive</kind>
         <file>rtsv7M4_T_le_v4SPD16_eabi.lib</file>
         <name>fd_div_t2.asm.obj</name>
      </input_file>
      <input_file id="fl-d6">
         <path>C:\ti\ccs1200\ccs\tools\compiler\ti-cgt-arm_20.2.6.LTS\lib\</path>
         <kind>archive</kind>
         <file>rtsv7M4_T_le_v4SPD16_eabi.lib</file>
         <name>fd_mul_t2.asm.obj</name>
      </input_file>
      <input_file id="fl-d7">
         <path>C:\ti\ccs1200\ccs\tools\compiler\ti-cgt-arm_20.2.6.LTS\lib\</path>
         <kind>archive</kind>
         <file>rtsv7M4_T_le_v4SPD16_eabi.lib</file>
         <name>fd_toi_t2.asm.obj</name>
      </input_file>
      <input_file id="fl-d8">
         <path>C:\ti\ccs1200\ccs\tools\compiler\ti-cgt-arm_20.2.6.LTS\lib\</path>
         <kind>archive</kind>
         <file>rtsv7M4_T_le_v4SPD16_eabi.lib</file>
         <name>fd_tos_t2.asm.obj</name>
      </input_file>
      <input_file id="fl-d9">
         <path>C:\ti\ccs1200\ccs\tools\compiler\ti-cgt-arm_20.2.6.LTS\lib\</path>
         <kind>archive</kind>
         <file>rtsv7M4_T_le_v4SPD16_eabi.lib</file>
         <name>fs_tod_t2.asm.obj</name>
      </input_file>
      <input_file id="fl-da">
         <path>C:\ti\ccs1200\ccs\tools\compiler\ti-cgt-arm_20.2.6.LTS\lib\</path>
         <kind>archive</kind>
         <file>rtsv7M4_T_le_v4SPD16_eabi.lib</file>
         <name>i_tofd_t2.asm.obj</name>
      </input_file>
      <input_file id="fl-db">
         <path>C:\ti\ccs1200\ccs\tools\compiler\ti-cgt-arm_20.2.6.LTS\lib\</path>
         <kind>archive</kind>
         <file>rtsv7M4_T_le_v4SPD16_eabi.lib</file>
         <name>memcpy_t2.asm.obj</name>
      </input_file>
      <input_file id="fl-dc">
         <path>C:\ti\ccs1200\ccs\tools\compiler\ti-cgt-arm_20.2.6.LTS\lib\</path>
         <kind>archive</kind>
         <file>rtsv7M4_T_le_v4SPD16_eabi.lib</file>
         <name>memset_t2.asm.obj</name>
      </input_file>
      <input_file id="fl-dd">
         <path>C:\ti\ccs1200\ccs\tools\compiler\ti-cgt-arm_20.2.6.LTS\lib\</path>
         <kind>archive</kind>
         <file>rtsv7M4_T_le_v4SPD16_eabi.lib</file>
         <name>ull_div_t2.asm.obj</name>
      </input_file>
      <input_file id="fl-de">
         <path>C:\ti\ccs1200\ccs\tools\compiler\ti-cgt-arm_20.2.6.LTS\lib\</path>
         <kind>archive</kind>
         <file>rtsv7M4_T_le_v4SPD16_eabi.lib</file>
         <name>copy_zero_init.c.obj</name>
      </input_file>
      <input_file id="fl-df">
         <path>C:\ti\ccs1200\ccs\tools\compiler\ti-cgt-arm_20.2.6.LTS\lib\</path>
         <kind>archive</kind>
         <file>rtsv7M4_T_le_v4SPD16_eabi.lib</file>
         <name>copy_decompress_none.c.obj</name>
      </input_file>
      <input_file id="fl-e0">
         <path>C:\ti\ccs1200\ccs\tools\compiler\ti-cgt-arm_20.2.6.LTS\lib\</path>
         <kind>archive</kind>
         <file>rtsv7M4_T_le_v4SPD16_eabi.lib</file>
         <name>copy_decompress_lzss.c.obj</name>
      </input_file>
      <input_file id="fl-e1">
         <path>C:\ti\ccs1200\ccs\tools\compiler\ti-cgt-arm_20.2.6.LTS\lib\</path>
         <kind>archive</kind>
         <file>rtsv7M4_T_le_v4SPD16_eabi.lib</file>
         <name>exit.c.obj</name>
      </input_file>
      <input_file id="fl-e2">
         <path>C:\ti\ccs1200\ccs\tools\compiler\ti-cgt-arm_20.2.6.LTS\lib\</path>
         <kind>archive</kind>
         <file>rtsv7M4_T_le_v4SPD16_eabi.lib</file>
         <name>_lock.c.obj</name>
      </input_file>
      <input_file id="fl-e3">
         <path>C:\ti\ccs1200\ccs\tools\compiler\ti-cgt-arm_20.2.6.LTS\lib\</path>
         <kind>archive</kind>
         <file>rtsv7M4_T_le_v4SPD16_eabi.lib</file>
         <name>_ltoa.c.obj</name>
      </input_file>
      <input_file id="fl-e4">
         <path>C:\ti\ccs1200\ccs\tools\compiler\ti-cgt-arm_20.2.6.LTS\lib\</path>
         <kind>archive</kind>
         <file>rtsv7M4_T_le_v4SPD16_eabi.lib</file>
         <name>atoi.c.obj</name>
      </input_file>
      <input_file id="fl-e5">
         <path>C:\ti\ccs1200\ccs\tools\compiler\ti-cgt-arm_20.2.6.LTS\lib\</path>
         <kind>archive</kind>
         <file>rtsv7M4_T_le_v4SPD16_eabi.lib</file>
         <name>ctype.c.obj</name>
      </input_file>
      <input_file id="fl-e6">
         <path>C:\ti\ccs1200\ccs\tools\compiler\ti-cgt-arm_20.2.6.LTS\lib\</path>
         <kind>archive</kind>
         <file>rtsv7M4_T_le_v4SPD16_eabi.lib</file>
         <name>defs.c.obj</name>
      </input_file>
      <input_file id="fl-e7">
         <path>C:\ti\ccs1200\ccs\tools\compiler\ti-cgt-arm_20.2.6.LTS\lib\</path>
         <kind>archive</kind>
         <file>rtsv7M4_T_le_v4SPD16_eabi.lib</file>
         <name>memccpy.c.obj</name>
      </input_file>
      <input_file id="fl-e8">
         <path>C:\ti\ccs1200\ccs\tools\compiler\ti-cgt-arm_20.2.6.LTS\lib\</path>
         <kind>archive</kind>
         <file>rtsv7M4_T_le_v4SPD16_eabi.lib</file>
         <name>memchr.c.obj</name>
      </input_file>
      <input_file id="fl-e9">
         <path>C:\ti\ccs1200\ccs\tools\compiler\ti-cgt-arm_20.2.6.LTS\lib\</path>
         <kind>archive</kind>
         <file>rtsv7M4_T_le_v4SPD16_eabi.lib</file>
         <name>memory.c.obj</name>
      </input_file>
      <input_file id="fl-ea">
         <path>C:\ti\ccs1200\ccs\tools\compiler\ti-cgt-arm_20.2.6.LTS\lib\</path>
         <kind>archive</kind>
         <file>rtsv7M4_T_le_v4SPD16_eabi.lib</file>
         <name>strchr.c.obj</name>
      </input_file>
      <input_file id="fl-eb">
         <path>C:\ti\ccs1200\ccs\tools\compiler\ti-cgt-arm_20.2.6.LTS\lib\</path>
         <kind>archive</kind>
         <file>rtsv7M4_T_le_v4SPD16_eabi.lib</file>
         <name>strcmp.c.obj</name>
      </input_file>
      <input_file id="fl-ec">
         <path>C:\ti\ccs1200\ccs\tools\compiler\ti-cgt-arm_20.2.6.LTS\lib\</path>
         <kind>archive</kind>
         <file>rtsv7M4_T_le_v4SPD16_eabi.lib</file>
         <name>strcpy.c.obj</name>
      </input_file>
      <input_file id="fl-ed">
         <path>C:\ti\ccs1200\ccs\tools\compiler\ti-cgt-arm_20.2.6.LTS\lib\</path>
         <kind>archive</kind>
         <file>rtsv7M4_T_le_v4SPD16_eabi.lib</file>
         <name>strlen.c.obj</name>
      </input_file>
      <input_file id="fl-ee">
         <path>C:\ti\ccs1200\ccs\tools\compiler\ti-cgt-arm_20.2.6.LTS\lib\</path>
         <kind>archive</kind>
         <file>rtsv7M4_T_le_v4SPD16_eabi.lib</file>
         <name>write.c.obj</name>
      </input_file>
      <input_file id="fl-ef">
         <path>C:\ti\ccs1200\ccs\tools\compiler\ti-cgt-arm_20.2.6.LTS\lib\</path>
         <kind>archive</kind>
         <file>rtsv7M4_T_le_v4SPD16_eabi.lib</file>
         <name>host_device.c.obj</name>
      </input_file>
      <input_file id="fl-f0">
         <path>C:\ti\ccs1200\ccs\tools\compiler\ti-cgt-arm_20.2.6.LTS\lib\</path>
         <kind>archive</kind>
         <file>rtsv7M4_T_le_v4SPD16_eabi.lib</file>
         <name>errno.c.obj</name>
      </input_file>
      <input_file id="fl-f1">
         <path>C:\ti\ccs1200\ccs\tools\compiler\ti-cgt-arm_20.2.6.LTS\lib\</path>
         <kind>archive</kind>
         <file>rtsv7M4_T_le_v4SPD16_eabi.lib</file>
         <name>boot_cortex_m.c.obj</name>
      </input_file>
      <input_file id="fl-f2">
         <path>C:\ti\ccs1200\ccs\tools\compiler\ti-cgt-arm_20.2.6.LTS\lib\</path>
         <kind>archive</kind>
         <file>rtsv7M4_T_le_v4SPD16_eabi.lib</file>
         <name>s_frexp.c.obj</name>
      </input_file>
      <input_file id="fl-f3">
         <path>C:\ti\ccs1200\ccs\tools\compiler\ti-cgt-arm_20.2.6.LTS\lib\</path>
         <kind>archive</kind>
         <file>rtsv7M4_T_le_v4SPD16_eabi.lib</file>
         <name>s_scalbn.c.obj</name>
      </input_file>
      <input_file id="fl-f4">
         <path>C:\ti\ccs1200\ccs\tools\compiler\ti-cgt-arm_20.2.6.LTS\lib\</path>
         <kind>archive</kind>
         <file>rtsv7M4_T_le_v4SPD16_eabi.lib</file>
         <name>s_copysign.c.obj</name>
      </input_file>
      <input_file id="fl-f5">
         <path>C:\ti\ccs1200\ccs\tools\compiler\ti-cgt-arm_20.2.6.LTS\lib\</path>
         <kind>archive</kind>
         <file>rtsv7M4_T_le_v4SPD16_eabi.lib</file>
         <name>wcslen.c.obj</name>
      </input_file>
      <input_file id="fl-f6">
         <path>C:\ti\ccs1200\ccs\tools\compiler\ti-cgt-arm_20.2.6.LTS\lib\</path>
         <kind>archive</kind>
         <file>rtsv7M4_T_le_v4SPD16_eabi.lib</file>
         <name>fflush.c.obj</name>
      </input_file>
      <input_file id="fl-f7">
         <path>C:\ti\ccs1200\ccs\tools\compiler\ti-cgt-arm_20.2.6.LTS\lib\</path>
         <kind>archive</kind>
         <file>rtsv7M4_T_le_v4SPD16_eabi.lib</file>
         <name>fopen.c.obj</name>
      </input_file>
      <input_file id="fl-f8">
         <path>C:\ti\ccs1200\ccs\tools\compiler\ti-cgt-arm_20.2.6.LTS\lib\</path>
         <kind>archive</kind>
         <file>rtsv7M4_T_le_v4SPD16_eabi.lib</file>
         <name>fseek.c.obj</name>
      </input_file>
      <input_file id="fl-f9">
         <path>C:\ti\ccs1200\ccs\tools\compiler\ti-cgt-arm_20.2.6.LTS\lib\</path>
         <kind>archive</kind>
         <file>rtsv7M4_T_le_v4SPD16_eabi.lib</file>
         <name>div0.asm.obj</name>
      </input_file>
      <input_file id="fl-fa">
         <path>C:\ti\ccs1200\ccs\tools\compiler\ti-cgt-arm_20.2.6.LTS\lib\</path>
         <kind>archive</kind>
         <file>rtsv7M4_T_le_v4SPD16_eabi.lib</file>
         <name>autoinit.c.obj</name>
      </input_file>
      <input_file id="fl-fb">
         <path>C:\ti\ccs1200\ccs\tools\compiler\ti-cgt-arm_20.2.6.LTS\lib\</path>
         <kind>archive</kind>
         <file>rtsv7M4_T_le_v4SPD16_eabi.lib</file>
         <name>pre_init.c.obj</name>
      </input_file>
      <input_file id="fl-fc">
         <path>C:\ti\ccs1200\ccs\tools\compiler\ti-cgt-arm_20.2.6.LTS\lib\</path>
         <kind>archive</kind>
         <file>rtsv7M4_T_le_v4SPD16_eabi.lib</file>
         <name>cpy_tbl.c.obj</name>
      </input_file>
      <input_file id="fl-fd">
         <path>C:\ti\ccs1200\ccs\tools\compiler\ti-cgt-arm_20.2.6.LTS\lib\</path>
         <kind>archive</kind>
         <file>rtsv7M4_T_le_v4SPD16_eabi.lib</file>
         <name>args_main.c.obj</name>
      </input_file>
      <input_file id="fl-fe">
         <path>C:\ti\ccs1200\ccs\tools\compiler\ti-cgt-arm_20.2.6.LTS\lib\</path>
         <kind>archive</kind>
         <file>rtsv7M4_T_le_v4SPD16_eabi.lib</file>
         <name>hostclose.c.obj</name>
      </input_file>
      <input_file id="fl-ff">
         <path>C:\ti\ccs1200\ccs\tools\compiler\ti-cgt-arm_20.2.6.LTS\lib\</path>
         <kind>archive</kind>
         <file>rtsv7M4_T_le_v4SPD16_eabi.lib</file>
         <name>hostlseek.c.obj</name>
      </input_file>
      <input_file id="fl-100">
         <path>C:\ti\ccs1200\ccs\tools\compiler\ti-cgt-arm_20.2.6.LTS\lib\</path>
         <kind>archive</kind>
         <file>rtsv7M4_T_le_v4SPD16_eabi.lib</file>
         <name>hostopen.c.obj</name>
      </input_file>
      <input_file id="fl-101">
         <path>C:\ti\ccs1200\ccs\tools\compiler\ti-cgt-arm_20.2.6.LTS\lib\</path>
         <kind>archive</kind>
         <file>rtsv7M4_T_le_v4SPD16_eabi.lib</file>
         <name>hostread.c.obj</name>
      </input_file>
      <input_file id="fl-102">
         <path>C:\ti\ccs1200\ccs\tools\compiler\ti-cgt-arm_20.2.6.LTS\lib\</path>
         <kind>archive</kind>
         <file>rtsv7M4_T_le_v4SPD16_eabi.lib</file>
         <name>hostrename.c.obj</name>
      </input_file>
      <input_file id="fl-103">
         <path>C:\ti\ccs1200\ccs\tools\compiler\ti-cgt-arm_20.2.6.LTS\lib\</path>
         <kind>archive</kind>
         <file>rtsv7M4_T_le_v4SPD16_eabi.lib</file>
         <name>hostunlink.c.obj</name>
      </input_file>
      <input_file id="fl-104">
         <path>C:\ti\ccs1200\ccs\tools\compiler\ti-cgt-arm_20.2.6.LTS\lib\</path>
         <kind>archive</kind>
         <file>rtsv7M4_T_le_v4SPD16_eabi.lib</file>
         <name>hostwrite.c.obj</name>
      </input_file>
      <input_file id="fl-105">
         <path>C:\ti\ccs1200\ccs\tools\compiler\ti-cgt-arm_20.2.6.LTS\lib\</path>
         <kind>archive</kind>
         <file>rtsv7M4_T_le_v4SPD16_eabi.lib</file>
         <name>trgmsg.c.obj</name>
      </input_file>
      <input_file id="fl-106">
         <path>C:\ti\ccs1200\ccs\tools\compiler\ti-cgt-arm_20.2.6.LTS\lib\</path>
         <kind>archive</kind>
         <file>rtsv7M4_T_le_v4SPD16_eabi.lib</file>
         <name>open.c.obj</name>
      </input_file>
      <input_file id="fl-107">
         <path>C:\ti\ccs1200\ccs\tools\compiler\ti-cgt-arm_20.2.6.LTS\lib\</path>
         <kind>archive</kind>
         <file>rtsv7M4_T_le_v4SPD16_eabi.lib</file>
         <name>lseek.c.obj</name>
      </input_file>
      <input_file id="fl-108">
         <path>C:\ti\ccs1200\ccs\tools\compiler\ti-cgt-arm_20.2.6.LTS\lib\</path>
         <kind>archive</kind>
         <file>rtsv7M4_T_le_v4SPD16_eabi.lib</file>
         <name>fclose.c.obj</name>
      </input_file>
      <input_file id="fl-109">
         <path>C:\ti\ccs1200\ccs\tools\compiler\ti-cgt-arm_20.2.6.LTS\lib\</path>
         <kind>archive</kind>
         <file>rtsv7M4_T_le_v4SPD16_eabi.lib</file>
         <name>getdevice.c.obj</name>
      </input_file>
      <input_file id="fl-10a">
         <path>C:\ti\ccs1200\ccs\tools\compiler\ti-cgt-arm_20.2.6.LTS\lib\</path>
         <kind>archive</kind>
         <file>rtsv7M4_T_le_v4SPD16_eabi.lib</file>
         <name>strncpy.c.obj</name>
      </input_file>
      <input_file id="fl-10b">
         <path>C:\ti\ccs1200\ccs\tools\compiler\ti-cgt-arm_20.2.6.LTS\lib\</path>
         <kind>archive</kind>
         <file>rtsv7M4_T_le_v4SPD16_eabi.lib</file>
         <name>remove.c.obj</name>
      </input_file>
      <input_file id="fl-10c">
         <path>C:\ti\ccs1200\ccs\tools\compiler\ti-cgt-arm_20.2.6.LTS\lib\</path>
         <kind>archive</kind>
         <file>rtsv7M4_T_le_v4SPD16_eabi.lib</file>
         <name>close.c.obj</name>
      </input_file>
      <input_file id="fl-10d">
         <path>C:\ti\ccs1200\ccs\tools\compiler\ti-cgt-arm_20.2.6.LTS\lib\</path>
         <kind>archive</kind>
         <file>rtsv7M4_T_le_v4SPD16_eabi.lib</file>
         <name>unlink.c.obj</name>
      </input_file>
      <input_file id="fl-10e">
         <path>C:\ti\TivaWare_C_Series-2.2.0.295\driverlib\ccs\Debug\</path>
         <kind>archive</kind>
         <file>driverlib.lib</file>
         <name>interrupt.obj</name>
      </input_file>
      <input_file id="fl-10f">
         <path>C:\ti\TivaWare_C_Series-2.2.0.295\driverlib\ccs\Debug\</path>
         <kind>archive</kind>
         <file>driverlib.lib</file>
         <name>cpu.obj</name>
      </input_file>
   </input_file_list>
   <object_component_list>
      <object_component id="oc-12">
         <name>.intvecs</name>
         <load_address>0x0</load_address>
         <run_address>0x0</run_address>
         <size>0x26c</size>
         <input_file_ref idref="fl-8"/>
      </object_component>
      <object_component id="oc-f1">
         <name>.text</name>
         <load_address>0x26c</load_address>
         <run_address>0x26c</run_address>
         <size>0xc20</size>
         <input_file_ref idref="fl-7"/>
      </object_component>
      <object_component id="oc-29a">
         <name>.text:__TI_printfi</name>
         <load_address>0xe8c</load_address>
         <run_address>0xe8c</run_address>
         <size>0xa4e</size>
         <input_file_ref idref="fl-cc"/>
      </object_component>
      <object_component id="oc-2fd">
         <name>.text:_nop</name>
         <load_address>0x18da</load_address>
         <run_address>0x18da</run_address>
         <size>0x2</size>
         <input_file_ref idref="fl-e2"/>
      </object_component>
      <object_component id="oc-10f">
         <name>.text</name>
         <load_address>0x18dc</load_address>
         <run_address>0x18dc</run_address>
         <size>0x460</size>
         <input_file_ref idref="fl-6"/>
      </object_component>
      <object_component id="oc-fd">
         <name>.text</name>
         <load_address>0x1d3c</load_address>
         <run_address>0x1d3c</run_address>
         <size>0x328</size>
         <input_file_ref idref="fl-3"/>
      </object_component>
      <object_component id="oc-a2">
         <name>.text</name>
         <load_address>0x2064</load_address>
         <run_address>0x2064</run_address>
         <size>0x2ec</size>
         <input_file_ref idref="fl-4"/>
      </object_component>
      <object_component id="oc-103">
         <name>.text</name>
         <load_address>0x2350</load_address>
         <run_address>0x2350</run_address>
         <size>0x2a8</size>
         <input_file_ref idref="fl-15"/>
      </object_component>
      <object_component id="oc-360">
         <name>.text:_pconv_a</name>
         <load_address>0x25f8</load_address>
         <run_address>0x25f8</run_address>
         <size>0x270</size>
         <input_file_ref idref="fl-cc"/>
      </object_component>
      <object_component id="oc-d7">
         <name>.text</name>
         <load_address>0x2868</load_address>
         <run_address>0x2868</run_address>
         <size>0x260</size>
         <input_file_ref idref="fl-11"/>
      </object_component>
      <object_component id="oc-f7">
         <name>.text</name>
         <load_address>0x2ac8</load_address>
         <run_address>0x2ac8</run_address>
         <size>0x248</size>
         <input_file_ref idref="fl-2"/>
      </object_component>
      <object_component id="oc-16d">
         <name>.text</name>
         <load_address>0x2d10</load_address>
         <run_address>0x2d10</run_address>
         <size>0x1ec</size>
         <input_file_ref idref="fl-13"/>
      </object_component>
      <object_component id="oc-109">
         <name>.text</name>
         <load_address>0x2efc</load_address>
         <run_address>0x2efc</run_address>
         <size>0x1e4</size>
         <input_file_ref idref="fl-9"/>
      </object_component>
      <object_component id="oc-34e">
         <name>.text:_pconv_g</name>
         <load_address>0x30e0</load_address>
         <run_address>0x30e0</run_address>
         <size>0x1d0</size>
         <input_file_ref idref="fl-cc"/>
      </object_component>
      <object_component id="oc-1b3">
         <name>.text</name>
         <load_address>0x32b0</load_address>
         <run_address>0x32b0</run_address>
         <size>0x1b6</size>
         <input_file_ref idref="fl-d3"/>
      </object_component>
      <object_component id="oc-44e">
         <name>.text</name>
         <load_address>0x3466</load_address>
         <run_address>0x3466</run_address>
         <size>0x2</size>
         <input_file_ref idref="fl-f9"/>
      </object_component>
      <object_component id="oc-167">
         <name>.text</name>
         <load_address>0x3468</load_address>
         <run_address>0x3468</run_address>
         <size>0x158</size>
         <input_file_ref idref="fl-14"/>
      </object_component>
      <object_component id="oc-35a">
         <name>.text:_pconv_e</name>
         <load_address>0x35c0</load_address>
         <run_address>0x35c0</run_address>
         <size>0x13c</size>
         <input_file_ref idref="fl-cc"/>
      </object_component>
      <object_component id="oc-1ae">
         <name>.text</name>
         <load_address>0x36fc</load_address>
         <run_address>0x36fc</run_address>
         <size>0x136</size>
         <input_file_ref idref="fl-d5"/>
      </object_component>
      <object_component id="oc-3ef">
         <name>.text:fcvt</name>
         <load_address>0x3834</load_address>
         <run_address>0x3834</run_address>
         <size>0x124</size>
         <input_file_ref idref="fl-cc"/>
      </object_component>
      <object_component id="oc-173">
         <name>.text</name>
         <load_address>0x3958</load_address>
         <run_address>0x3958</run_address>
         <size>0x118</size>
         <input_file_ref idref="fl-12"/>
      </object_component>
      <object_component id="oc-399">
         <name>.text:fputs</name>
         <load_address>0x3a70</load_address>
         <run_address>0x3a70</run_address>
         <size>0x114</size>
         <input_file_ref idref="fl-d0"/>
      </object_component>
      <object_component id="oc-403">
         <name>.text:scalbn</name>
         <load_address>0x3b84</load_address>
         <run_address>0x3b84</run_address>
         <size>0x110</size>
         <input_file_ref idref="fl-f3"/>
      </object_component>
      <object_component id="oc-320">
         <name>.text:aligned_alloc</name>
         <load_address>0x3c94</load_address>
         <run_address>0x3c94</run_address>
         <size>0x100</size>
         <input_file_ref idref="fl-e9"/>
      </object_component>
      <object_component id="oc-e2">
         <name>.text</name>
         <load_address>0x3d94</load_address>
         <run_address>0x3d94</run_address>
         <size>0xfc</size>
         <input_file_ref idref="fl-d6"/>
      </object_component>
      <object_component id="oc-18c">
         <name>.text:free</name>
         <load_address>0x3e90</load_address>
         <run_address>0x3e90</run_address>
         <size>0xe4</size>
         <input_file_ref idref="fl-e9"/>
      </object_component>
      <object_component id="oc-485">
         <name>.text:setvbuf</name>
         <load_address>0x3f74</load_address>
         <run_address>0x3f74</run_address>
         <size>0xdc</size>
         <input_file_ref idref="fl-d2"/>
      </object_component>
      <object_component id="oc-343">
         <name>.text:_ltostr</name>
         <load_address>0x4050</load_address>
         <run_address>0x4050</run_address>
         <size>0xb1</size>
         <input_file_ref idref="fl-cc"/>
      </object_component>
      <object_component id="oc-3e">
         <name>.text</name>
         <load_address>0x4102</load_address>
         <run_address>0x4102</run_address>
         <size>0x9c</size>
         <input_file_ref idref="fl-db"/>
      </object_component>
      <object_component id="oc-3cb">
         <name>.text</name>
         <load_address>0x419e</load_address>
         <run_address>0x419e</run_address>
         <size>0x96</size>
         <input_file_ref idref="fl-dd"/>
      </object_component>
      <object_component id="oc-3a0">
         <name>.text:fputc</name>
         <load_address>0x4234</load_address>
         <run_address>0x4234</run_address>
         <size>0x8c</size>
         <input_file_ref idref="fl-cf"/>
      </object_component>
      <object_component id="oc-349">
         <name>.text:__aeabi_cdcmple</name>
         <load_address>0x42c0</load_address>
         <run_address>0x42c0</run_address>
         <size>0x86</size>
         <input_file_ref idref="fl-d4"/>
      </object_component>
      <object_component id="oc-3d2">
         <name>.text:__aeabi_cdrcmple</name>
         <load_address>0x4346</load_address>
         <run_address>0x4346</run_address>
         <size>0x86</size>
         <input_file_ref idref="fl-d4"/>
      </object_component>
      <object_component id="oc-96">
         <name>.text</name>
         <load_address>0x43cc</load_address>
         <run_address>0x43cc</run_address>
         <size>0x7a</size>
         <input_file_ref idref="fl-dc"/>
      </object_component>
      <object_component id="oc-4dc">
         <name>.text:__TI_closefile</name>
         <load_address>0x4448</load_address>
         <run_address>0x4448</run_address>
         <size>0x74</size>
         <input_file_ref idref="fl-108"/>
      </object_component>
      <object_component id="oc-3bd">
         <name>.text:split</name>
         <load_address>0x44bc</load_address>
         <run_address>0x44bc</run_address>
         <size>0x70</size>
         <input_file_ref idref="fl-e9"/>
      </object_component>
      <object_component id="oc-3e8">
         <name>.text:_mcpy</name>
         <load_address>0x452c</load_address>
         <run_address>0x452c</run_address>
         <size>0x6e</size>
         <input_file_ref idref="fl-cc"/>
      </object_component>
      <object_component id="oc-ec">
         <name>.text</name>
         <load_address>0x459a</load_address>
         <run_address>0x459a</run_address>
         <size>0x6e</size>
         <input_file_ref idref="fl-d8"/>
      </object_component>
      <object_component id="oc-50c">
         <name>.text:HOSTrename</name>
         <load_address>0x4608</load_address>
         <run_address>0x4608</run_address>
         <size>0x6c</size>
         <input_file_ref idref="fl-102"/>
      </object_component>
      <object_component id="oc-500">
         <name>.text:HOSTlseek</name>
         <load_address>0x4674</load_address>
         <run_address>0x4674</run_address>
         <size>0x68</size>
         <input_file_ref idref="fl-ff"/>
      </object_component>
      <object_component id="oc-15">
         <name>.text:decompress:lzss:__TI_decompress_lzss</name>
         <load_address>0x46dc</load_address>
         <run_address>0x46dc</run_address>
         <size>0x68</size>
         <input_file_ref idref="fl-e0"/>
      </object_component>
      <object_component id="oc-1fd">
         <name>.text:printf</name>
         <load_address>0x4744</load_address>
         <run_address>0x4744</run_address>
         <size>0x68</size>
         <input_file_ref idref="fl-cb"/>
      </object_component>
      <object_component id="oc-3fd">
         <name>.text:frexp</name>
         <load_address>0x47ac</load_address>
         <run_address>0x47ac</run_address>
         <size>0x64</size>
         <input_file_ref idref="fl-f2"/>
      </object_component>
      <object_component id="oc-47f">
         <name>.text:fseek</name>
         <load_address>0x4810</load_address>
         <run_address>0x4810</run_address>
         <size>0x64</size>
         <input_file_ref idref="fl-f8"/>
      </object_component>
      <object_component id="oc-42c">
         <name>.text:__TI_wrt_ok</name>
         <load_address>0x4874</load_address>
         <run_address>0x4874</run_address>
         <size>0x62</size>
         <input_file_ref idref="fl-d1"/>
      </object_component>
      <object_component id="oc-4e8">
         <name>.text:HOSTopen</name>
         <load_address>0x48d8</load_address>
         <run_address>0x48d8</run_address>
         <size>0x60</size>
         <input_file_ref idref="fl-100"/>
      </object_component>
      <object_component id="oc-518">
         <name>.text:close</name>
         <load_address>0x4938</load_address>
         <run_address>0x4938</run_address>
         <size>0x5c</size>
         <input_file_ref idref="fl-10c"/>
      </object_component>
      <object_component id="oc-4f4">
         <name>.text:HOSTread</name>
         <load_address>0x4994</load_address>
         <run_address>0x4994</run_address>
         <size>0x58</size>
         <input_file_ref idref="fl-101"/>
      </object_component>
      <object_component id="oc-4fa">
         <name>.text:HOSTwrite</name>
         <load_address>0x49ec</load_address>
         <run_address>0x49ec</run_address>
         <size>0x58</size>
         <input_file_ref idref="fl-104"/>
      </object_component>
      <object_component id="oc-354">
         <name>.text:_pconv_f</name>
         <load_address>0x4a44</load_address>
         <run_address>0x4a44</run_address>
         <size>0x56</size>
         <input_file_ref idref="fl-cc"/>
      </object_component>
      <object_component id="oc-3dc">
         <name>.text:__TI_ltoa</name>
         <load_address>0x4a9a</load_address>
         <run_address>0x4a9a</run_address>
         <size>0x54</size>
         <input_file_ref idref="fl-e3"/>
      </object_component>
      <object_component id="oc-3e2">
         <name>.text:_ecpy</name>
         <load_address>0x4aee</load_address>
         <run_address>0x4aee</run_address>
         <size>0x52</size>
         <input_file_ref idref="fl-cc"/>
      </object_component>
      <object_component id="oc-438">
         <name>.text:__TI_doflush</name>
         <load_address>0x4b40</load_address>
         <run_address>0x4b40</run_address>
         <size>0x4c</size>
         <input_file_ref idref="fl-f6"/>
      </object_component>
      <object_component id="oc-33d">
         <name>.text:atoi</name>
         <load_address>0x4b8c</load_address>
         <run_address>0x4b8c</run_address>
         <size>0x4c</size>
         <input_file_ref idref="fl-e4"/>
      </object_component>
      <object_component id="oc-12d">
         <name>.text:exit</name>
         <load_address>0x4bd8</load_address>
         <run_address>0x4bd8</run_address>
         <size>0x48</size>
         <input_file_ref idref="fl-e1"/>
      </object_component>
      <object_component id="oc-3d7">
         <name>.text</name>
         <load_address>0x4c20</load_address>
         <run_address>0x4c20</run_address>
         <size>0x48</size>
         <input_file_ref idref="fl-d7"/>
      </object_component>
      <object_component id="oc-4ee">
         <name>.text:HOSTclose</name>
         <load_address>0x4c68</load_address>
         <run_address>0x4c68</run_address>
         <size>0x44</size>
         <input_file_ref idref="fl-fe"/>
      </object_component>
      <object_component id="oc-506">
         <name>.text:HOSTunlink</name>
         <load_address>0x4cac</load_address>
         <run_address>0x4cac</run_address>
         <size>0x44</size>
         <input_file_ref idref="fl-103"/>
      </object_component>
      <object_component id="oc-133">
         <name>.text:__TI_auto_init_nobinit_nopinit:__TI_auto_init_nobinit_nopinit</name>
         <load_address>0x4cf0</load_address>
         <run_address>0x4cf0</run_address>
         <size>0x44</size>
         <input_file_ref idref="fl-fa"/>
      </object_component>
      <object_component id="oc-547">
         <name>.text:getdevice</name>
         <load_address>0x4d34</load_address>
         <run_address>0x4d34</run_address>
         <size>0x44</size>
         <input_file_ref idref="fl-109"/>
      </object_component>
      <object_component id="oc-1f1">
         <name>.text:sprintf</name>
         <load_address>0x4d78</load_address>
         <run_address>0x4d78</run_address>
         <size>0x40</size>
         <input_file_ref idref="fl-cd"/>
      </object_component>
      <object_component id="oc-1cf">
         <name>.text:vsnprintf</name>
         <load_address>0x4db8</load_address>
         <run_address>0x4db8</run_address>
         <size>0x40</size>
         <input_file_ref idref="fl-ce"/>
      </object_component>
      <object_component id="oc-3f5">
         <name>.text:_fcpy</name>
         <load_address>0x4df8</load_address>
         <run_address>0x4df8</run_address>
         <size>0x3e</size>
         <input_file_ref idref="fl-cc"/>
      </object_component>
      <object_component id="oc-529">
         <name>.text:__TI_writemsg</name>
         <load_address>0x4e38</load_address>
         <run_address>0x4e38</run_address>
         <size>0x38</size>
         <input_file_ref idref="fl-105"/>
      </object_component>
      <object_component id="oc-186">
         <name>.text:calloc</name>
         <load_address>0x4e70</load_address>
         <run_address>0x4e70</run_address>
         <size>0x38</size>
         <input_file_ref idref="fl-e9"/>
      </object_component>
      <object_component id="oc-dd">
         <name>.text</name>
         <load_address>0x4ea8</load_address>
         <run_address>0x4ea8</run_address>
         <size>0x38</size>
         <input_file_ref idref="fl-d9"/>
      </object_component>
      <object_component id="oc-567">
         <name>.text:strncpy</name>
         <load_address>0x4ee0</load_address>
         <run_address>0x4ee0</run_address>
         <size>0x36</size>
         <input_file_ref idref="fl-10a"/>
      </object_component>
      <object_component id="oc-19f">
         <name>.text:IntRegister</name>
         <load_address>0x4f18</load_address>
         <run_address>0x4f18</run_address>
         <size>0x34</size>
         <input_file_ref idref="fl-10e"/>
      </object_component>
      <object_component id="oc-4b3">
         <name>.text:__TI_cleanup</name>
         <load_address>0x4f4c</load_address>
         <run_address>0x4f4c</run_address>
         <size>0x34</size>
         <input_file_ref idref="fl-f7"/>
      </object_component>
      <object_component id="oc-52f">
         <name>.text:__TI_readmsg</name>
         <load_address>0x4f80</load_address>
         <run_address>0x4f80</run_address>
         <size>0x34</size>
         <input_file_ref idref="fl-105"/>
      </object_component>
      <object_component id="oc-5c">
         <name>.text:_c_int00_noargs:_c_int00_noargs</name>
         <load_address>0x4fb4</load_address>
         <run_address>0x4fb4</run_address>
         <size>0x34</size>
         <input_file_ref idref="fl-f1"/>
      </object_component>
      <object_component id="oc-2a0">
         <name>.text:_outs</name>
         <load_address>0x4fe8</load_address>
         <run_address>0x4fe8</run_address>
         <size>0x30</size>
         <input_file_ref idref="fl-ce"/>
      </object_component>
      <object_component id="oc-56d">
         <name>.text:finddevice</name>
         <load_address>0x5018</load_address>
         <run_address>0x5018</run_address>
         <size>0x30</size>
         <input_file_ref idref="fl-109"/>
      </object_component>
      <object_component id="oc-e7">
         <name>.text</name>
         <load_address>0x5048</load_address>
         <run_address>0x5048</run_address>
         <size>0x2e</size>
         <input_file_ref idref="fl-da"/>
      </object_component>
      <object_component id="oc-51e">
         <name>.text:unlink</name>
         <load_address>0x5078</load_address>
         <run_address>0x5078</run_address>
         <size>0x2c</size>
         <input_file_ref idref="fl-10d"/>
      </object_component>
      <object_component id="oc-276">
         <name>.text:free_list_insert</name>
         <load_address>0x50a4</load_address>
         <run_address>0x50a4</run_address>
         <size>0x28</size>
         <input_file_ref idref="fl-e9"/>
      </object_component>
      <object_component id="oc-4ab">
         <name>.text:lseek</name>
         <load_address>0x50cc</load_address>
         <run_address>0x50cc</run_address>
         <size>0x28</size>
         <input_file_ref idref="fl-107"/>
      </object_component>
      <object_component id="oc-43e">
         <name>.text:write</name>
         <load_address>0x50f4</load_address>
         <run_address>0x50f4</run_address>
         <size>0x28</size>
         <input_file_ref idref="fl-ee"/>
      </object_component>
      <object_component id="oc-432">
         <name>.text:memchr</name>
         <load_address>0x511c</load_address>
         <run_address>0x511c</run_address>
         <size>0x20</size>
         <input_file_ref idref="fl-e8"/>
      </object_component>
      <object_component id="oc-270">
         <name>.text:free_list_remove</name>
         <load_address>0x513c</load_address>
         <run_address>0x513c</run_address>
         <size>0x1c</size>
         <input_file_ref idref="fl-e9"/>
      </object_component>
      <object_component id="oc-366">
         <name>.text:memccpy</name>
         <load_address>0x5158</load_address>
         <run_address>0x5158</run_address>
         <size>0x1c</size>
         <input_file_ref idref="fl-e7"/>
      </object_component>
      <object_component id="oc-463">
         <name>.text:copysign</name>
         <load_address>0x5174</load_address>
         <run_address>0x5174</run_address>
         <size>0x1a</size>
         <input_file_ref idref="fl-f4"/>
      </object_component>
      <object_component id="oc-2a6">
         <name>.text:_outc</name>
         <load_address>0x518e</load_address>
         <run_address>0x518e</run_address>
         <size>0x18</size>
         <input_file_ref idref="fl-ce"/>
      </object_component>
      <object_component id="oc-2ce">
         <name>.text:_outs</name>
         <load_address>0x51a6</load_address>
         <run_address>0x51a6</run_address>
         <size>0x18</size>
         <input_file_ref idref="fl-cd"/>
      </object_component>
      <object_component id="oc-192">
         <name>.text:oi_parseInt</name>
         <load_address>0x51be</load_address>
         <run_address>0x51be</run_address>
         <size>0x18</size>
         <input_file_ref idref="fl-7"/>
      </object_component>
      <object_component id="oc-199">
         <name>.text:strcmp</name>
         <load_address>0x51d6</load_address>
         <run_address>0x51d6</run_address>
         <size>0x18</size>
         <input_file_ref idref="fl-eb"/>
      </object_component>
      <object_component id="oc-409">
         <name>.text:strchr</name>
         <load_address>0x51ee</load_address>
         <run_address>0x51ee</run_address>
         <size>0x16</size>
         <input_file_ref idref="fl-ea"/>
      </object_component>
      <object_component id="oc-1d5">
         <name>.text:strcpy</name>
         <load_address>0x5204</load_address>
         <run_address>0x5204</run_address>
         <size>0x14</size>
         <input_file_ref idref="fl-ec"/>
      </object_component>
      <object_component id="oc-1f7">
         <name>.text:strlen</name>
         <load_address>0x5218</load_address>
         <run_address>0x5218</run_address>
         <size>0x14</size>
         <input_file_ref idref="fl-ed"/>
      </object_component>
      <object_component id="oc-36c">
         <name>.text:wcslen</name>
         <load_address>0x522c</load_address>
         <run_address>0x522c</run_address>
         <size>0x12</size>
         <input_file_ref idref="fl-f5"/>
      </object_component>
      <object_component id="oc-1a5">
         <name>.text:IntMasterEnable</name>
         <load_address>0x523e</load_address>
         <run_address>0x523e</run_address>
         <size>0x10</size>
         <input_file_ref idref="fl-10e"/>
      </object_component>
      <object_component id="oc-1c8">
         <name>.text:lcd_clear</name>
         <load_address>0x524e</load_address>
         <run_address>0x524e</run_address>
         <size>0x10</size>
         <input_file_ref idref="fl-3"/>
      </object_component>
      <object_component id="oc-1b">
         <name>.text:decompress:none:__TI_decompress_none</name>
         <load_address>0x525e</load_address>
         <run_address>0x525e</run_address>
         <size>0xe</size>
         <input_file_ref idref="fl-df"/>
      </object_component>
      <object_component id="oc-289">
         <name>.text:CPUcpsie</name>
         <load_address>0x526c</load_address>
         <run_address>0x526c</run_address>
         <size>0xc</size>
         <input_file_ref idref="fl-10f"/>
      </object_component>
      <object_component id="oc-50">
         <name>.text:decompress:ZI:__TI_zero_init</name>
         <load_address>0x5278</load_address>
         <run_address>0x5278</run_address>
         <size>0xc</size>
         <input_file_ref idref="fl-de"/>
      </object_component>
      <object_component id="oc-2a">
         <name>.text</name>
         <load_address>0x5284</load_address>
         <run_address>0x5284</run_address>
         <size>0xc</size>
         <input_file_ref idref="fl-8"/>
      </object_component>
      <object_component id="oc-2d4">
         <name>.text:_outc</name>
         <load_address>0x5290</load_address>
         <run_address>0x5290</run_address>
         <size>0xa</size>
         <input_file_ref idref="fl-cd"/>
      </object_component>
      <object_component id="oc-372">
         <name>.text:__aeabi_errno_addr</name>
         <load_address>0x529c</load_address>
         <run_address>0x529c</run_address>
         <size>0x8</size>
         <input_file_ref idref="fl-f0"/>
      </object_component>
      <object_component id="oc-269">
         <name>.text:malloc</name>
         <load_address>0x52a4</load_address>
         <run_address>0x52a4</run_address>
         <size>0x8</size>
         <input_file_ref idref="fl-e9"/>
      </object_component>
      <object_component id="oc-2e7">
         <name>.text:_outc</name>
         <load_address>0x52ac</load_address>
         <run_address>0x52ac</run_address>
         <size>0x4</size>
         <input_file_ref idref="fl-cb"/>
      </object_component>
      <object_component id="oc-2e1">
         <name>.text:_outs</name>
         <load_address>0x52b0</load_address>
         <run_address>0x52b0</run_address>
         <size>0x4</size>
         <input_file_ref idref="fl-cb"/>
      </object_component>
      <object_component id="oc-9c">
         <name>.text:_system_pre_init</name>
         <load_address>0x52b4</load_address>
         <run_address>0x52b4</run_address>
         <size>0x4</size>
         <input_file_ref idref="fl-fb"/>
      </object_component>
      <object_component id="oc-127">
         <name>.text:abort:abort</name>
         <load_address>0x52b8</load_address>
         <run_address>0x52b8</run_address>
         <size>0x4</size>
         <input_file_ref idref="fl-e1"/>
      </object_component>
      <object_component id="oc-3c6">
         <name>.const:.string:_ctypes_</name>
         <load_address>0x52bc</load_address>
         <run_address>0x52bc</run_address>
         <size>0x101</size>
         <input_file_ref idref="fl-e5"/>
      </object_component>
      <object_component id="oc-1b8">
         <name>.const:.string:$P$T0$3</name>
         <load_address>0x53bd</load_address>
         <run_address>0x53bd</run_address>
         <size>0xf</size>
         <input_file_ref idref="fl-7"/>
      </object_component>
      <object_component id="oc-1db">
         <name>.const:.string:lineAddress$1</name>
         <load_address>0x53cc</load_address>
         <run_address>0x53cc</run_address>
         <size>0x4</size>
         <input_file_ref idref="fl-3"/>
      </object_component>
      <object_component id="oc-1dc">
         <name>.const:.string:lineAddresses$2</name>
         <load_address>0x53d0</load_address>
         <run_address>0x53d0</run_address>
         <size>0x4</size>
         <input_file_ref idref="fl-3"/>
      </object_component>
      <object_component id="oc-206">
         <name>.const:.string:$P$T1$2</name>
         <load_address>0x53d4</load_address>
         <run_address>0x53d4</run_address>
         <size>0x3</size>
         <input_file_ref idref="fl-6"/>
      </object_component>
      <object_component id="oc-212">
         <name>.const:.string:$P$T5$6</name>
         <load_address>0x53d7</load_address>
         <run_address>0x53d7</run_address>
         <size>0x3</size>
         <input_file_ref idref="fl-6"/>
      </object_component>
      <object_component id="oc-203">
         <name>.const:.string:$P$T0$1</name>
         <load_address>0x53da</load_address>
         <run_address>0x53da</run_address>
         <size>0x2</size>
         <input_file_ref idref="fl-6"/>
      </object_component>
      <object_component id="oc-209">
         <name>.const:.string:$P$T2$3</name>
         <load_address>0x53dc</load_address>
         <run_address>0x53dc</run_address>
         <size>0x2</size>
         <input_file_ref idref="fl-6"/>
      </object_component>
      <object_component id="oc-20c">
         <name>.const:.string:$P$T3$4</name>
         <load_address>0x53de</load_address>
         <run_address>0x53de</run_address>
         <size>0x2</size>
         <input_file_ref idref="fl-6"/>
      </object_component>
      <object_component id="oc-20f">
         <name>.const:.string:$P$T4$5</name>
         <load_address>0x53e0</load_address>
         <run_address>0x53e0</run_address>
         <size>0x2</size>
         <input_file_ref idref="fl-6"/>
      </object_component>
      <object_component id="oc-5b3">
         <name>.cinit..data.load</name>
         <load_address>0x53e8</load_address>
         <run_address>0x53e8</run_address>
         <size>0x79</size>
      </object_component>
      <object_component id="oc-5b0">
         <name>__TI_handler_table</name>
         <load_address>0x5464</load_address>
         <run_address>0x5464</run_address>
         <size>0xc</size>
      </object_component>
      <object_component id="oc-5b4">
         <name>.cinit..bss.load</name>
         <load_address>0x5470</load_address>
         <run_address>0x5470</run_address>
         <size>0x8</size>
      </object_component>
      <object_component id="oc-5b2">
         <name>.cinit..vtable.load</name>
         <load_address>0x5478</load_address>
         <run_address>0x5478</run_address>
         <size>0x8</size>
      </object_component>
      <object_component id="oc-5b1">
         <name>__TI_cinit_table</name>
         <load_address>0x5480</load_address>
         <run_address>0x5480</run_address>
         <size>0x18</size>
      </object_component>
      <object_component id="oc-27f">
         <name>.vtable</name>
         <uninitialized>true</uninitialized>
         <run_address>0x20000000</run_address>
         <size>0x26c</size>
         <input_file_ref idref="fl-10e"/>
      </object_component>
      <object_component id="oc-1c3">
         <name>.data</name>
         <load_address>0x200027e5</load_address>
         <run_address>0x200027e5</run_address>
         <size>0x1</size>
         <input_file_ref idref="fl-2"/>
      </object_component>
      <object_component id="oc-118">
         <name>.data</name>
         <load_address>0x20002800</load_address>
         <run_address>0x20002800</run_address>
         <size>0x4</size>
         <input_file_ref idref="fl-4"/>
      </object_component>
      <object_component id="oc-1ab">
         <name>.data</name>
         <load_address>0x200027a0</load_address>
         <run_address>0x200027a0</run_address>
         <size>0x20</size>
         <input_file_ref idref="fl-7"/>
      </object_component>
      <object_component id="oc-1ec">
         <name>.data</name>
         <load_address>0x200027dc</load_address>
         <run_address>0x200027dc</run_address>
         <size>0x9</size>
         <input_file_ref idref="fl-9"/>
      </object_component>
      <object_component id="oc-179">
         <name>.data</name>
         <load_address>0x200027f8</load_address>
         <run_address>0x200027f8</run_address>
         <size>0x4</size>
         <input_file_ref idref="fl-11"/>
      </object_component>
      <object_component id="oc-1e8">
         <name>.data</name>
         <load_address>0x200027fc</load_address>
         <run_address>0x200027fc</run_address>
         <size>0x4</size>
         <input_file_ref idref="fl-15"/>
      </object_component>
      <object_component id="oc-23c">
         <name>.data:$O1$$</name>
         <load_address>0x200027d0</load_address>
         <run_address>0x200027d0</run_address>
         <size>0xc</size>
         <input_file_ref idref="fl-e1"/>
      </object_component>
      <object_component id="oc-23f">
         <name>.data:$O1$$</name>
         <load_address>0x200027e8</load_address>
         <run_address>0x200027e8</run_address>
         <size>0x8</size>
         <input_file_ref idref="fl-e2"/>
      </object_component>
      <object_component id="oc-2de">
         <name>.data:_ftable</name>
         <load_address>0x200025e8</load_address>
         <run_address>0x200025e8</run_address>
         <size>0xf0</size>
         <input_file_ref idref="fl-e6"/>
      </object_component>
      <object_component id="oc-4e2">
         <name>.data</name>
         <load_address>0x200027c0</load_address>
         <run_address>0x200027c0</run_address>
         <size>0x10</size>
         <input_file_ref idref="fl-e6"/>
      </object_component>
      <object_component id="oc-327">
         <name>.data:$O1$$</name>
         <load_address>0x200027f0</load_address>
         <run_address>0x200027f0</run_address>
         <size>0x8</size>
         <input_file_ref idref="fl-e9"/>
      </object_component>
      <object_component id="oc-4c6">
         <name>.data:_device</name>
         <load_address>0x200026d8</load_address>
         <run_address>0x200026d8</run_address>
         <size>0x78</size>
         <input_file_ref idref="fl-ef"/>
      </object_component>
      <object_component id="oc-491">
         <name>.data:_stream</name>
         <load_address>0x20002750</load_address>
         <run_address>0x20002750</run_address>
         <size>0x50</size>
         <input_file_ref idref="fl-ef"/>
      </object_component>
      <object_component id="oc-419">
         <name>.data</name>
         <load_address>0x20002804</load_address>
         <run_address>0x20002804</run_address>
         <size>0x4</size>
         <input_file_ref idref="fl-f0"/>
      </object_component>
      <object_component id="oc-1dd">
         <name>.bss:lastbuffer$3</name>
         <uninitialized>true</uninitialized>
         <run_address>0x20002520</run_address>
         <size>0x54</size>
         <input_file_ref idref="fl-3"/>
      </object_component>
      <object_component id="oc-1bb">
         <name>.bss:firmware$2</name>
         <uninitialized>true</uninitialized>
         <run_address>0x200025a8</run_address>
         <size>0x18</size>
         <input_file_ref idref="fl-7"/>
      </object_component>
      <object_component id="oc-551">
         <name>.bss:_CIOBUF_</name>
         <uninitialized>true</uninitialized>
         <run_address>0x20002270</run_address>
         <size>0x120</size>
         <input_file_ref idref="fl-105"/>
      </object_component>
      <object_component id="oc-1c6">
         <name>.common:_timeout_ticks</name>
         <uninitialized>true</uninitialized>
         <run_address>0x200025c8</run_address>
         <size>0x4</size>
      </object_component>
      <object_component id="oc-11b">
         <name>.common:right_calibration_value</name>
         <uninitialized>true</uninitialized>
         <run_address>0x200025dc</run_address>
         <size>0x4</size>
      </object_component>
      <object_component id="oc-120">
         <name>.common:left_calibration_value</name>
         <uninitialized>true</uninitialized>
         <run_address>0x200025d4</run_address>
         <size>0x4</size>
      </object_component>
      <object_component id="oc-115">
         <name>.common:arr_objects</name>
         <uninitialized>true</uninitialized>
         <run_address>0x20002390</run_address>
         <size>0xf0</size>
      </object_component>
      <object_component id="oc-263">
         <name>.common:isr_int_value</name>
         <uninitialized>true</uninitialized>
         <run_address>0x200025d0</run_address>
         <size>0x4</size>
      </object_component>
      <object_component id="oc-25f">
         <name>.common:risingEdge</name>
         <uninitialized>true</uninitialized>
         <run_address>0x200025e0</run_address>
         <size>0x4</size>
      </object_component>
      <object_component id="oc-260">
         <name>.common:fallingEdge</name>
         <uninitialized>true</uninitialized>
         <run_address>0x200025cc</run_address>
         <size>0x4</size>
      </object_component>
      <object_component id="oc-261">
         <name>.common:pulseLength</name>
         <uninitialized>true</uninitialized>
         <run_address>0x200025d8</run_address>
         <size>0x4</size>
      </object_component>
      <object_component id="oc-25c">
         <name>.common:isRisingEdge</name>
         <uninitialized>true</uninitialized>
         <run_address>0x200025e4</run_address>
         <size>0x1</size>
      </object_component>
      <object_component id="oc-1e5">
         <name>.common:isr_char_buffer</name>
         <uninitialized>true</uninitialized>
         <run_address>0x20002574</run_address>
         <size>0x34</size>
      </object_component>
      <object_component id="oc-524">
         <name>.common:__TI_tmpnams</name>
         <uninitialized>true</uninitialized>
         <run_address>0x20002480</run_address>
         <size>0xa0</size>
      </object_component>
      <object_component id="oc-535">
         <name>.common:parmbuf</name>
         <uninitialized>true</uninitialized>
         <run_address>0x200025c0</run_address>
         <size>0x8</size>
      </object_component>
      <object_component id="oc-24">
         <name>.sysmem</name>
         <uninitialized>true</uninitialized>
         <run_address>0x20001270</run_address>
         <size>0x10</size>
         <input_file_ref idref="fl-e9"/>
      </object_component>
      <object_component id="oc-5b7">
         <name>.sysmem</name>
         <uninitialized>true</uninitialized>
         <run_address>0x20001270</run_address>
         <size>0x0</size>
      </object_component>
      <object_component id="oc-27">
         <name>.stack</name>
         <uninitialized>true</uninitialized>
         <run_address>0x20000270</run_address>
         <size>0x4</size>
         <input_file_ref idref="fl-f1"/>
      </object_component>
      <object_component id="oc-5b6">
         <name>.stack</name>
         <uninitialized>true</uninitialized>
         <run_address>0x20000270</run_address>
         <size>0x0</size>
      </object_component>
      <object_component id="oc-c5">
         <name>.debug_info</name>
         <load_address>0x0</load_address>
         <run_address>0x0</run_address>
         <size>0x2b1</size>
         <input_file_ref idref="fl-2"/>
      </object_component>
      <object_component id="oc-1c4">
         <name>.debug_info</name>
         <load_address>0x2b1</load_address>
         <run_address>0x2b1</run_address>
         <size>0xbf</size>
         <input_file_ref idref="fl-2"/>
      </object_component>
      <object_component id="oc-fb">
         <name>.debug_info</name>
         <load_address>0x370</load_address>
         <run_address>0x370</run_address>
         <size>0x507</size>
         <input_file_ref idref="fl-2"/>
      </object_component>
      <object_component id="oc-77">
         <name>.debug_info</name>
         <load_address>0x877</load_address>
         <run_address>0x877</run_address>
         <size>0x26b</size>
         <input_file_ref idref="fl-2"/>
      </object_component>
      <object_component id="oc-39">
         <name>.debug_info</name>
         <load_address>0xae2</load_address>
         <run_address>0xae2</run_address>
         <size>0x84</size>
         <input_file_ref idref="fl-2"/>
      </object_component>
      <object_component id="oc-c0">
         <name>.debug_info</name>
         <load_address>0xb66</load_address>
         <run_address>0xb66</run_address>
         <size>0x2a4</size>
         <input_file_ref idref="fl-2"/>
      </object_component>
      <object_component id="oc-7c">
         <name>.debug_info</name>
         <load_address>0xe0a</load_address>
         <run_address>0xe0a</run_address>
         <size>0xbb</size>
         <input_file_ref idref="fl-2"/>
      </object_component>
      <object_component id="oc-1df">
         <name>.debug_info</name>
         <load_address>0xec5</load_address>
         <run_address>0xec5</run_address>
         <size>0x37f</size>
         <input_file_ref idref="fl-3"/>
      </object_component>
      <object_component id="oc-1c9">
         <name>.debug_info</name>
         <load_address>0x1244</load_address>
         <run_address>0x1244</run_address>
         <size>0x114</size>
         <input_file_ref idref="fl-3"/>
      </object_component>
      <object_component id="oc-fe">
         <name>.debug_info</name>
         <load_address>0x1358</load_address>
         <run_address>0x1358</run_address>
         <size>0x8a0</size>
         <input_file_ref idref="fl-3"/>
      </object_component>
      <object_component id="oc-234">
         <name>.debug_info</name>
         <load_address>0x1bf8</load_address>
         <run_address>0x1bf8</run_address>
         <size>0xcc</size>
         <input_file_ref idref="fl-3"/>
      </object_component>
      <object_component id="oc-1e0">
         <name>.debug_info</name>
         <load_address>0x1cc4</load_address>
         <run_address>0x1cc4</run_address>
         <size>0x2c</size>
         <input_file_ref idref="fl-3"/>
      </object_component>
      <object_component id="oc-226">
         <name>.debug_info</name>
         <load_address>0x1cf0</load_address>
         <run_address>0x1cf0</run_address>
         <size>0x35</size>
         <input_file_ref idref="fl-3"/>
      </object_component>
      <object_component id="oc-116">
         <name>.debug_info</name>
         <load_address>0x1d25</load_address>
         <run_address>0x1d25</run_address>
         <size>0x5c1</size>
         <input_file_ref idref="fl-4"/>
      </object_component>
      <object_component id="oc-119">
         <name>.debug_info</name>
         <load_address>0x22e6</load_address>
         <run_address>0x22e6</run_address>
         <size>0xc2</size>
         <input_file_ref idref="fl-4"/>
      </object_component>
      <object_component id="oc-a3">
         <name>.debug_info</name>
         <load_address>0x23a8</load_address>
         <run_address>0x23a8</run_address>
         <size>0x58c</size>
         <input_file_ref idref="fl-4"/>
      </object_component>
      <object_component id="oc-218">
         <name>.debug_info</name>
         <load_address>0x2934</load_address>
         <run_address>0x2934</run_address>
         <size>0x5aa</size>
         <input_file_ref idref="fl-4"/>
      </object_component>
      <object_component id="oc-122">
         <name>.debug_info</name>
         <load_address>0x2ede</load_address>
         <run_address>0x2ede</run_address>
         <size>0x9d</size>
         <input_file_ref idref="fl-4"/>
      </object_component>
      <object_component id="oc-21d">
         <name>.debug_info</name>
         <load_address>0x2f7b</load_address>
         <run_address>0x2f7b</run_address>
         <size>0x31</size>
         <input_file_ref idref="fl-4"/>
      </object_component>
      <object_component id="oc-221">
         <name>.debug_info</name>
         <load_address>0x2fac</load_address>
         <run_address>0x2fac</run_address>
         <size>0x69</size>
         <input_file_ref idref="fl-4"/>
      </object_component>
      <object_component id="oc-11c">
         <name>.debug_info</name>
         <load_address>0x3015</load_address>
         <run_address>0x3015</run_address>
         <size>0x414</size>
         <input_file_ref idref="fl-6"/>
      </object_component>
      <object_component id="oc-204">
         <name>.debug_info</name>
         <load_address>0x3429</load_address>
         <run_address>0x3429</run_address>
         <size>0xbe</size>
         <input_file_ref idref="fl-6"/>
      </object_component>
      <object_component id="oc-207">
         <name>.debug_info</name>
         <load_address>0x34e7</load_address>
         <run_address>0x34e7</run_address>
         <size>0xbe</size>
         <input_file_ref idref="fl-6"/>
      </object_component>
      <object_component id="oc-20a">
         <name>.debug_info</name>
         <load_address>0x35a5</load_address>
         <run_address>0x35a5</run_address>
         <size>0xbe</size>
         <input_file_ref idref="fl-6"/>
      </object_component>
      <object_component id="oc-20d">
         <name>.debug_info</name>
         <load_address>0x3663</load_address>
         <run_address>0x3663</run_address>
         <size>0xbe</size>
         <input_file_ref idref="fl-6"/>
      </object_component>
      <object_component id="oc-210">
         <name>.debug_info</name>
         <load_address>0x3721</load_address>
         <run_address>0x3721</run_address>
         <size>0xbe</size>
         <input_file_ref idref="fl-6"/>
      </object_component>
      <object_component id="oc-213">
         <name>.debug_info</name>
         <load_address>0x37df</load_address>
         <run_address>0x37df</run_address>
         <size>0xbe</size>
         <input_file_ref idref="fl-6"/>
      </object_component>
      <object_component id="oc-111">
         <name>.debug_info</name>
         <load_address>0x389d</load_address>
         <run_address>0x389d</run_address>
         <size>0x798</size>
         <input_file_ref idref="fl-6"/>
      </object_component>
      <object_component id="oc-22f">
         <name>.debug_info</name>
         <load_address>0x4035</load_address>
         <run_address>0x4035</run_address>
         <size>0x69</size>
         <input_file_ref idref="fl-6"/>
      </object_component>
      <object_component id="oc-1bd">
         <name>.debug_info</name>
         <load_address>0x409e</load_address>
         <run_address>0x409e</run_address>
         <size>0x3fc</size>
         <input_file_ref idref="fl-7"/>
      </object_component>
      <object_component id="oc-1ac">
         <name>.debug_info</name>
         <load_address>0x449a</load_address>
         <run_address>0x449a</run_address>
         <size>0x111</size>
         <input_file_ref idref="fl-7"/>
      </object_component>
      <object_component id="oc-1b9">
         <name>.debug_info</name>
         <load_address>0x45ab</load_address>
         <run_address>0x45ab</run_address>
         <size>0xc6</size>
         <input_file_ref idref="fl-7"/>
      </object_component>
      <object_component id="oc-194">
         <name>.debug_info</name>
         <load_address>0x4671</load_address>
         <run_address>0x4671</run_address>
         <size>0x13e</size>
         <input_file_ref idref="fl-7"/>
      </object_component>
      <object_component id="oc-f3">
         <name>.debug_info</name>
         <load_address>0x47af</load_address>
         <run_address>0x47af</run_address>
         <size>0x1988</size>
         <input_file_ref idref="fl-7"/>
      </object_component>
      <object_component id="oc-1be">
         <name>.debug_info</name>
         <load_address>0x6137</load_address>
         <run_address>0x6137</run_address>
         <size>0x8b</size>
         <input_file_ref idref="fl-7"/>
      </object_component>
      <object_component id="oc-32">
         <name>.debug_info</name>
         <load_address>0x61c2</load_address>
         <run_address>0x61c2</run_address>
         <size>0x29b</size>
         <input_file_ref idref="fl-8"/>
      </object_component>
      <object_component id="oc-13">
         <name>.debug_info</name>
         <load_address>0x645d</load_address>
         <run_address>0x645d</run_address>
         <size>0xda</size>
         <input_file_ref idref="fl-8"/>
      </object_component>
      <object_component id="oc-2c">
         <name>.debug_info</name>
         <load_address>0x6537</load_address>
         <run_address>0x6537</run_address>
         <size>0x256</size>
         <input_file_ref idref="fl-8"/>
      </object_component>
      <object_component id="oc-1f0">
         <name>.debug_info</name>
         <load_address>0x678d</load_address>
         <run_address>0x678d</run_address>
         <size>0x2c7</size>
         <input_file_ref idref="fl-9"/>
      </object_component>
      <object_component id="oc-1ed">
         <name>.debug_info</name>
         <load_address>0x6a54</load_address>
         <run_address>0x6a54</run_address>
         <size>0x122</size>
         <input_file_ref idref="fl-9"/>
      </object_component>
      <object_component id="oc-10d">
         <name>.debug_info</name>
         <load_address>0x6b76</load_address>
         <run_address>0x6b76</run_address>
         <size>0x431</size>
         <input_file_ref idref="fl-9"/>
      </object_component>
      <object_component id="oc-11e">
         <name>.debug_info</name>
         <load_address>0x6fa7</load_address>
         <run_address>0x6fa7</run_address>
         <size>0x485</size>
         <input_file_ref idref="fl-11"/>
      </object_component>
      <object_component id="oc-17a">
         <name>.debug_info</name>
         <load_address>0x742c</load_address>
         <run_address>0x742c</run_address>
         <size>0x114</size>
         <input_file_ref idref="fl-11"/>
      </object_component>
      <object_component id="oc-da">
         <name>.debug_info</name>
         <load_address>0x7540</load_address>
         <run_address>0x7540</run_address>
         <size>0x4ce</size>
         <input_file_ref idref="fl-11"/>
      </object_component>
      <object_component id="oc-17d">
         <name>.debug_info</name>
         <load_address>0x7a0e</load_address>
         <run_address>0x7a0e</run_address>
         <size>0x9d</size>
         <input_file_ref idref="fl-11"/>
      </object_component>
      <object_component id="oc-264">
         <name>.debug_info</name>
         <load_address>0x7aab</load_address>
         <run_address>0x7aab</run_address>
         <size>0x2b7</size>
         <input_file_ref idref="fl-12"/>
      </object_component>
      <object_component id="oc-176">
         <name>.debug_info</name>
         <load_address>0x7d62</load_address>
         <run_address>0x7d62</run_address>
         <size>0x266</size>
         <input_file_ref idref="fl-12"/>
      </object_component>
      <object_component id="oc-25d">
         <name>.debug_info</name>
         <load_address>0x7fc8</load_address>
         <run_address>0x7fc8</run_address>
         <size>0x3ba</size>
         <input_file_ref idref="fl-13"/>
      </object_component>
      <object_component id="oc-171">
         <name>.debug_info</name>
         <load_address>0x8382</load_address>
         <run_address>0x8382</run_address>
         <size>0x270</size>
         <input_file_ref idref="fl-13"/>
      </object_component>
      <object_component id="oc-168">
         <name>.debug_info</name>
         <load_address>0x85f2</load_address>
         <run_address>0x85f2</run_address>
         <size>0x296</size>
         <input_file_ref idref="fl-14"/>
      </object_component>
      <object_component id="oc-1e6">
         <name>.debug_info</name>
         <load_address>0x8888</load_address>
         <run_address>0x8888</run_address>
         <size>0x32b</size>
         <input_file_ref idref="fl-15"/>
      </object_component>
      <object_component id="oc-1e9">
         <name>.debug_info</name>
         <load_address>0x8bb3</load_address>
         <run_address>0x8bb3</run_address>
         <size>0xee</size>
         <input_file_ref idref="fl-15"/>
      </object_component>
      <object_component id="oc-105">
         <name>.debug_info</name>
         <load_address>0x8ca1</load_address>
         <run_address>0x8ca1</run_address>
         <size>0x608</size>
         <input_file_ref idref="fl-15"/>
      </object_component>
      <object_component id="oc-2c3">
         <name>.debug_info</name>
         <load_address>0x92a9</load_address>
         <run_address>0x92a9</run_address>
         <size>0x26b</size>
         <input_file_ref idref="fl-15"/>
      </object_component>
      <object_component id="oc-38a">
         <name>.debug_info</name>
         <load_address>0x9514</load_address>
         <run_address>0x9514</run_address>
         <size>0x297</size>
         <input_file_ref idref="fl-15"/>
      </object_component>
      <object_component id="oc-2be">
         <name>.debug_info</name>
         <load_address>0x97ab</load_address>
         <run_address>0x97ab</run_address>
         <size>0xbb</size>
         <input_file_ref idref="fl-15"/>
      </object_component>
      <object_component id="oc-2ee">
         <name>.debug_info</name>
         <load_address>0x9866</load_address>
         <run_address>0x9866</run_address>
         <size>0x3e5</size>
         <input_file_ref idref="fl-cb"/>
      </object_component>
      <object_component id="oc-2ea">
         <name>.debug_info</name>
         <load_address>0x9c4b</load_address>
         <run_address>0x9c4b</run_address>
         <size>0x157</size>
         <input_file_ref idref="fl-cb"/>
      </object_component>
      <object_component id="oc-2e3">
         <name>.debug_info</name>
         <load_address>0x9da2</load_address>
         <run_address>0x9da2</run_address>
         <size>0x166</size>
         <input_file_ref idref="fl-cb"/>
      </object_component>
      <object_component id="oc-201">
         <name>.debug_info</name>
         <load_address>0x9f08</load_address>
         <run_address>0x9f08</run_address>
         <size>0x1ac</size>
         <input_file_ref idref="fl-cb"/>
      </object_component>
      <object_component id="oc-3a9">
         <name>.debug_info</name>
         <load_address>0xa0b4</load_address>
         <run_address>0xa0b4</run_address>
         <size>0xb2</size>
         <input_file_ref idref="fl-cb"/>
      </object_component>
      <object_component id="oc-379">
         <name>.debug_info</name>
         <load_address>0xa166</load_address>
         <run_address>0xa166</run_address>
         <size>0x590</size>
         <input_file_ref idref="fl-cc"/>
      </object_component>
      <object_component id="oc-347">
         <name>.debug_info</name>
         <load_address>0xa6f6</load_address>
         <run_address>0xa6f6</run_address>
         <size>0x21e</size>
         <input_file_ref idref="fl-cc"/>
      </object_component>
      <object_component id="oc-3e6">
         <name>.debug_info</name>
         <load_address>0xa914</load_address>
         <run_address>0xa914</run_address>
         <size>0x1b3</size>
         <input_file_ref idref="fl-cc"/>
      </object_component>
      <object_component id="oc-3ec">
         <name>.debug_info</name>
         <load_address>0xaac7</load_address>
         <run_address>0xaac7</run_address>
         <size>0x21b</size>
         <input_file_ref idref="fl-cc"/>
      </object_component>
      <object_component id="oc-352">
         <name>.debug_info</name>
         <load_address>0xace2</load_address>
         <run_address>0xace2</run_address>
         <size>0x3c0</size>
         <input_file_ref idref="fl-cc"/>
      </object_component>
      <object_component id="oc-3f3">
         <name>.debug_info</name>
         <load_address>0xb0a2</load_address>
         <run_address>0xb0a2</run_address>
         <size>0x30a</size>
         <input_file_ref idref="fl-cc"/>
      </object_component>
      <object_component id="oc-3f9">
         <name>.debug_info</name>
         <load_address>0xb3ac</load_address>
         <run_address>0xb3ac</run_address>
         <size>0x215</size>
         <input_file_ref idref="fl-cc"/>
      </object_component>
      <object_component id="oc-358">
         <name>.debug_info</name>
         <load_address>0xb5c1</load_address>
         <run_address>0xb5c1</run_address>
         <size>0x215</size>
         <input_file_ref idref="fl-cc"/>
      </object_component>
      <object_component id="oc-35e">
         <name>.debug_info</name>
         <load_address>0xb7d6</load_address>
         <run_address>0xb7d6</run_address>
         <size>0x304</size>
         <input_file_ref idref="fl-cc"/>
      </object_component>
      <object_component id="oc-364">
         <name>.debug_info</name>
         <load_address>0xbada</load_address>
         <run_address>0xbada</run_address>
         <size>0x4b5</size>
         <input_file_ref idref="fl-cc"/>
      </object_component>
      <object_component id="oc-29e">
         <name>.debug_info</name>
         <load_address>0xbf8f</load_address>
         <run_address>0xbf8f</run_address>
         <size>0x5f4</size>
         <input_file_ref idref="fl-cc"/>
      </object_component>
      <object_component id="oc-37a">
         <name>.debug_info</name>
         <load_address>0xc583</load_address>
         <run_address>0xc583</run_address>
         <size>0x86</size>
         <input_file_ref idref="fl-cc"/>
      </object_component>
      <object_component id="oc-420">
         <name>.debug_info</name>
         <load_address>0xc609</load_address>
         <run_address>0xc609</run_address>
         <size>0x39</size>
         <input_file_ref idref="fl-cc"/>
      </object_component>
      <object_component id="oc-47a">
         <name>.debug_info</name>
         <load_address>0xc642</load_address>
         <run_address>0xc642</run_address>
         <size>0xb6</size>
         <input_file_ref idref="fl-cc"/>
      </object_component>
      <object_component id="oc-425">
         <name>.debug_info</name>
         <load_address>0xc6f8</load_address>
         <run_address>0xc6f8</run_address>
         <size>0x46</size>
         <input_file_ref idref="fl-cc"/>
      </object_component>
      <object_component id="oc-37f">
         <name>.debug_info</name>
         <load_address>0xc73e</load_address>
         <run_address>0xc73e</run_address>
         <size>0x46</size>
[...]
      </symbol>
      <symbol id="sm-3eb">
         <name>cyBot_uart_sendStr</name>
         <value>0x235d</value>
         <object_component_ref idref="oc-103"/>
      </symbol>
      <symbol id="sm-3ec">
         <name>cyBot_getByte_blocking</name>
         <value>0x258f</value>
         <object_component_ref idref="oc-103"/>
      </symbol>
      <symbol id="sm-3ed">
         <name>cyBot_getByte_nonblocking</name>
         <value>0x256f</value>
         <object_component_ref idref="oc-103"/>
      </symbol>
      <symbol id="sm-3ee">
         <name>isr_counter</name>
         <value>0x200027fc</value>
         <object_component_ref idref="oc-1e8"/>
      </symbol>
      <symbol id="sm-3ef">
         <name>cyBot_uart_sendBuffer</name>
         <value>0x2377</value>
         <object_component_ref idref="oc-103"/>
      </symbol>
      <symbol id="sm-3f0">
         <name>cyBot_uart_init_PHJ_first_half</name>
         <value>0x245f</value>
         <object_component_ref idref="oc-103"/>
      </symbol>
      <symbol id="sm-3f1">
         <name>cyBot_uart_init_last_half</name>
         <value>0x238f</value>
         <object_component_ref idref="oc-103"/>
      </symbol>
      <symbol id="sm-3f2">
         <name>cyBot_uart_flush</name>
         <value>0x2555</value>
         <object_component_ref idref="oc-103"/>
      </symbol>
      <symbol id="sm-3f3">
         <name>cyBot_UART1_Handler</name>
         <value>0x259d</value>
         <object_component_ref idref="oc-103"/>
      </symbol>
      <symbol id="sm-3f4">
         <name>cyBot_uart_init</name>
         <value>0x24bf</value>
         <object_component_ref idref="oc-103"/>
      </symbol>
      <symbol id="sm-420">
         <name>printf</name>
         <value>0x4745</value>
         <object_component_ref idref="oc-1fd"/>
      </symbol>
      <symbol id="sm-58a">
         <name>__TI_printfi</name>
         <value>0xe8d</value>
         <object_component_ref idref="oc-29a"/>
      </symbol>
      <symbol id="sm-5ac">
         <name>sprintf</name>
         <value>0x4d79</value>
         <object_component_ref idref="oc-1f1"/>
      </symbol>
      <symbol id="sm-5d6">
         <name>vsnprintf</name>
         <value>0x4db9</value>
         <object_component_ref idref="oc-1cf"/>
      </symbol>
      <symbol id="sm-5eb">
         <name>putc</name>
         <value>0x4235</value>
         <object_component_ref idref="oc-3a0"/>
      </symbol>
      <symbol id="sm-5ec">
         <name>fputc</name>
         <value>0x4235</value>
         <object_component_ref idref="oc-3a0"/>
      </symbol>
      <symbol id="sm-60f">
         <name>fputs</name>
         <value>0x3a71</value>
         <object_component_ref idref="oc-399"/>
      </symbol>
      <symbol id="sm-627">
         <name>__TI_wrt_ok</name>
         <value>0x4875</value>
         <object_component_ref idref="oc-42c"/>
      </symbol>
      <symbol id="sm-643">
         <name>setvbuf</name>
         <value>0x3f75</value>
         <object_component_ref idref="oc-485"/>
      </symbol>
      <symbol id="sm-65a">
         <name>__aeabi_dsub</name>
         <value>0x32b1</value>
         <object_component_ref idref="oc-1b3"/>
      </symbol>
      <symbol id="sm-65b">
         <name>__aeabi_dadd</name>
         <value>0x32bb</value>
         <object_component_ref idref="oc-1b3"/>
      </symbol>
      <symbol id="sm-67d">
         <name>__aeabi_cdcmpeq</name>
         <value>0x42c1</value>
         <object_component_ref idref="oc-349"/>
      </symbol>
      <symbol id="sm-67e">
         <name>__aeabi_cdcmple</name>
         <value>0x42c1</value>
         <object_component_ref idref="oc-349"/>
      </symbol>
      <symbol id="sm-67f">
         <name>__aeabi_cdrcmple</name>
         <value>0x4347</value>
         <object_component_ref idref="oc-3d2"/>
      </symbol>
      <symbol id="sm-693">
         <name>__aeabi_ddiv</name>
         <value>0x36fd</value>
         <object_component_ref idref="oc-1ae"/>
      </symbol>
      <symbol id="sm-69e">
         <name>__aeabi_dmul</name>
         <value>0x3d95</value>
         <object_component_ref idref="oc-e2"/>
      </symbol>
      <symbol id="sm-6a8">
         <name>__aeabi_d2iz</name>
         <value>0x4c21</value>
         <object_component_ref idref="oc-3d7"/>
      </symbol>
      <symbol id="sm-6b4">
         <name>__aeabi_d2f</name>
         <value>0x459b</value>
         <object_component_ref idref="oc-ec"/>
      </symbol>
      <symbol id="sm-6bf">
         <name>__aeabi_f2d</name>
         <value>0x4ea9</value>
         <object_component_ref idref="oc-dd"/>
      </symbol>
      <symbol id="sm-6c9">
         <name>__aeabi_i2d</name>
         <value>0x5049</value>
         <object_component_ref idref="oc-e7"/>
      </symbol>
      <symbol id="sm-6e4">
         <name>memcpy</name>
         <value>0x4103</value>
         <object_component_ref idref="oc-3e"/>
      </symbol>
      <symbol id="sm-6e5">
         <name>__aeabi_memcpy</name>
         <value>0x4103</value>
         <object_component_ref idref="oc-3e"/>
      </symbol>
      <symbol id="sm-6e6">
         <name>__aeabi_memcpy8</name>
         <value>0x4103</value>
         <object_component_ref idref="oc-3e"/>
      </symbol>
      <symbol id="sm-6e7">
         <name>__aeabi_memcpy4</name>
         <value>0x4103</value>
         <object_component_ref idref="oc-3e"/>
      </symbol>
      <symbol id="sm-6f6">
         <name>__aeabi_memset</name>
         <value>0x43cf</value>
         <object_component_ref idref="oc-96"/>
      </symbol>
      <symbol id="sm-6f7">
         <name>memset</name>
         <value>0x43d5</value>
         <object_component_ref idref="oc-96"/>
      </symbol>
      <symbol id="sm-6f8">
         <name>__aeabi_memset8</name>
         <value>0x43cf</value>
         <object_component_ref idref="oc-96"/>
      </symbol>
      <symbol id="sm-6f9">
         <name>__aeabi_memset4</name>
         <value>0x43cf</value>
         <object_component_ref idref="oc-96"/>
      </symbol>
      <symbol id="sm-6fa">
         <name>__aeabi_memclr8</name>
         <value>0x43cd</value>
         <object_component_ref idref="oc-96"/>
      </symbol>
      <symbol id="sm-6fb">
         <name>__aeabi_memclr4</name>
         <value>0x43cd</value>
         <object_component_ref idref="oc-96"/>
      </symbol>
      <symbol id="sm-6fc">
         <name>__aeabi_memclr</name>
         <value>0x43cd</value>
         <object_component_ref idref="oc-96"/>
      </symbol>
      <symbol id="sm-709">
         <name>__aeabi_uldivmod</name>
         <value>0x419f</value>
         <object_component_ref idref="oc-3cb"/>
      </symbol>
      <symbol id="sm-71b">
         <name>__TI_zero_init</name>
         <value>0x5279</value>
         <object_component_ref idref="oc-50"/>
      </symbol>
      <symbol id="sm-732">
         <name>__TI_decompress_none</name>
         <value>0x525f</value>
         <object_component_ref idref="oc-1b"/>
      </symbol>
      <symbol id="sm-755">
         <name>__TI_decompress_lzss</name>
         <value>0x46dd</value>
         <object_component_ref idref="oc-15"/>
      </symbol>
      <symbol id="sm-77b">
         <name>C$$EXIT</name>
         <value>0x52b9</value>
         <object_component_ref idref="oc-127"/>
      </symbol>
      <symbol id="sm-77c">
         <name>abort</name>
         <value>0x52b9</value>
         <object_component_ref idref="oc-127"/>
      </symbol>
      <symbol id="sm-77d">
         <name>__TI_dtors_ptr</name>
         <value>0x200027d4</value>
         <object_component_ref idref="oc-23c"/>
      </symbol>
      <symbol id="sm-77e">
         <name>__TI_cleanup_ptr</name>
         <value>0x200027d0</value>
         <object_component_ref idref="oc-23c"/>
      </symbol>
      <symbol id="sm-77f">
         <name>__TI_enable_exit_profile_output</name>
         <value>0x200027d8</value>
         <object_component_ref idref="oc-23c"/>
      </symbol>
      <symbol id="sm-780">
         <name>exit</name>
         <value>0x4bd9</value>
         <object_component_ref idref="oc-12d"/>
      </symbol>
      <symbol id="sm-795">
         <name>_nop</name>
         <value>0x18db</value>
         <object_component_ref idref="oc-2fd"/>
      </symbol>
      <symbol id="sm-796">
         <name>_lock</name>
         <value>0x200027e8</value>
         <object_component_ref idref="oc-23f"/>
      </symbol>
      <symbol id="sm-797">
         <name>_unlock</name>
         <value>0x200027ec</value>
         <object_component_ref idref="oc-23f"/>
      </symbol>
      <symbol id="sm-7a6">
         <name>__TI_ltoa</name>
         <value>0x4a9b</value>
         <object_component_ref idref="oc-3dc"/>
      </symbol>
      <symbol id="sm-7bc">
         <name>atoi</name>
         <value>0x4b8d</value>
         <object_component_ref idref="oc-33d"/>
      </symbol>
      <symbol id="sm-7c7">
         <name>_ctypes_</name>
         <value>0x52bc</value>
         <object_component_ref idref="oc-3c6"/>
      </symbol>
      <symbol id="sm-7dc">
         <name>__TI_tmpnams</name>
         <value>0x20002480</value>
      </symbol>
      <symbol id="sm-7dd">
         <name>__aeabi_stdout</name>
         <value>0x200027c8</value>
         <object_component_ref idref="oc-4e2"/>
      </symbol>
      <symbol id="sm-7de">
         <name>__aeabi_stderr</name>
         <value>0x200027cc</value>
         <object_component_ref idref="oc-4e2"/>
      </symbol>
      <symbol id="sm-7df">
         <name>__aeabi_stdin</name>
         <value>0x200027c4</value>
         <object_component_ref idref="oc-4e2"/>
      </symbol>
      <symbol id="sm-7e0">
         <name>_ftable</name>
         <value>0x200025e8</value>
         <object_component_ref idref="oc-2de"/>
      </symbol>
      <symbol id="sm-7e1">
         <name>__TI_ft_end</name>
         <value>0x200027c0</value>
         <object_component_ref idref="oc-4e2"/>
      </symbol>
      <symbol id="sm-7f1">
         <name>memccpy</name>
         <value>0x5159</value>
         <object_component_ref idref="oc-366"/>
      </symbol>
      <symbol id="sm-801">
         <name>memchr</name>
         <value>0x511d</value>
         <object_component_ref idref="oc-432"/>
      </symbol>
      <symbol id="sm-896">
         <name>_sys_memory</name>
         <value>0x20001270</value>
         <object_component_ref idref="oc-24"/>
      </symbol>
      <symbol id="sm-897">
         <name>free</name>
         <value>0x3e91</value>
         <object_component_ref idref="oc-18c"/>
      </symbol>
      <symbol id="sm-898">
         <name>memalign</name>
         <value>0x3c95</value>
         <object_component_ref idref="oc-320"/>
      </symbol>
      <symbol id="sm-899">
         <name>calloc</name>
         <value>0x4e71</value>
         <object_component_ref idref="oc-186"/>
      </symbol>
      <symbol id="sm-89a">
         <name>malloc</name>
         <value>0x52a5</value>
         <object_component_ref idref="oc-269"/>
      </symbol>
      <symbol id="sm-89b">
         <name>aligned_alloc</name>
         <value>0x3c95</value>
         <object_component_ref idref="oc-320"/>
      </symbol>
      <symbol id="sm-8ab">
         <name>strchr</name>
         <value>0x51ef</value>
         <object_component_ref idref="oc-409"/>
      </symbol>
      <symbol id="sm-8ba">
         <name>strcmp</name>
         <value>0x51d7</value>
         <object_component_ref idref="oc-199"/>
      </symbol>
      <symbol id="sm-8c8">
         <name>strcpy</name>
         <value>0x5205</value>
         <object_component_ref idref="oc-1d5"/>
      </symbol>
      <symbol id="sm-8d6">
         <name>strlen</name>
         <value>0x5219</value>
         <object_component_ref idref="oc-1f7"/>
      </symbol>
      <symbol id="sm-8f0">
         <name>write</name>
         <value>0x50f5</value>
         <object_component_ref idref="oc-43e"/>
      </symbol>
      <symbol id="sm-901">
         <name>_stream</name>
         <value>0x20002750</value>
         <object_component_ref idref="oc-491"/>
      </symbol>
      <symbol id="sm-902">
         <name>_device</name>
         <value>0x200026d8</value>
         <object_component_ref idref="oc-4c6"/>
      </symbol>
      <symbol id="sm-918">
         <name>__aeabi_errno_addr</name>
         <value>0x529d</value>
         <object_component_ref idref="oc-372"/>
      </symbol>
      <symbol id="sm-919">
         <name>errno</name>
         <value>0x20002804</value>
         <object_component_ref idref="oc-419"/>
      </symbol>
      <symbol id="sm-92c">
         <name>__stack</name>
         <value>0x20000270</value>
         <object_component_ref idref="oc-27"/>
      </symbol>
      <symbol id="sm-92d">
         <name>_c_int00_noargs</name>
         <value>0x4fb5</value>
         <object_component_ref idref="oc-5c"/>
      </symbol>
      <symbol id="sm-94d">
         <name>frexpl</name>
         <value>0x47ad</value>
         <object_component_ref idref="oc-3fd"/>
      </symbol>
      <symbol id="sm-94e">
         <name>frexp</name>
         <value>0x47ad</value>
         <object_component_ref idref="oc-3fd"/>
      </symbol>
      <symbol id="sm-96b">
         <name>scalbn</name>
         <value>0x3b85</value>
         <object_component_ref idref="oc-403"/>
      </symbol>
      <symbol id="sm-96c">
         <name>scalbnl</name>
         <value>0x3b85</value>
         <object_component_ref idref="oc-403"/>
      </symbol>
      <symbol id="sm-96d">
         <name>ldexpl</name>
         <value>0x3b85</value>
         <object_component_ref idref="oc-403"/>
      </symbol>
      <symbol id="sm-96e">
         <name>ldexp</name>
         <value>0x3b85</value>
         <object_component_ref idref="oc-403"/>
      </symbol>
      <symbol id="sm-978">
         <name>copysign</name>
         <value>0x5175</value>
         <object_component_ref idref="oc-463"/>
      </symbol>
      <symbol id="sm-979">
         <name>copysignl</name>
         <value>0x5175</value>
         <object_component_ref idref="oc-463"/>
      </symbol>
      <symbol id="sm-992">
         <name>wcslen</name>
         <value>0x522d</value>
         <object_component_ref idref="oc-36c"/>
      </symbol>
      <symbol id="sm-9a2">
         <name>__TI_doflush</name>
         <value>0x4b41</value>
         <object_component_ref idref="oc-438"/>
      </symbol>
      <symbol id="sm-9b2">
         <name>__TI_cleanup</name>
         <value>0x4f4d</value>
         <object_component_ref idref="oc-4b3"/>
      </symbol>
      <symbol id="sm-9c4">
         <name>fseek</name>
         <value>0x4811</value>
         <object_component_ref idref="oc-47f"/>
      </symbol>
      <symbol id="sm-9ce">
         <name>__aeabi_idiv0</name>
         <value>0x3467</value>
         <object_component_ref idref="oc-44e"/>
      </symbol>
      <symbol id="sm-9cf">
         <name>__aeabi_ldiv0</name>
         <value>0x3467</value>
         <object_component_ref idref="oc-44e"/>
      </symbol>
      <symbol id="sm-9f7">
         <name>__TI_auto_init_nobinit_nopinit</name>
         <value>0x4cf1</value>
         <object_component_ref idref="oc-133"/>
      </symbol>
      <symbol id="sm-a01">
         <name>_system_pre_init</name>
         <value>0x52b5</value>
         <object_component_ref idref="oc-9c"/>
      </symbol>
      <symbol id="sm-a14">
         <name>HOSTclose</name>
         <value>0x4c69</value>
         <object_component_ref idref="oc-4ee"/>
      </symbol>
      <symbol id="sm-a25">
         <name>HOSTlseek</name>
         <value>0x4675</value>
         <object_component_ref idref="oc-500"/>
      </symbol>
      <symbol id="sm-a37">
         <name>parmbuf</name>
         <value>0x200025c0</value>
      </symbol>
      <symbol id="sm-a38">
         <name>HOSTopen</name>
         <value>0x48d9</value>
         <object_component_ref idref="oc-4e8"/>
      </symbol>
      <symbol id="sm-a49">
         <name>HOSTread</name>
         <value>0x4995</value>
         <object_component_ref idref="oc-4f4"/>
      </symbol>
      <symbol id="sm-a5a">
         <name>HOSTrename</name>
         <value>0x4609</value>
         <object_component_ref idref="oc-50c"/>
      </symbol>
      <symbol id="sm-a6b">
         <name>HOSTunlink</name>
         <value>0x4cad</value>
         <object_component_ref idref="oc-506"/>
      </symbol>
      <symbol id="sm-a7c">
         <name>HOSTwrite</name>
         <value>0x49ed</value>
         <object_component_ref idref="oc-4fa"/>
      </symbol>
      <symbol id="sm-aa0">
         <name>__TI_readmsg</name>
         <value>0x4f81</value>
         <object_component_ref idref="oc-52f"/>
      </symbol>
      <symbol id="sm-aa1">
         <name>C$$IO$$</name>
         <value>0x4e67</value>
         <object_component_ref idref="oc-529"/>
      </symbol>
      <symbol id="sm-aa2">
         <name>__CIOBUF_</name>
         <value>0x20002270</value>
         <object_component_ref idref="oc-551"/>
      </symbol>
      <symbol id="sm-aa3">
         <name>__TI_writemsg</name>
         <value>0x4e39</value>
         <object_component_ref idref="oc-529"/>
      </symbol>
      <symbol id="sm-ab4">
         <name>lseek</name>
         <value>0x50cd</value>
         <object_component_ref idref="oc-4ab"/>
      </symbol>
      <symbol id="sm-ac9">
         <name>__TI_closefile</name>
         <value>0x4449</value>
         <object_component_ref idref="oc-4dc"/>
      </symbol>
      <symbol id="sm-aec">
         <name>finddevice</name>
         <value>0x5019</value>
         <object_component_ref idref="oc-56d"/>
      </symbol>
      <symbol id="sm-aed">
         <name>getdevice</name>
         <value>0x4d35</value>
         <object_component_ref idref="oc-547"/>
      </symbol>
      <symbol id="sm-afd">
         <name>strncpy</name>
         <value>0x4ee1</value>
         <object_component_ref idref="oc-567"/>
      </symbol>
      <symbol id="sm-b12">
         <name>close</name>
         <value>0x4939</value>
         <object_component_ref idref="oc-518"/>
      </symbol>
      <symbol id="sm-b22">
         <name>unlink</name>
         <value>0x5079</value>
         <object_component_ref idref="oc-51e"/>
      </symbol>
      <symbol id="sm-b51">
         <name>IntRegister</name>
         <value>0x4f19</value>
         <object_component_ref idref="oc-19f"/>
      </symbol>
      <symbol id="sm-b52">
         <name>g_pfnRAMVectors</name>
         <value>0x20000000</value>
         <object_component_ref idref="oc-27f"/>
      </symbol>
      <symbol id="sm-b53">
         <name>IntMasterEnable</name>
         <value>0x523f</value>
         <object_component_ref idref="oc-1a5"/>
      </symbol>
      <symbol id="sm-b5d">
         <name>CPUcpsie</name>
         <value>0x526d</value>
         <object_component_ref idref="oc-289"/>
      </symbol>
      <symbol id="sm-b5e">
         <name>__TI_static_base__</name>
         <value>0x0</value>
      </symbol>
      <symbol id="sm-b61">
         <name>__mpu_init</name>
         <value>0x0</value>
      </symbol>
      <symbol id="sm-b62">
         <name>_system_post_cinit</name>
         <value>0x0</value>
      </symbol>
      <symbol id="sm-b63">
         <name>remove</name>
         <value>0x5079</value>
      </symbol>
   </symbol_table>
   <title>Link successful</title>
</link_info>
