<?xml version="1.0" encoding="ISO-8859-1" ?>
<link_info>
   <banner>TI ARM Linker PC v20.2.6.LTS</banner>
   <copyright>Copyright (c) 1996-2018 Texas Instruments Incorporated</copyright>
   <link_time>0x6427495a</link_time>
   <link_errors>0x0</link_errors>
   <output_file>Lab8-1.out</output_file>
   <entry_point>
      <name>_c_int00_noargs</name>
      <address>0x487d</address>
   </entry_point>
   <input_file_list>
      <input_file id="fl-2">
         <path>.\</path>
         <kind>object</kind>
         <file>Timer.obj</file>
         <name>Timer.obj</name>
      </input_file>
      <input_file id="fl-3">
         <path>.\</path>
         <kind>object</kind>
         <file>adc.obj</file>
         <name>adc.obj</name>
      </input_file>
      <input_file id="fl-4">
         <path>.\</path>
         <kind>object</kind>
         <file>lcd.obj</file>
         <name>lcd.obj</name>
      </input_file>
      <input_file id="fl-5">
         <path>.\</path>
         <kind>object</kind>
         <file>main.obj</file>
         <name>main.obj</name>
      </input_file>
      <input_file id="fl-6">
         <path>.\</path>
         <kind>object</kind>
         <file>movement.obj</file>
         <name>movement.obj</name>
      </input_file>
      <input_file id="fl-7">
         <path>.\</path>
         <kind>object</kind>
         <file>objects.obj</file>
         <name>objects.obj</name>
      </input_file>
      <input_file id="fl-8">
         <path>.\</path>
         <kind>object</kind>
         <file>open_interface.obj</file>
         <name>open_interface.obj</name>
      </input_file>
      <input_file id="fl-9">
         <path>.\</path>
         <kind>object</kind>
         <file>tm4c123gh6pm_startup_ccs.obj</file>
         <name>tm4c123gh6pm_startup_ccs.obj</name>
      </input_file>
      <input_file id="fl-a">
         <path>.\</path>
         <kind>object</kind>
         <file>uart-interrupt.obj</file>
         <name>uart-interrupt.obj</name>
      </input_file>
      <input_file id="fl-11">
         <kind>object</kind>
         <file>&lt;internal&gt;</file>
         <name>&lt;internal&gt;</name>
      </input_file>
      <input_file id="fl-12">
         <path>..\</path>
         <kind>archive</kind>
         <file>libcybotScan.lib</file>
         <name>cyBot_Scan.obj</name>
      </input_file>
      <input_file id="fl-13">
         <path>..\</path>
         <kind>archive</kind>
         <file>libcybotScan.lib</file>
         <name>ir.obj</name>
      </input_file>
      <input_file id="fl-14">
         <path>..\</path>
         <kind>archive</kind>
         <file>libcybotScan.lib</file>
         <name>ping.obj</name>
      </input_file>
      <input_file id="fl-15">
         <path>..\</path>
         <kind>archive</kind>
         <file>libcybotScan.lib</file>
         <name>servo.obj</name>
      </input_file>
      <input_file id="fl-16">
         <path>..\</path>
         <kind>archive</kind>
         <file>libcybotUART.lib</file>
         <name>uart.obj</name>
      </input_file>
      <input_file id="fl-cc">
         <path>C:\ti\ccs1200\ccs\tools\compiler\ti-cgt-arm_20.2.6.LTS\lib\</path>
         <kind>archive</kind>
         <file>rtsv7M4_T_le_v4SPD16_eabi.lib</file>
         <name>e_exp.c.obj</name>
      </input_file>
      <input_file id="fl-cd">
         <path>C:\ti\ccs1200\ccs\tools\compiler\ti-cgt-arm_20.2.6.LTS\lib\</path>
         <kind>archive</kind>
         <file>rtsv7M4_T_le_v4SPD16_eabi.lib</file>
         <name>printf.c.obj</name>
      </input_file>
      <input_file id="fl-ce">
         <path>C:\ti\ccs1200\ccs\tools\compiler\ti-cgt-arm_20.2.6.LTS\lib\</path>
         <kind>archive</kind>
         <file>rtsv7M4_T_le_v4SPD16_eabi.lib</file>
         <name>_printfi.c.obj</name>
      </input_file>
      <input_file id="fl-cf">
         <path>C:\ti\ccs1200\ccs\tools\compiler\ti-cgt-arm_20.2.6.LTS\lib\</path>
         <kind>archive</kind>
         <file>rtsv7M4_T_le_v4SPD16_eabi.lib</file>
         <name>sprintf.c.obj</name>
      </input_file>
      <input_file id="fl-d0">
         <path>C:\ti\ccs1200\ccs\tools\compiler\ti-cgt-arm_20.2.6.LTS\lib\</path>
         <kind>archive</kind>
         <file>rtsv7M4_T_le_v4SPD16_eabi.lib</file>
         <name>vsnprintf.c.obj</name>
      </input_file>
      <input_file id="fl-d1">
         <path>C:\ti\ccs1200\ccs\tools\compiler\ti-cgt-arm_20.2.6.LTS\lib\</path>
         <kind>archive</kind>
         <file>rtsv7M4_T_le_v4SPD16_eabi.lib</file>
         <name>fputc.c.obj</name>
      </input_file>
      <input_file id="fl-d2">
         <path>C:\ti\ccs1200\ccs\tools\compiler\ti-cgt-arm_20.2.6.LTS\lib\</path>
         <kind>archive</kind>
         <file>rtsv7M4_T_le_v4SPD16_eabi.lib</file>
         <name>fputs.c.obj</name>
      </input_file>
      <input_file id="fl-d3">
         <path>C:\ti\ccs1200\ccs\tools\compiler\ti-cgt-arm_20.2.6.LTS\lib\</path>
         <kind>archive</kind>
         <file>rtsv7M4_T_le_v4SPD16_eabi.lib</file>
         <name>_io_perm.c.obj</name>
      </input_file>
      <input_file id="fl-d4">
         <path>C:\ti\ccs1200\ccs\tools\compiler\ti-cgt-arm_20.2.6.LTS\lib\</path>
         <kind>archive</kind>
         <file>rtsv7M4_T_le_v4SPD16_eabi.lib</file>
         <name>setvbuf.c.obj</name>
      </input_file>
      <input_file id="fl-d5">
         <path>C:\ti\ccs1200\ccs\tools\compiler\ti-cgt-arm_20.2.6.LTS\lib\</path>
         <kind>archive</kind>
         <file>rtsv7M4_T_le_v4SPD16_eabi.lib</file>
         <name>fd_add_t2.asm.obj</name>
      </input_file>
      <input_file id="fl-d6">
         <path>C:\ti\ccs1200\ccs\tools\compiler\ti-cgt-arm_20.2.6.LTS\lib\</path>
         <kind>archive</kind>
         <file>rtsv7M4_T_le_v4SPD16_eabi.lib</file>
         <name>fd_cmp_t2.asm.obj</name>
      </input_file>
      <input_file id="fl-d7">
         <path>C:\ti\ccs1200\ccs\tools\compiler\ti-cgt-arm_20.2.6.LTS\lib\</path>
         <kind>archive</kind>
         <file>rtsv7M4_T_le_v4SPD16_eabi.lib</file>
         <name>fd_div_t2.asm.obj</name>
      </input_file>
      <input_file id="fl-d8">
         <path>C:\ti\ccs1200\ccs\tools\compiler\ti-cgt-arm_20.2.6.LTS\lib\</path>
         <kind>archive</kind>
         <file>rtsv7M4_T_le_v4SPD16_eabi.lib</file>
         <name>fd_mul_t2.asm.obj</name>
      </input_file>
      <input_file id="fl-d9">
         <path>C:\ti\ccs1200\ccs\tools\compiler\ti-cgt-arm_20.2.6.LTS\lib\</path>
         <kind>archive</kind>
         <file>rtsv7M4_T_le_v4SPD16_eabi.lib</file>
         <name>fd_toi_t2.asm.obj</name>
      </input_file>
      <input_file id="fl-da">
         <path>C:\ti\ccs1200\ccs\tools\compiler\ti-cgt-arm_20.2.6.LTS\lib\</path>
         <kind>archive</kind>
         <file>rtsv7M4_T_le_v4SPD16_eabi.lib</file>
         <name>fd_tos_t2.asm.obj</name>
      </input_file>
      <input_file id="fl-db">
         <path>C:\ti\ccs1200\ccs\tools\compiler\ti-cgt-arm_20.2.6.LTS\lib\</path>
         <kind>archive</kind>
         <file>rtsv7M4_T_le_v4SPD16_eabi.lib</file>
         <name>fs_tod_t2.asm.obj</name>
      </input_file>
      <input_file id="fl-dc">
         <path>C:\ti\ccs1200\ccs\tools\compiler\ti-cgt-arm_20.2.6.LTS\lib\</path>
         <kind>archive</kind>
         <file>rtsv7M4_T_le_v4SPD16_eabi.lib</file>
         <name>i_tofd_t2.asm.obj</name>
      </input_file>
      <input_file id="fl-dd">
         <path>C:\ti\ccs1200\ccs\tools\compiler\ti-cgt-arm_20.2.6.LTS\lib\</path>
         <kind>archive</kind>
         <file>rtsv7M4_T_le_v4SPD16_eabi.lib</file>
         <name>memcpy_t2.asm.obj</name>
      </input_file>
      <input_file id="fl-de">
         <path>C:\ti\ccs1200\ccs\tools\compiler\ti-cgt-arm_20.2.6.LTS\lib\</path>
         <kind>archive</kind>
         <file>rtsv7M4_T_le_v4SPD16_eabi.lib</file>
         <name>memset_t2.asm.obj</name>
      </input_file>
      <input_file id="fl-df">
         <path>C:\ti\ccs1200\ccs\tools\compiler\ti-cgt-arm_20.2.6.LTS\lib\</path>
         <kind>archive</kind>
         <file>rtsv7M4_T_le_v4SPD16_eabi.lib</file>
         <name>ull_div_t2.asm.obj</name>
      </input_file>
      <input_file id="fl-e0">
         <path>C:\ti\ccs1200\ccs\tools\compiler\ti-cgt-arm_20.2.6.LTS\lib\</path>
         <kind>archive</kind>
         <file>rtsv7M4_T_le_v4SPD16_eabi.lib</file>
         <name>copy_zero_init.c.obj</name>
      </input_file>
      <input_file id="fl-e1">
         <path>C:\ti\ccs1200\ccs\tools\compiler\ti-cgt-arm_20.2.6.LTS\lib\</path>
         <kind>archive</kind>
         <file>rtsv7M4_T_le_v4SPD16_eabi.lib</file>
         <name>copy_decompress_none.c.obj</name>
      </input_file>
      <input_file id="fl-e2">
         <path>C:\ti\ccs1200\ccs\tools\compiler\ti-cgt-arm_20.2.6.LTS\lib\</path>
         <kind>archive</kind>
         <file>rtsv7M4_T_le_v4SPD16_eabi.lib</file>
         <name>copy_decompress_lzss.c.obj</name>
      </input_file>
      <input_file id="fl-e3">
         <path>C:\ti\ccs1200\ccs\tools\compiler\ti-cgt-arm_20.2.6.LTS\lib\</path>
         <kind>archive</kind>
         <file>rtsv7M4_T_le_v4SPD16_eabi.lib</file>
         <name>exit.c.obj</name>
      </input_file>
      <input_file id="fl-e4">
         <path>C:\ti\ccs1200\ccs\tools\compiler\ti-cgt-arm_20.2.6.LTS\lib\</path>
         <kind>archive</kind>
         <file>rtsv7M4_T_le_v4SPD16_eabi.lib</file>
         <name>_lock.c.obj</name>
      </input_file>
      <input_file id="fl-e5">
         <path>C:\ti\ccs1200\ccs\tools\compiler\ti-cgt-arm_20.2.6.LTS\lib\</path>
         <kind>archive</kind>
         <file>rtsv7M4_T_le_v4SPD16_eabi.lib</file>
         <name>_ltoa.c.obj</name>
      </input_file>
      <input_file id="fl-e6">
         <path>C:\ti\ccs1200\ccs\tools\compiler\ti-cgt-arm_20.2.6.LTS\lib\</path>
         <kind>archive</kind>
         <file>rtsv7M4_T_le_v4SPD16_eabi.lib</file>
         <name>atoi.c.obj</name>
      </input_file>
      <input_file id="fl-e7">
         <path>C:\ti\ccs1200\ccs\tools\compiler\ti-cgt-arm_20.2.6.LTS\lib\</path>
         <kind>archive</kind>
         <file>rtsv7M4_T_le_v4SPD16_eabi.lib</file>
         <name>ctype.c.obj</name>
      </input_file>
      <input_file id="fl-e8">
         <path>C:\ti\ccs1200\ccs\tools\compiler\ti-cgt-arm_20.2.6.LTS\lib\</path>
         <kind>archive</kind>
         <file>rtsv7M4_T_le_v4SPD16_eabi.lib</file>
         <name>defs.c.obj</name>
      </input_file>
      <input_file id="fl-e9">
         <path>C:\ti\ccs1200\ccs\tools\compiler\ti-cgt-arm_20.2.6.LTS\lib\</path>
         <kind>archive</kind>
         <file>rtsv7M4_T_le_v4SPD16_eabi.lib</file>
         <name>memccpy.c.obj</name>
      </input_file>
      <input_file id="fl-ea">
         <path>C:\ti\ccs1200\ccs\tools\compiler\ti-cgt-arm_20.2.6.LTS\lib\</path>
         <kind>archive</kind>
         <file>rtsv7M4_T_le_v4SPD16_eabi.lib</file>
         <name>memchr.c.obj</name>
      </input_file>
      <input_file id="fl-eb">
         <path>C:\ti\ccs1200\ccs\tools\compiler\ti-cgt-arm_20.2.6.LTS\lib\</path>
         <kind>archive</kind>
         <file>rtsv7M4_T_le_v4SPD16_eabi.lib</file>
         <name>memory.c.obj</name>
      </input_file>
      <input_file id="fl-ec">
         <path>C:\ti\ccs1200\ccs\tools\compiler\ti-cgt-arm_20.2.6.LTS\lib\</path>
         <kind>archive</kind>
         <file>rtsv7M4_T_le_v4SPD16_eabi.lib</file>
         <name>strchr.c.obj</name>
      </input_file>
      <input_file id="fl-ed">
         <path>C:\ti\ccs1200\ccs\tools\compiler\ti-cgt-arm_20.2.6.LTS\lib\</path>
         <kind>archive</kind>
         <file>rtsv7M4_T_le_v4SPD16_eabi.lib</file>
         <name>strcmp.c.obj</name>
      </input_file>
      <input_file id="fl-ee">
         <path>C:\ti\ccs1200\ccs\tools\compiler\ti-cgt-arm_20.2.6.LTS\lib\</path>
         <kind>archive</kind>
         <file>rtsv7M4_T_le_v4SPD16_eabi.lib</file>
         <name>strcpy.c.obj</name>
      </input_file>
      <input_file id="fl-ef">
         <path>C:\ti\ccs1200\ccs\tools\compiler\ti-cgt-arm_20.2.6.LTS\lib\</path>
         <kind>archive</kind>
         <file>rtsv7M4_T_le_v4SPD16_eabi.lib</file>
         <name>strlen.c.obj</name>
      </input_file>
      <input_file id="fl-f0">
         <path>C:\ti\ccs1200\ccs\tools\compiler\ti-cgt-arm_20.2.6.LTS\lib\</path>
         <kind>archive</kind>
         <file>rtsv7M4_T_le_v4SPD16_eabi.lib</file>
         <name>write.c.obj</name>
      </input_file>
      <input_file id="fl-f1">
         <path>C:\ti\ccs1200\ccs\tools\compiler\ti-cgt-arm_20.2.6.LTS\lib\</path>
         <kind>archive</kind>
         <file>rtsv7M4_T_le_v4SPD16_eabi.lib</file>
         <name>host_device.c.obj</name>
      </input_file>
      <input_file id="fl-f2">
         <path>C:\ti\ccs1200\ccs\tools\compiler\ti-cgt-arm_20.2.6.LTS\lib\</path>
         <kind>archive</kind>
         <file>rtsv7M4_T_le_v4SPD16_eabi.lib</file>
         <name>errno.c.obj</name>
      </input_file>
      <input_file id="fl-f3">
         <path>C:\ti\ccs1200\ccs\tools\compiler\ti-cgt-arm_20.2.6.LTS\lib\</path>
         <kind>archive</kind>
         <file>rtsv7M4_T_le_v4SPD16_eabi.lib</file>
         <name>boot_cortex_m.c.obj</name>
      </input_file>
      <input_file id="fl-f4">
         <path>C:\ti\ccs1200\ccs\tools\compiler\ti-cgt-arm_20.2.6.LTS\lib\</path>
         <kind>archive</kind>
         <file>rtsv7M4_T_le_v4SPD16_eabi.lib</file>
         <name>s_frexp.c.obj</name>
      </input_file>
      <input_file id="fl-f5">
         <path>C:\ti\ccs1200\ccs\tools\compiler\ti-cgt-arm_20.2.6.LTS\lib\</path>
         <kind>archive</kind>
         <file>rtsv7M4_T_le_v4SPD16_eabi.lib</file>
         <name>s_scalbn.c.obj</name>
      </input_file>
      <input_file id="fl-f6">
         <path>C:\ti\ccs1200\ccs\tools\compiler\ti-cgt-arm_20.2.6.LTS\lib\</path>
         <kind>archive</kind>
         <file>rtsv7M4_T_le_v4SPD16_eabi.lib</file>
         <name>s_copysign.c.obj</name>
      </input_file>
      <input_file id="fl-f7">
         <path>C:\ti\ccs1200\ccs\tools\compiler\ti-cgt-arm_20.2.6.LTS\lib\</path>
         <kind>archive</kind>
         <file>rtsv7M4_T_le_v4SPD16_eabi.lib</file>
         <name>wcslen.c.obj</name>
      </input_file>
      <input_file id="fl-f8">
         <path>C:\ti\ccs1200\ccs\tools\compiler\ti-cgt-arm_20.2.6.LTS\lib\</path>
         <kind>archive</kind>
         <file>rtsv7M4_T_le_v4SPD16_eabi.lib</file>
         <name>fflush.c.obj</name>
      </input_file>
      <input_file id="fl-f9">
         <path>C:\ti\ccs1200\ccs\tools\compiler\ti-cgt-arm_20.2.6.LTS\lib\</path>
         <kind>archive</kind>
         <file>rtsv7M4_T_le_v4SPD16_eabi.lib</file>
         <name>fopen.c.obj</name>
      </input_file>
      <input_file id="fl-fa">
         <path>C:\ti\ccs1200\ccs\tools\compiler\ti-cgt-arm_20.2.6.LTS\lib\</path>
         <kind>archive</kind>
         <file>rtsv7M4_T_le_v4SPD16_eabi.lib</file>
         <name>fseek.c.obj</name>
      </input_file>
      <input_file id="fl-fb">
         <path>C:\ti\ccs1200\ccs\tools\compiler\ti-cgt-arm_20.2.6.LTS\lib\</path>
         <kind>archive</kind>
         <file>rtsv7M4_T_le_v4SPD16_eabi.lib</file>
         <name>div0.asm.obj</name>
      </input_file>
      <input_file id="fl-fc">
         <path>C:\ti\ccs1200\ccs\tools\compiler\ti-cgt-arm_20.2.6.LTS\lib\</path>
         <kind>archive</kind>
         <file>rtsv7M4_T_le_v4SPD16_eabi.lib</file>
         <name>autoinit.c.obj</name>
      </input_file>
      <input_file id="fl-fd">
         <path>C:\ti\ccs1200\ccs\tools\compiler\ti-cgt-arm_20.2.6.LTS\lib\</path>
         <kind>archive</kind>
         <file>rtsv7M4_T_le_v4SPD16_eabi.lib</file>
         <name>pre_init.c.obj</name>
      </input_file>
      <input_file id="fl-fe">
         <path>C:\ti\ccs1200\ccs\tools\compiler\ti-cgt-arm_20.2.6.LTS\lib\</path>
         <kind>archive</kind>
         <file>rtsv7M4_T_le_v4SPD16_eabi.lib</file>
         <name>cpy_tbl.c.obj</name>
      </input_file>
      <input_file id="fl-ff">
         <path>C:\ti\ccs1200\ccs\tools\compiler\ti-cgt-arm_20.2.6.LTS\lib\</path>
         <kind>archive</kind>
         <file>rtsv7M4_T_le_v4SPD16_eabi.lib</file>
         <name>args_main.c.obj</name>
      </input_file>
      <input_file id="fl-100">
         <path>C:\ti\ccs1200\ccs\tools\compiler\ti-cgt-arm_20.2.6.LTS\lib\</path>
         <kind>archive</kind>
         <file>rtsv7M4_T_le_v4SPD16_eabi.lib</file>
         <name>hostclose.c.obj</name>
      </input_file>
      <input_file id="fl-101">
         <path>C:\ti\ccs1200\ccs\tools\compiler\ti-cgt-arm_20.2.6.LTS\lib\</path>
         <kind>archive</kind>
         <file>rtsv7M4_T_le_v4SPD16_eabi.lib</file>
         <name>hostlseek.c.obj</name>
      </input_file>
      <input_file id="fl-102">
         <path>C:\ti\ccs1200\ccs\tools\compiler\ti-cgt-arm_20.2.6.LTS\lib\</path>
         <kind>archive</kind>
         <file>rtsv7M4_T_le_v4SPD16_eabi.lib</file>
         <name>hostopen.c.obj</name>
      </input_file>
      <input_file id="fl-103">
         <path>C:\ti\ccs1200\ccs\tools\compiler\ti-cgt-arm_20.2.6.LTS\lib\</path>
         <kind>archive</kind>
         <file>rtsv7M4_T_le_v4SPD16_eabi.lib</file>
         <name>hostread.c.obj</name>
      </input_file>
      <input_file id="fl-104">
         <path>C:\ti\ccs1200\ccs\tools\compiler\ti-cgt-arm_20.2.6.LTS\lib\</path>
         <kind>archive</kind>
         <file>rtsv7M4_T_le_v4SPD16_eabi.lib</file>
         <name>hostrename.c.obj</name>
      </input_file>
      <input_file id="fl-105">
         <path>C:\ti\ccs1200\ccs\tools\compiler\ti-cgt-arm_20.2.6.LTS\lib\</path>
         <kind>archive</kind>
         <file>rtsv7M4_T_le_v4SPD16_eabi.lib</file>
         <name>hostunlink.c.obj</name>
      </input_file>
      <input_file id="fl-106">
         <path>C:\ti\ccs1200\ccs\tools\compiler\ti-cgt-arm_20.2.6.LTS\lib\</path>
         <kind>archive</kind>
         <file>rtsv7M4_T_le_v4SPD16_eabi.lib</file>
         <name>hostwrite.c.obj</name>
      </input_file>
      <input_file id="fl-107">
         <path>C:\ti\ccs1200\ccs\tools\compiler\ti-cgt-arm_20.2.6.LTS\lib\</path>
         <kind>archive</kind>
         <file>rtsv7M4_T_le_v4SPD16_eabi.lib</file>
         <name>trgmsg.c.obj</name>
      </input_file>
      <input_file id="fl-108">
         <path>C:\ti\ccs1200\ccs\tools\compiler\ti-cgt-arm_20.2.6.LTS\lib\</path>
         <kind>archive</kind>
         <file>rtsv7M4_T_le_v4SPD16_eabi.lib</file>
         <name>open.c.obj</name>
      </input_file>
      <input_file id="fl-109">
         <path>C:\ti\ccs1200\ccs\tools\compiler\ti-cgt-arm_20.2.6.LTS\lib\</path>
         <kind>archive</kind>
         <file>rtsv7M4_T_le_v4SPD16_eabi.lib</file>
         <name>lseek.c.obj</name>
      </input_file>
      <input_file id="fl-10a">
         <path>C:\ti\ccs1200\ccs\tools\compiler\ti-cgt-arm_20.2.6.LTS\lib\</path>
         <kind>archive</kind>
         <file>rtsv7M4_T_le_v4SPD16_eabi.lib</file>
         <name>fclose.c.obj</name>
      </input_file>
      <input_file id="fl-10b">
         <path>C:\ti\ccs1200\ccs\tools\compiler\ti-cgt-arm_20.2.6.LTS\lib\</path>
         <kind>archive</kind>
         <file>rtsv7M4_T_le_v4SPD16_eabi.lib</file>
         <name>getdevice.c.obj</name>
      </input_file>
      <input_file id="fl-10c">
         <path>C:\ti\ccs1200\ccs\tools\compiler\ti-cgt-arm_20.2.6.LTS\lib\</path>
         <kind>archive</kind>
         <file>rtsv7M4_T_le_v4SPD16_eabi.lib</file>
         <name>strncpy.c.obj</name>
      </input_file>
      <input_file id="fl-10d">
         <path>C:\ti\ccs1200\ccs\tools\compiler\ti-cgt-arm_20.2.6.LTS\lib\</path>
         <kind>archive</kind>
         <file>rtsv7M4_T_le_v4SPD16_eabi.lib</file>
         <name>remove.c.obj</name>
      </input_file>
      <input_file id="fl-10e">
         <path>C:\ti\ccs1200\ccs\tools\compiler\ti-cgt-arm_20.2.6.LTS\lib\</path>
         <kind>archive</kind>
         <file>rtsv7M4_T_le_v4SPD16_eabi.lib</file>
         <name>close.c.obj</name>
      </input_file>
      <input_file id="fl-10f">
         <path>C:\ti\ccs1200\ccs\tools\compiler\ti-cgt-arm_20.2.6.LTS\lib\</path>
         <kind>archive</kind>
         <file>rtsv7M4_T_le_v4SPD16_eabi.lib</file>
         <name>unlink.c.obj</name>
      </input_file>
      <input_file id="fl-110">
         <path>C:\ti\TivaWare_C_Series-2.2.0.295\driverlib\ccs\Debug\</path>
         <kind>archive</kind>
         <file>driverlib.lib</file>
         <name>interrupt.obj</name>
      </input_file>
      <input_file id="fl-111">
         <path>C:\ti\TivaWare_C_Series-2.2.0.295\driverlib\ccs\Debug\</path>
         <kind>archive</kind>
         <file>driverlib.lib</file>
         <name>cpu.obj</name>
      </input_file>
   </input_file_list>
   <object_component_list>
      <object_component id="oc-12">
         <name>.intvecs</name>
         <load_address>0x0</load_address>
         <run_address>0x0</run_address>
         <size>0x26c</size>
         <input_file_ref idref="fl-9"/>
      </object_component>
      <object_component id="oc-d7">
         <name>.text</name>
         <load_address>0x26c</load_address>
         <run_address>0x26c</run_address>
         <size>0xc20</size>
         <input_file_ref idref="fl-8"/>
      </object_component>
      <object_component id="oc-204">
         <name>.text:__TI_printfi</name>
         <load_address>0xe8c</load_address>
         <run_address>0xe8c</run_address>
         <size>0xa4e</size>
         <input_file_ref idref="fl-ce"/>
      </object_component>
      <object_component id="oc-31c">
         <name>.text:_nop</name>
         <load_address>0x18da</load_address>
         <run_address>0x18da</run_address>
         <size>0x2</size>
         <input_file_ref idref="fl-e4"/>
      </object_component>
      <object_component id="oc-fb">
         <name>.text</name>
         <load_address>0x18dc</load_address>
         <run_address>0x18dc</run_address>
         <size>0x4a0</size>
         <input_file_ref idref="fl-6"/>
      </object_component>
      <object_component id="oc-120">
         <name>.text:exp</name>
         <load_address>0x1d7c</load_address>
         <run_address>0x1d7c</run_address>
         <size>0x328</size>
         <input_file_ref idref="fl-cc"/>
      </object_component>
      <object_component id="oc-e3">
         <name>.text</name>
         <load_address>0x20a4</load_address>
         <run_address>0x20a4</run_address>
         <size>0x328</size>
         <input_file_ref idref="fl-4"/>
      </object_component>
      <object_component id="oc-a2">
         <name>.text</name>
         <load_address>0x23cc</load_address>
         <run_address>0x23cc</run_address>
         <size>0x290</size>
         <input_file_ref idref="fl-5"/>
      </object_component>
      <object_component id="oc-2e9">
         <name>.text:_pconv_a</name>
         <load_address>0x265c</load_address>
         <run_address>0x265c</run_address>
         <size>0x270</size>
         <input_file_ref idref="fl-ce"/>
      </object_component>
      <object_component id="oc-ef">
         <name>.text</name>
         <load_address>0x28cc</load_address>
         <run_address>0x28cc</run_address>
         <size>0x260</size>
         <input_file_ref idref="fl-12"/>
      </object_component>
      <object_component id="oc-dd">
         <name>.text</name>
         <load_address>0x2b2c</load_address>
         <run_address>0x2b2c</run_address>
         <size>0x248</size>
         <input_file_ref idref="fl-2"/>
      </object_component>
      <object_component id="oc-1de">
         <name>.text</name>
         <load_address>0x2d74</load_address>
         <run_address>0x2d74</run_address>
         <size>0x1ec</size>
         <input_file_ref idref="fl-14"/>
      </object_component>
      <object_component id="oc-e9">
         <name>.text</name>
         <load_address>0x2f60</load_address>
         <run_address>0x2f60</run_address>
         <size>0x1e4</size>
         <input_file_ref idref="fl-a"/>
      </object_component>
      <object_component id="oc-2d7">
         <name>.text:_pconv_g</name>
         <load_address>0x3144</load_address>
         <run_address>0x3144</run_address>
         <size>0x1d0</size>
         <input_file_ref idref="fl-ce"/>
      </object_component>
      <object_component id="oc-106">
         <name>.text</name>
         <load_address>0x3314</load_address>
         <run_address>0x3314</run_address>
         <size>0x1b6</size>
         <input_file_ref idref="fl-d5"/>
      </object_component>
      <object_component id="oc-3df">
         <name>.text</name>
         <load_address>0x34ca</load_address>
         <run_address>0x34ca</run_address>
         <size>0x2</size>
         <input_file_ref idref="fl-fb"/>
      </object_component>
      <object_component id="oc-1d8">
         <name>.text</name>
         <load_address>0x34cc</load_address>
         <run_address>0x34cc</run_address>
         <size>0x158</size>
         <input_file_ref idref="fl-15"/>
      </object_component>
      <object_component id="oc-2e3">
         <name>.text:_pconv_e</name>
         <load_address>0x3624</load_address>
         <run_address>0x3624</run_address>
         <size>0x13c</size>
         <input_file_ref idref="fl-ce"/>
      </object_component>
      <object_component id="oc-10b">
         <name>.text</name>
         <load_address>0x3760</load_address>
         <run_address>0x3760</run_address>
         <size>0x136</size>
         <input_file_ref idref="fl-d7"/>
      </object_component>
      <object_component id="oc-382">
         <name>.text:fcvt</name>
         <load_address>0x3898</load_address>
         <run_address>0x3898</run_address>
         <size>0x124</size>
         <input_file_ref idref="fl-ce"/>
      </object_component>
      <object_component id="oc-1e4">
         <name>.text</name>
         <load_address>0x39bc</load_address>
         <run_address>0x39bc</run_address>
         <size>0x118</size>
         <input_file_ref idref="fl-13"/>
      </object_component>
      <object_component id="oc-396">
         <name>.text:scalbn</name>
         <load_address>0x3ad4</load_address>
         <run_address>0x3ad4</run_address>
         <size>0x110</size>
         <input_file_ref idref="fl-f5"/>
      </object_component>
      <object_component id="oc-33b">
         <name>.text:aligned_alloc</name>
         <load_address>0x3be4</load_address>
         <run_address>0x3be4</run_address>
         <size>0x100</size>
         <input_file_ref idref="fl-eb"/>
      </object_component>
      <object_component id="oc-f5">
         <name>.text</name>
         <load_address>0x3ce4</load_address>
         <run_address>0x3ce4</run_address>
         <size>0xfc</size>
         <input_file_ref idref="fl-3"/>
      </object_component>
      <object_component id="oc-11b">
         <name>.text</name>
         <load_address>0x3de0</load_address>
         <run_address>0x3de0</run_address>
         <size>0xfc</size>
         <input_file_ref idref="fl-d8"/>
      </object_component>
      <object_component id="oc-181">
         <name>.text:free</name>
         <load_address>0x3edc</load_address>
         <run_address>0x3edc</run_address>
         <size>0xe4</size>
         <input_file_ref idref="fl-eb"/>
      </object_component>
      <object_component id="oc-2d1">
         <name>.text:_ltostr</name>
         <load_address>0x3fc0</load_address>
         <run_address>0x3fc0</run_address>
         <size>0xb1</size>
         <input_file_ref idref="fl-ce"/>
      </object_component>
      <object_component id="oc-3e">
         <name>.text</name>
         <load_address>0x4072</load_address>
         <run_address>0x4072</run_address>
         <size>0x9c</size>
         <input_file_ref idref="fl-dd"/>
      </object_component>
      <object_component id="oc-369">
         <name>.text</name>
         <load_address>0x410e</load_address>
         <run_address>0x410e</run_address>
         <size>0x96</size>
         <input_file_ref idref="fl-df"/>
      </object_component>
      <object_component id="oc-1f9">
         <name>.text:__aeabi_cdcmple</name>
         <load_address>0x41a4</load_address>
         <run_address>0x41a4</run_address>
         <size>0x86</size>
         <input_file_ref idref="fl-d6"/>
      </object_component>
      <object_component id="oc-1f4">
         <name>.text:__aeabi_cdrcmple</name>
         <load_address>0x422a</load_address>
         <run_address>0x422a</run_address>
         <size>0x86</size>
         <input_file_ref idref="fl-d6"/>
      </object_component>
      <object_component id="oc-96">
         <name>.text</name>
         <load_address>0x42b0</load_address>
         <run_address>0x42b0</run_address>
         <size>0x7a</size>
         <input_file_ref idref="fl-de"/>
      </object_component>
      <object_component id="oc-3cf">
         <name>.text:split</name>
         <load_address>0x432c</load_address>
         <run_address>0x432c</run_address>
         <size>0x70</size>
         <input_file_ref idref="fl-eb"/>
      </object_component>
      <object_component id="oc-37b">
         <name>.text:_mcpy</name>
         <load_address>0x439c</load_address>
         <run_address>0x439c</run_address>
         <size>0x6e</size>
         <input_file_ref idref="fl-ce"/>
      </object_component>
      <object_component id="oc-1a6">
         <name>.text</name>
         <load_address>0x440a</load_address>
         <run_address>0x440a</run_address>
         <size>0x6e</size>
         <input_file_ref idref="fl-da"/>
      </object_component>
      <object_component id="oc-15">
         <name>.text:decompress:lzss:__TI_decompress_lzss</name>
         <load_address>0x4478</load_address>
         <run_address>0x4478</run_address>
         <size>0x68</size>
         <input_file_ref idref="fl-e2"/>
      </object_component>
      <object_component id="oc-390">
         <name>.text:frexp</name>
         <load_address>0x44e0</load_address>
         <run_address>0x44e0</run_address>
         <size>0x64</size>
         <input_file_ref idref="fl-f4"/>
      </object_component>
      <object_component id="oc-2dd">
         <name>.text:_pconv_f</name>
         <load_address>0x4544</load_address>
         <run_address>0x4544</run_address>
         <size>0x56</size>
         <input_file_ref idref="fl-ce"/>
      </object_component>
      <object_component id="oc-36f">
         <name>.text:__TI_ltoa</name>
         <load_address>0x459a</load_address>
         <run_address>0x459a</run_address>
         <size>0x54</size>
         <input_file_ref idref="fl-e5"/>
      </object_component>
      <object_component id="oc-375">
         <name>.text:_ecpy</name>
         <load_address>0x45ee</load_address>
         <run_address>0x45ee</run_address>
         <size>0x52</size>
         <input_file_ref idref="fl-ce"/>
      </object_component>
      <object_component id="oc-2cb">
         <name>.text:atoi</name>
         <load_address>0x4640</load_address>
         <run_address>0x4640</run_address>
         <size>0x4c</size>
         <input_file_ref idref="fl-e6"/>
      </object_component>
      <object_component id="oc-110">
         <name>.text</name>
         <load_address>0x468c</load_address>
         <run_address>0x468c</run_address>
         <size>0x48</size>
         <input_file_ref idref="fl-d9"/>
      </object_component>
      <object_component id="oc-147">
         <name>.text:__TI_auto_init_nobinit_nopinit:__TI_auto_init_nobinit_nopinit</name>
         <load_address>0x46d4</load_address>
         <run_address>0x46d4</run_address>
         <size>0x44</size>
         <input_file_ref idref="fl-fc"/>
      </object_component>
      <object_component id="oc-115">
         <name>.text:sprintf</name>
         <load_address>0x4718</load_address>
         <run_address>0x4718</run_address>
         <size>0x40</size>
         <input_file_ref idref="fl-cf"/>
      </object_component>
      <object_component id="oc-1bd">
         <name>.text:vsnprintf</name>
         <load_address>0x4758</load_address>
         <run_address>0x4758</run_address>
         <size>0x40</size>
         <input_file_ref idref="fl-d0"/>
      </object_component>
      <object_component id="oc-388">
         <name>.text:_fcpy</name>
         <load_address>0x4798</load_address>
         <run_address>0x4798</run_address>
         <size>0x3e</size>
         <input_file_ref idref="fl-ce"/>
      </object_component>
      <object_component id="oc-17b">
         <name>.text:calloc</name>
         <load_address>0x47d8</load_address>
         <run_address>0x47d8</run_address>
         <size>0x38</size>
         <input_file_ref idref="fl-eb"/>
      </object_component>
      <object_component id="oc-1ab">
         <name>.text</name>
         <load_address>0x4810</load_address>
         <run_address>0x4810</run_address>
         <size>0x38</size>
         <input_file_ref idref="fl-db"/>
      </object_component>
      <object_component id="oc-194">
         <name>.text:IntRegister</name>
         <load_address>0x4848</load_address>
         <run_address>0x4848</run_address>
         <size>0x34</size>
         <input_file_ref idref="fl-110"/>
      </object_component>
      <object_component id="oc-5c">
         <name>.text:_c_int00_noargs:_c_int00_noargs</name>
         <load_address>0x487c</load_address>
         <run_address>0x487c</run_address>
         <size>0x34</size>
         <input_file_ref idref="fl-f3"/>
      </object_component>
      <object_component id="oc-293">
         <name>.text:_outs</name>
         <load_address>0x48b0</load_address>
         <run_address>0x48b0</run_address>
         <size>0x30</size>
         <input_file_ref idref="fl-d0"/>
      </object_component>
      <object_component id="oc-101">
         <name>.text</name>
         <load_address>0x48e0</load_address>
         <run_address>0x48e0</run_address>
         <size>0x2e</size>
         <input_file_ref idref="fl-dc"/>
      </object_component>
      <object_component id="oc-26f">
         <name>.text:free_list_insert</name>
         <load_address>0x4910</load_address>
         <run_address>0x4910</run_address>
         <size>0x28</size>
         <input_file_ref idref="fl-eb"/>
      </object_component>
      <object_component id="oc-4a">
         <name>.text:decompress:ZI:__TI_zero_init_nomemset:__TI_zero_init_nomemset</name>
         <load_address>0x4938</load_address>
         <run_address>0x4938</run_address>
         <size>0x1c</size>
         <input_file_ref idref="fl-e0"/>
      </object_component>
      <object_component id="oc-269">
         <name>.text:free_list_remove</name>
         <load_address>0x4954</load_address>
         <run_address>0x4954</run_address>
         <size>0x1c</size>
         <input_file_ref idref="fl-eb"/>
      </object_component>
      <object_component id="oc-2ef">
         <name>.text:memccpy</name>
         <load_address>0x4970</load_address>
         <run_address>0x4970</run_address>
         <size>0x1c</size>
         <input_file_ref idref="fl-e9"/>
      </object_component>
      <object_component id="oc-3f2">
         <name>.text:copysign</name>
         <load_address>0x498c</load_address>
         <run_address>0x498c</run_address>
         <size>0x1a</size>
         <input_file_ref idref="fl-f6"/>
      </object_component>
      <object_component id="oc-299">
         <name>.text:_outc</name>
         <load_address>0x49a6</load_address>
         <run_address>0x49a6</run_address>
         <size>0x18</size>
         <input_file_ref idref="fl-d0"/>
      </object_component>
      <object_component id="oc-20a">
         <name>.text:_outs</name>
         <load_address>0x49be</load_address>
         <run_address>0x49be</run_address>
         <size>0x18</size>
         <input_file_ref idref="fl-cf"/>
      </object_component>
      <object_component id="oc-187">
         <name>.text:oi_parseInt</name>
         <load_address>0x49d6</load_address>
         <run_address>0x49d6</run_address>
         <size>0x18</size>
         <input_file_ref idref="fl-8"/>
      </object_component>
      <object_component id="oc-18e">
         <name>.text:strcmp</name>
         <load_address>0x49ee</load_address>
         <run_address>0x49ee</run_address>
         <size>0x18</size>
         <input_file_ref idref="fl-ed"/>
      </object_component>
      <object_component id="oc-39c">
         <name>.text:strchr</name>
         <load_address>0x4a06</load_address>
         <run_address>0x4a06</run_address>
         <size>0x16</size>
         <input_file_ref idref="fl-ec"/>
      </object_component>
      <object_component id="oc-1c3">
         <name>.text:strcpy</name>
         <load_address>0x4a1c</load_address>
         <run_address>0x4a1c</run_address>
         <size>0x14</size>
         <input_file_ref idref="fl-ee"/>
      </object_component>
      <object_component id="oc-2c5">
         <name>.text:strlen</name>
         <load_address>0x4a30</load_address>
         <run_address>0x4a30</run_address>
         <size>0x14</size>
         <input_file_ref idref="fl-ef"/>
      </object_component>
      <object_component id="oc-2f5">
         <name>.text:wcslen</name>
         <load_address>0x4a44</load_address>
         <run_address>0x4a44</run_address>
         <size>0x12</size>
         <input_file_ref idref="fl-f7"/>
      </object_component>
      <object_component id="oc-19a">
         <name>.text:IntMasterEnable</name>
         <load_address>0x4a56</load_address>
         <run_address>0x4a56</run_address>
         <size>0x10</size>
         <input_file_ref idref="fl-110"/>
      </object_component>
      <object_component id="oc-126">
         <name>.text:lcd_clear</name>
         <load_address>0x4a66</load_address>
         <run_address>0x4a66</run_address>
         <size>0x10</size>
         <input_file_ref idref="fl-4"/>
      </object_component>
      <object_component id="oc-1b">
         <name>.text:decompress:none:__TI_decompress_none</name>
         <load_address>0x4a76</load_address>
         <run_address>0x4a76</run_address>
         <size>0xe</size>
         <input_file_ref idref="fl-e1"/>
      </object_component>
      <object_component id="oc-282">
         <name>.text:CPUcpsie</name>
         <load_address>0x4a84</load_address>
         <run_address>0x4a84</run_address>
         <size>0xc</size>
         <input_file_ref idref="fl-111"/>
      </object_component>
      <object_component id="oc-2a">
         <name>.text</name>
         <load_address>0x4a90</load_address>
         <run_address>0x4a90</run_address>
         <size>0xc</size>
         <input_file_ref idref="fl-9"/>
      </object_component>
      <object_component id="oc-210">
         <name>.text:_outc</name>
         <load_address>0x4a9c</load_address>
         <run_address>0x4a9c</run_address>
         <size>0xa</size>
         <input_file_ref idref="fl-cf"/>
      </object_component>
      <object_component id="oc-219">
         <name>.text:__aeabi_errno_addr</name>
         <load_address>0x4aa8</load_address>
         <run_address>0x4aa8</run_address>
         <size>0x8</size>
         <input_file_ref idref="fl-f2"/>
      </object_component>
      <object_component id="oc-262">
         <name>.text:malloc</name>
         <load_address>0x4ab0</load_address>
         <run_address>0x4ab0</run_address>
         <size>0x8</size>
         <input_file_ref idref="fl-eb"/>
      </object_component>
      <object_component id="oc-9c">
         <name>.text:_system_pre_init</name>
         <load_address>0x4ab8</load_address>
         <run_address>0x4ab8</run_address>
         <size>0x4</size>
         <input_file_ref idref="fl-fd"/>
      </object_component>
      <object_component id="oc-13b">
         <name>.text:abort:abort</name>
         <load_address>0x4abc</load_address>
         <run_address>0x4abc</run_address>
         <size>0x4</size>
         <input_file_ref idref="fl-e3"/>
      </object_component>
      <object_component id="oc-364">
         <name>.const:.string:_ctypes_</name>
         <load_address>0x4ac0</load_address>
         <run_address>0x4ac0</run_address>
         <size>0x101</size>
         <input_file_ref idref="fl-e7"/>
      </object_component>
      <object_component id="oc-1c9">
         <name>.const:.string:lineAddress$1</name>
         <load_address>0x4bc1</load_address>
         <run_address>0x4bc1</run_address>
         <size>0x4</size>
         <input_file_ref idref="fl-4"/>
      </object_component>
      <object_component id="oc-21f">
         <name>.const:$O1$$</name>
         <load_address>0x4bc8</load_address>
         <run_address>0x4bc8</run_address>
         <size>0x30</size>
         <input_file_ref idref="fl-cc"/>
      </object_component>
      <object_component id="oc-1a3">
         <name>.const:.string:$P$T0$3</name>
         <load_address>0x4bf8</load_address>
         <run_address>0x4bf8</run_address>
         <size>0xf</size>
         <input_file_ref idref="fl-8"/>
      </object_component>
      <object_component id="oc-1ca">
         <name>.const:.string:lineAddresses$2</name>
         <load_address>0x4c07</load_address>
         <run_address>0x4c07</run_address>
         <size>0x4</size>
         <input_file_ref idref="fl-4"/>
      </object_component>
      <object_component id="oc-448">
         <name>.cinit..data.load</name>
         <load_address>0x4c10</load_address>
         <run_address>0x4c10</run_address>
         <size>0x22</size>
      </object_component>
      <object_component id="oc-445">
         <name>__TI_handler_table</name>
         <load_address>0x4c34</load_address>
         <run_address>0x4c34</run_address>
         <size>0xc</size>
      </object_component>
      <object_component id="oc-449">
         <name>.cinit..bss.load</name>
         <load_address>0x4c40</load_address>
         <run_address>0x4c40</run_address>
         <size>0x8</size>
      </object_component>
      <object_component id="oc-447">
         <name>.cinit..vtable.load</name>
         <load_address>0x4c48</load_address>
         <run_address>0x4c48</run_address>
         <size>0x8</size>
      </object_component>
      <object_component id="oc-446">
         <name>__TI_cinit_table</name>
         <load_address>0x4c50</load_address>
         <run_address>0x4c50</run_address>
         <size>0x18</size>
      </object_component>
      <object_component id="oc-278">
         <name>.vtable</name>
         <uninitialized>true</uninitialized>
         <run_address>0x20000000</run_address>
         <size>0x26c</size>
         <input_file_ref idref="fl-110"/>
      </object_component>
      <object_component id="oc-1b8">
         <name>.data</name>
         <load_address>0x20002325</load_address>
         <run_address>0x20002325</run_address>
         <size>0x1</size>
         <input_file_ref idref="fl-2"/>
      </object_component>
      <object_component id="oc-1a0">
         <name>.data</name>
         <load_address>0x200022fc</load_address>
         <run_address>0x200022fc</run_address>
         <size>0x20</size>
         <input_file_ref idref="fl-8"/>
      </object_component>
      <object_component id="oc-1d3">
         <name>.data</name>
         <load_address>0x2000231c</load_address>
         <run_address>0x2000231c</run_address>
         <size>0x9</size>
         <input_file_ref idref="fl-a"/>
      </object_component>
      <object_component id="oc-1ea">
         <name>.data</name>
         <load_address>0x20002338</load_address>
         <run_address>0x20002338</run_address>
         <size>0x4</size>
         <input_file_ref idref="fl-12"/>
      </object_component>
      <object_component id="oc-246">
         <name>.data:$O1$$</name>
         <load_address>0x20002328</load_address>
         <run_address>0x20002328</run_address>
         <size>0x8</size>
         <input_file_ref idref="fl-e4"/>
      </object_component>
      <object_component id="oc-342">
         <name>.data:$O1$$</name>
         <load_address>0x20002330</load_address>
         <run_address>0x20002330</run_address>
         <size>0x8</size>
         <input_file_ref idref="fl-eb"/>
      </object_component>
      <object_component id="oc-30b">
         <name>.data</name>
         <load_address>0x2000233c</load_address>
         <run_address>0x2000233c</run_address>
         <size>0x4</size>
         <input_file_ref idref="fl-f2"/>
      </object_component>
      <object_component id="oc-1cb">
         <name>.bss:lastbuffer$3</name>
         <uninitialized>true</uninitialized>
         <run_address>0x20002270</run_address>
         <size>0x54</size>
         <input_file_ref idref="fl-4"/>
      </object_component>
      <object_component id="oc-1b0">
         <name>.bss:firmware$2</name>
         <uninitialized>true</uninitialized>
         <run_address>0x200022c4</run_address>
         <size>0x18</size>
         <input_file_ref idref="fl-8"/>
      </object_component>
      <object_component id="oc-1bb">
         <name>.common:_timeout_ticks</name>
         <uninitialized>true</uninitialized>
         <run_address>0x200022dc</run_address>
         <size>0x4</size>
      </object_component>
      <object_component id="oc-12d">
         <name>.common:right_calibration_value</name>
         <uninitialized>true</uninitialized>
         <run_address>0x200022f0</run_address>
         <size>0x4</size>
      </object_component>
      <object_component id="oc-134">
         <name>.common:left_calibration_value</name>
         <uninitialized>true</uninitialized>
         <run_address>0x200022e8</run_address>
         <size>0x4</size>
      </object_component>
      <object_component id="oc-2bb">
         <name>.common:isr_int_value</name>
         <uninitialized>true</uninitialized>
         <run_address>0x200022e4</run_address>
         <size>0x4</size>
      </object_component>
      <object_component id="oc-2b7">
         <name>.common:risingEdge</name>
         <uninitialized>true</uninitialized>
         <run_address>0x200022f4</run_address>
         <size>0x4</size>
      </object_component>
      <object_component id="oc-2b8">
         <name>.common:fallingEdge</name>
         <uninitialized>true</uninitialized>
         <run_address>0x200022e0</run_address>
         <size>0x4</size>
      </object_component>
      <object_component id="oc-2b9">
         <name>.common:pulseLength</name>
         <uninitialized>true</uninitialized>
         <run_address>0x200022ec</run_address>
         <size>0x4</size>
      </object_component>
      <object_component id="oc-2b4">
         <name>.common:isRisingEdge</name>
         <uninitialized>true</uninitialized>
         <run_address>0x200022f8</run_address>
         <size>0x1</size>
      </object_component>
      <object_component id="oc-24">
         <name>.sysmem</name>
         <uninitialized>true</uninitialized>
         <run_address>0x20001270</run_address>
         <size>0x10</size>
         <input_file_ref idref="fl-eb"/>
      </object_component>
      <object_component id="oc-44c">
         <name>.sysmem</name>
         <uninitialized>true</uninitialized>
         <run_address>0x20001270</run_address>
         <size>0x0</size>
      </object_component>
      <object_component id="oc-27">
         <name>.stack</name>
         <uninitialized>true</uninitialized>
         <run_address>0x20000270</run_address>
         <size>0x4</size>
         <input_file_ref idref="fl-f3"/>
      </object_component>
      <object_component id="oc-44b">
         <name>.stack</name>
         <uninitialized>true</uninitialized>
         <run_address>0x20000270</run_address>
         <size>0x0</size>
      </object_component>
      <object_component id="oc-c5">
         <name>.debug_info</name>
         <load_address>0x0</load_address>
         <run_address>0x0</run_address>
         <size>0x2b3</size>
         <input_file_ref idref="fl-2"/>
      </object_component>
      <object_component id="oc-1b9">
         <name>.debug_info</name>
         <load_address>0x2b3</load_address>
         <run_address>0x2b3</run_address>
         <size>0xc1</size>
         <input_file_ref idref="fl-2"/>
      </object_component>
      <object_component id="oc-de">
         <name>.debug_info</name>
         <load_address>0x374</load_address>
         <run_address>0x374</run_address>
         <size>0x509</size>
         <input_file_ref idref="fl-2"/>
      </object_component>
      <object_component id="oc-77">
         <name>.debug_info</name>
         <load_address>0x87d</load_address>
         <run_address>0x87d</run_address>
         <size>0x26b</size>
         <input_file_ref idref="fl-2"/>
      </object_component>
      <object_component id="oc-39">
         <name>.debug_info</name>
         <load_address>0xae8</load_address>
         <run_address>0xae8</run_address>
         <size>0x84</size>
         <input_file_ref idref="fl-2"/>
      </object_component>
      <object_component id="oc-c0">
         <name>.debug_info</name>
         <load_address>0xb6c</load_address>
         <run_address>0xb6c</run_address>
         <size>0x2a4</size>
         <input_file_ref idref="fl-2"/>
      </object_component>
      <object_component id="oc-7c">
         <name>.debug_info</name>
         <load_address>0xe10</load_address>
         <run_address>0xe10</run_address>
         <size>0xbb</size>
         <input_file_ref idref="fl-2"/>
      </object_component>
      <object_component id="oc-319">
         <name>.debug_info</name>
         <load_address>0xecb</load_address>
         <run_address>0xecb</run_address>
         <size>0x284</size>
         <input_file_ref idref="fl-3"/>
      </object_component>
      <object_component id="oc-f6">
         <name>.debug_info</name>
         <load_address>0x114f</load_address>
         <run_address>0x114f</run_address>
         <size>0x142</size>
         <input_file_ref idref="fl-3"/>
      </object_component>
      <object_component id="oc-23b">
         <name>.debug_info</name>
         <load_address>0x1291</load_address>
         <run_address>0x1291</run_address>
         <size>0xcc</size>
         <input_file_ref idref="fl-3"/>
      </object_component>
      <object_component id="oc-1ce">
         <name>.debug_info</name>
         <load_address>0x135d</load_address>
         <run_address>0x135d</run_address>
         <size>0x2c</size>
         <input_file_ref idref="fl-3"/>
      </object_component>
      <object_component id="oc-22f">
         <name>.debug_info</name>
         <load_address>0x1389</load_address>
         <run_address>0x1389</run_address>
         <size>0x35</size>
         <input_file_ref idref="fl-3"/>
      </object_component>
      <object_component id="oc-1cd">
         <name>.debug_info</name>
         <load_address>0x13be</load_address>
         <run_address>0x13be</run_address>
         <size>0x381</size>
         <input_file_ref idref="fl-4"/>
      </object_component>
      <object_component id="oc-128">
         <name>.debug_info</name>
         <load_address>0x173f</load_address>
         <run_address>0x173f</run_address>
         <size>0x116</size>
         <input_file_ref idref="fl-4"/>
      </object_component>
      <object_component id="oc-e4">
         <name>.debug_info</name>
         <load_address>0x1855</load_address>
         <run_address>0x1855</run_address>
         <size>0x8a2</size>
         <input_file_ref idref="fl-4"/>
      </object_component>
      <object_component id="oc-12e">
         <name>.debug_info</name>
         <load_address>0x20f7</load_address>
         <run_address>0x20f7</run_address>
         <size>0x5a6</size>
         <input_file_ref idref="fl-5"/>
      </object_component>
      <object_component id="oc-a3">
         <name>.debug_info</name>
         <load_address>0x269d</load_address>
         <run_address>0x269d</run_address>
         <size>0x489</size>
         <input_file_ref idref="fl-5"/>
      </object_component>
      <object_component id="oc-22a">
         <name>.debug_info</name>
         <load_address>0x2b26</load_address>
         <run_address>0x2b26</run_address>
         <size>0x5aa</size>
         <input_file_ref idref="fl-5"/>
      </object_component>
      <object_component id="oc-136">
         <name>.debug_info</name>
         <load_address>0x30d0</load_address>
         <run_address>0x30d0</run_address>
         <size>0x9d</size>
         <input_file_ref idref="fl-5"/>
      </object_component>
      <object_component id="oc-1ff">
         <name>.debug_info</name>
         <load_address>0x316d</load_address>
         <run_address>0x316d</run_address>
         <size>0x314</size>
         <input_file_ref idref="fl-6"/>
      </object_component>
      <object_component id="oc-fe">
         <name>.debug_info</name>
         <load_address>0x3481</load_address>
         <run_address>0x3481</run_address>
         <size>0xae3</size>
         <input_file_ref idref="fl-6"/>
      </object_component>
      <object_component id="oc-130">
         <name>.debug_info</name>
         <load_address>0x3f64</load_address>
         <run_address>0x3f64</run_address>
         <size>0x416</size>
         <input_file_ref idref="fl-7"/>
      </object_component>
      <object_component id="oc-236">
         <name>.debug_info</name>
         <load_address>0x437a</load_address>
         <run_address>0x437a</run_address>
         <size>0x69</size>
         <input_file_ref idref="fl-7"/>
      </object_component>
      <object_component id="oc-1b2">
         <name>.debug_info</name>
         <load_address>0x43e3</load_address>
         <run_address>0x43e3</run_address>
         <size>0x3fe</size>
         <input_file_ref idref="fl-8"/>
      </object_component>
      <object_component id="oc-1a1">
         <name>.debug_info</name>
         <load_address>0x47e1</load_address>
         <run_address>0x47e1</run_address>
         <size>0x113</size>
         <input_file_ref idref="fl-8"/>
      </object_component>
      <object_component id="oc-1a4">
         <name>.debug_info</name>
         <load_address>0x48f4</load_address>
         <run_address>0x48f4</run_address>
         <size>0xc8</size>
         <input_file_ref idref="fl-8"/>
      </object_component>
      <object_component id="oc-189">
         <name>.debug_info</name>
         <load_address>0x49bc</load_address>
         <run_address>0x49bc</run_address>
         <size>0x140</size>
         <input_file_ref idref="fl-8"/>
      </object_component>
      <object_component id="oc-d9">
         <name>.debug_info</name>
         <load_address>0x4afc</load_address>
         <run_address>0x4afc</run_address>
         <size>0x198a</size>
         <input_file_ref idref="fl-8"/>
      </object_component>
      <object_component id="oc-1b3">
         <name>.debug_info</name>
         <load_address>0x6486</load_address>
         <run_address>0x6486</run_address>
         <size>0x8b</size>
         <input_file_ref idref="fl-8"/>
      </object_component>
      <object_component id="oc-32">
         <name>.debug_info</name>
         <load_address>0x6511</load_address>
         <run_address>0x6511</run_address>
         <size>0x29d</size>
         <input_file_ref idref="fl-9"/>
      </object_component>
      <object_component id="oc-13">
         <name>.debug_info</name>
         <load_address>0x67ae</load_address>
         <run_address>0x67ae</run_address>
         <size>0xdc</size>
         <input_file_ref idref="fl-9"/>
      </object_component>
      <object_component id="oc-2d">
         <name>.debug_info</name>
         <load_address>0x688a</load_address>
         <run_address>0x688a</run_address>
         <size>0x258</size>
         <input_file_ref idref="fl-9"/>
      </object_component>
      <object_component id="oc-1d7">
         <name>.debug_info</name>
         <load_address>0x6ae2</load_address>
         <run_address>0x6ae2</run_address>
         <size>0x2c9</size>
         <input_file_ref idref="fl-a"/>
      </object_component>
      <object_component id="oc-1d4">
         <name>.debug_info</name>
         <load_address>0x6dab</load_address>
         <run_address>0x6dab</run_address>
         <size>0x124</size>
         <input_file_ref idref="fl-a"/>
      </object_component>
      <object_component id="oc-eb">
         <name>.debug_info</name>
         <load_address>0x6ecf</load_address>
         <run_address>0x6ecf</run_address>
         <size>0x433</size>
         <input_file_ref idref="fl-a"/>
      </object_component>
      <object_component id="oc-132">
         <name>.debug_info</name>
         <load_address>0x7302</load_address>
         <run_address>0x7302</run_address>
         <size>0x485</size>
         <input_file_ref idref="fl-12"/>
      </object_component>
      <object_component id="oc-1eb">
         <name>.debug_info</name>
         <load_address>0x7787</load_address>
         <run_address>0x7787</run_address>
         <size>0x114</size>
         <input_file_ref idref="fl-12"/>
      </object_component>
      <object_component id="oc-f1">
         <name>.debug_info</name>
         <load_address>0x789b</load_address>
         <run_address>0x789b</run_address>
         <size>0x4ce</size>
         <input_file_ref idref="fl-12"/>
      </object_component>
      <object_component id="oc-1ee">
         <name>.debug_info</name>
         <load_address>0x7d69</load_address>
         <run_address>0x7d69</run_address>
         <size>0x9d</size>
         <input_file_ref idref="fl-12"/>
      </object_component>
      <object_component id="oc-2bc">
         <name>.debug_info</name>
         <load_address>0x7e06</load_address>
         <run_address>0x7e06</run_address>
         <size>0x2b7</size>
         <input_file_ref idref="fl-13"/>
      </object_component>
      <object_component id="oc-1e5">
         <name>.debug_info</name>
         <load_address>0x80bd</load_address>
         <run_address>0x80bd</run_address>
         <size>0x266</size>
         <input_file_ref idref="fl-13"/>
      </object_component>
      <object_component id="oc-2b5">
         <name>.debug_info</name>
         <load_address>0x8323</load_address>
         <run_address>0x8323</run_address>
         <size>0x3ba</size>
         <input_file_ref idref="fl-14"/>
      </object_component>
      <object_component id="oc-1df">
         <name>.debug_info</name>
         <load_address>0x86dd</load_address>
         <run_address>0x86dd</run_address>
         <size>0x270</size>
         <input_file_ref idref="fl-14"/>
      </object_component>
      <object_component id="oc-1da">
         <name>.debug_info</name>
         <load_address>0x894d</load_address>
         <run_address>0x894d</run_address>
         <size>0x296</size>
         <input_file_ref idref="fl-15"/>
      </object_component>
      <object_component id="oc-312">
         <name>.debug_info</name>
         <load_address>0x8be3</load_address>
         <run_address>0x8be3</run_address>
         <size>0x31f</size>
         <input_file_ref idref="fl-cc"/>
      </object_component>
      <object_component id="oc-220">
         <name>.debug_info</name>
         <load_address>0x8f02</load_address>
         <run_address>0x8f02</run_address>
         <size>0x130</size>
         <input_file_ref idref="fl-cc"/>
      </object_component>
      <object_component id="oc-124">
         <name>.debug_info</name>
         <load_address>0x9032</load_address>
         <run_address>0x9032</run_address>
         <size>0x4d5</size>
         <input_file_ref idref="fl-cc"/>
      </object_component>
      <object_component id="oc-314">
         <name>.debug_info</name>
         <load_address>0x9507</load_address>
         <run_address>0x9507</run_address>
         <size>0x46</size>
         <input_file_ref idref="fl-cc"/>
      </object_component>
      <object_component id="oc-223">
         <name>.debug_info</name>
         <load_address>0x954d</load_address>
         <run_address>0x954d</run_address>
         <size>0x39</size>
         <input_file_ref idref="fl-cc"/>
      </object_component>
      <object_component id="oc-2fc">
         <name>.debug_info</name>
         <load_address>0x9586</load_address>
         <run_address>0x9586</run_address>
         <size>0x590</size>
         <input_file_ref idref="fl-ce"/>
      </object_component>
      <object_component id="oc-2d2">
         <name>.debug_info</name>
         <load_address>0x9b16</load_address>
         <run_address>0x9b16</run_address>
         <size>0x21e</size>
         <input_file_ref idref="fl-ce"/>
      </object_component>
      <object_component id="oc-376">
         <name>.debug_info</name>
         <load_address>0x9d34</load_address>
         <run_address>0x9d34</run_address>
         <size>0x1b3</size>
         <input_file_ref idref="fl-ce"/>
      </object_component>
      <object_component id="oc-37c">
         <name>.debug_info</name>
         <load_address>0x9ee7</load_address>
         <run_address>0x9ee7</run_address>
         <size>0x21b</size>
         <input_file_ref idref="fl-ce"/>
      </object_component>
      <object_component id="oc-2d8">
         <name>.debug_info</name>
         <load_address>0xa102</load_address>
         <run_address>0xa102</run_address>
         <size>0x3c0</size>
         <input_file_ref idref="fl-ce"/>
      </object_component>
      <object_component id="oc-383">
         <name>.debug_info</name>
         <load_address>0xa4c2</load_address>
         <run_address>0xa4c2</run_address>
         <size>0x30a</size>
         <input_file_ref idref="fl-ce"/>
      </object_component>
      <object_component id="oc-389">
         <name>.debug_info</name>
         <load_address>0xa7cc</load_address>
         <run_address>0xa7cc</run_address>
         <size>0x215</size>
         <input_file_ref idref="fl-ce"/>
      </object_component>
      <object_component id="oc-2de">
         <name>.debug_info</name>
         <load_address>0xa9e1</load_address>
         <run_address>0xa9e1</run_address>
         <size>0x215</size>
         <input_file_ref idref="fl-ce"/>
      </object_component>
      <object_component id="oc-2e4">
         <name>.debug_info</name>
         <load_address>0xabf6</load_address>
         <run_address>0xabf6</run_address>
         <size>0x304</size>
         <input_file_ref idref="fl-ce"/>
      </object_component>
      <object_component id="oc-2ea">
         <name>.debug_info</name>
         <load_address>0xaefa</load_address>
         <run_address>0xaefa</run_address>
         <size>0x4b5</size>
         <input_file_ref idref="fl-ce"/>
      </object_component>
      <object_component id="oc-205">
         <name>.debug_info</name>
         <load_address>0xb3af</load_address>
         <run_address>0xb3af</run_address>
         <size>0x5f4</size>
         <input_file_ref idref="fl-ce"/>
      </object_component>
      <object_component id="oc-2fd">
         <name>.debug_info</name>
         <load_address>0xb9a3</load_address>
         <run_address>0xb9a3</run_address>
         <size>0x86</size>
         <input_file_ref idref="fl-ce"/>
      </object_component>
      <object_component id="oc-3ae">
         <name>.debug_info</name>
         <load_address>0xba29</load_address>
         <run_address>0xba29</run_address>
         <size>0x39</size>
         <input_file_ref idref="fl-ce"/>
      </object_component>
      <object_component id="oc-405">
         <name>.debug_info</name>
         <load_address>0xba62</load_address>
         <run_address>0xba62</run_address>
         <size>0xb6</size>
         <input_file_ref idref="fl-ce"/>
      </object_component>
      <object_component id="oc-3b3">
         <name>.debug_info</name>
         <load_address>0xbb18</load_address>
         <run_address>0xbb18</run_address>
         <size>0x46</size>
         <input_file_ref idref="fl-ce"/>
      </object_component>
      <object_component id="oc-302">
         <name>.debug_info</name>
         <load_address>0xbb5e</load_address>
         <run_address>0xbb5e</run_address>
         <size>0x46</size>
         <input_file_ref idref="fl-ce"/>
      </object_component>
      <object_component id="oc-2a1">
         <name>.debug_info</name>
         <load_address>0xbba4</load_address>
         <run_address>0xbba4</run_address>
         <size>0x2c</size>
         <input_file_ref idref="fl-ce"/>
      </object_component>
      <object_component id="oc-217">
         <name>.debug_info</name>
         <load_address>0xbbd0</load_address>
         <run_address>0xbbd0</run_address>
         <size>0x333</size>
         <input_file_ref idref="fl-cf"/>
      </object_component>
      <object_component id="oc-117">
         <name>.debug_info</name>
         <load_address>0xbf03</load_address>
         <run_address>0xbf03</run_address>
         <size>0x1d1</size>
         <input_file_ref idref="fl-cf"/>
      </object_component>
      <object_component id="oc-20b">
         <name>.debug_info</name>
         <load_address>0xc0d4</load_address>
         <run_address>0xc0d4</run_address>
         <size>0x18d</size>
         <input_file_ref idref="fl-cf"/>
      </object_component>
      <object_component id="oc-211">
         <name>.debug_info</name>
         <load_address>0xc261</load_address>
         <run_address>0xc261</run_address>
         <size>0x16d</size>
         <input_file_ref idref="fl-cf"/>
      </object_component>
      <object_component id="oc-2a0">
         <name>.debug_info</name>
         <load_address>0xc3ce</load_address>
         <run_address>0xc3ce</run_address>
         <size>0x340</size>
         <input_file_ref idref="fl-d0"/>
      </object_component>
      <object_component id="oc-1bf">
         <name>.debug_info</name>
         <load_address>0xc70e</load_address>
         <run_address>0xc70e</run_address>
         <size>0x208</size>
         <input_file_ref idref="fl-d0"/>
      </object_component>
      <object_component id="oc-294">
         <name>.debug_info</name>
         <load_address>0xc916</load_address>
         <run_address>0xc916</run_address>
         <size>0x1c6</size>
         <input_file_ref idref="fl-d0"/>
      </object_component>
      <object_component id="oc-29a">
         <name>.debug_info</name>
         <load_address>0xcadc</load_address>
         <run_address>0xcadc</run_address>
         <size>0x179</size>
         <input_file_ref idref="fl-d0"/>
      </object_component>
      <object_component id="oc-2a6">
         <name>.debug_info</name>
         <load_address>0xcc55</load_address>
         <run_address>0xcc55</run_address>
         <size>0x69</size>
         <input_file_ref idref="fl-d0"/>
      </object_component>
      <object_component id="oc-ce">
         <name>.debug_info</name>
         <load_address>0xccbe</load_address>
         <run_address>0xccbe</run_address>
         <size>0x2c</size>
         <input_file_ref idref="fl-d2"/>
      </object_component>
      <object_component id="oc-109">
         <name>.debug_info</name>
         <load_address>0xccea</load_address>
         <run_address>0xccea</run_address>
         <size>0x14c</size>
         <input_file_ref idref="fl-d5"/>
      </object_component>
      <object_component id="oc-1fa">
         <name>.debug_info</name>
         <load_address>0xce36</load_address>
         <run_address>0xce36</run_address>
         <size>0x128</size>
         <input_file_ref idref="fl-d6"/>
      </object_component>
      <object_component id="oc-1f5">
         <name>.debug_info</name>
         <load_address>0xcf5e</load_address>
         <run_address>0xcf5e</run_address>
         <size>0x12a</size>
         <input_file_ref idref="fl-d6"/>
      </object_component>
      <object_component id="oc-10d">
         <name>.debug_info</name>
         <load_address>0xd088</load_address>
         <run_address>0xd088</run_address>
         <size>0x13a</size>
         <input_file_ref idref="fl-d7"/>
      </object_component>
      <object_component id="oc-11e">
         <name>.debug_info</name>
         <load_address>0xd1c2</load_address>
         <run_address>0xd1c2</run_address>
         <size>0x13a</size>
         <input_file_ref idref="fl-d8"/>
      </object_component>
      <object_component id="oc-111">
         <name>.debug_info</name>
         <load_address>0xd2fc</load_address>
         <run_address>0xd2fc</run_address>
         <size>0x12e</size>
         <input_file_ref idref="fl-d9"/>
      </object_component>
      <object_component id="oc-1a7">
         <name>.debug_info</name>
         <load_address>0xd42a</load_address>
         <run_address>0xd42a</run_address>
         <size>0x13e</size>
         <input_file_ref idref="fl-da"/>
      </object_component>
      <object_component id="oc-1ac">
         <name>.debug_info</name>
         <load_address>0xd568</load_address>
         <run_address>0xd568</run_address>
         <size>0x12c</size>
         <input_file_ref idref="fl-db"/>
      </object_component>
      <object_component id="oc-102">
         <name>.debug_info</name>
         <load_address>0xd694</load_address>
         <run_address>0xd694</run_address>
         <size>0x12c</size>
         <input_file_ref idref="fl-dc"/>
      </object_component>
      <object_component id="oc-40">
         <name>.debug_info</name>
         <load_address>0xd7c0</load_address>
         <run_address>0xd7c0</run_address>
         <size>0x119</size>
         <input_file_ref idref="fl-dd"/>
      </object_component>
      <object_component id="oc-97">
         <name>.debug_info</name>
         <load_address>0xd8d9</load_address>
         <run_address>0xd8d9</run_address>
         <size>0x147</size>
         <input_file_ref idref="fl-de"/>
      </object_component>
      <object_component id="oc-36a">
         <name>.debug_info</name>
         <load_address>0xda20</load_address>
         <run_address>0xda20</run_address>
         <size>0x134</size>
         <input_file_ref idref="fl-df"/>
      </object_component>
      <object_component id="oc-95">
         <name>.debug_info</name>
         <load_address>0xdb54</load_address>
         <run_address>0xdb54</run_address>
         <size>0x2d4</size>
         <input_file_ref idref="fl-e0"/>
      </object_component>
      <object_component id="oc-4e">
         <name>.debug_info</name>
         <load_address>0xde28</load_address>
         <run_address>0xde28</run_address>
         <size>0x1d2</size>
         <input_file_ref idref="fl-e0"/>
      </object_component>
      <object_component id="oc-90">
         <name>.debug_info</name>
         <load_address>0xdffa</load_address>
         <run_address>0xdffa</run_address>
         <size>0x46</size>
         <input_file_ref idref="fl-e0"/>
      </object_component>
      <object_component id="oc-49">
         <name>.debug_info</name>
         <load_address>0xe040</load_address>
         <run_address>0xe040</run_address>
         <size>0x2a8</size>
         <input_file_ref idref="fl-e1"/>
      </object_component>
      <object_component id="oc-1d">
         <name>.debug_info</name>
         <load_address>0xe2e8</load_address>
         <run_address>0xe2e8</run_address>
         <size>0x1ea</size>
         <input_file_ref idref="fl-e1"/>
      </object_component>
      <object_component id="oc-44">
         <name>.debug_info</name>
         <load_address>0xe4d2</load_address>
         <run_address>0xe4d2</run_address>
         <size>0x46</size>
         <input_file_ref idref="fl-e1"/>
      </object_component>
      <object_component id="oc-88">
         <name>.debug_info</name>
         <load_address>0xe518</load_address>
         <run_address>0xe518</run_address>
         <size>0x2c</size>
         <input_file_ref idref="fl-e1"/>
      </object_component>
      <object_component id="oc-86">
         <name>.debug_info</name>
         <load_address>0xe544</load_address>
         <run_address>0xe544</run_address>
         <size>0x29e</size>
         <input_file_ref idref="fl-e2"/>
      </object_component>
      <object_component id="oc-16">
         <name>.debug_info</name>
         <load_address>0xe7e2</load_address>
         <run_address>0xe7e2</run_address>
         <size>0x250</size>
         <input_file_ref idref="fl-e2"/>
      </object_component>
      <object_component id="oc-34">
         <name>.debug_info</name>
         <load_address>0xea32</load_address>
         <run_address>0xea32</run_address>
         <size>0x60</size>
         <input_file_ref idref="fl-e2"/>
      </object_component>
      <object_component id="oc-c7">
         <name>.debug_info</name>
         <load_address>0xea92</load_address>
         <run_address>0xea92</run_address>
         <size>0x46</size>
         <input_file_ref idref="fl-e2"/>
      </object_component>
      <object_component id="oc-81">
         <name>.debug_info</name>
         <load_address>0xead8</load_address>
         <run_address>0xead8</run_address>
         <size>0x39</size>
         <input_file_ref idref="fl-e2"/>
      </object_component>
      <object_component id="oc-13c">
         <name>.debug_info</name>
         <load_address>0xeb11</load_address>
         <run_address>0xeb11</run_address>
         <size>0x122</size>
         <input_file_ref idref="fl-e3"/>
      </object_component>
      <object_component id="oc-324">
         <name>.debug_info</name>
         <load_address>0xec33</load_address>
         <run_address>0xec33</run_address>
         <size>0x2c9</size>
         <input_file_ref idref="fl-e4"/>
      </object_component>
      <object_component id="oc-247">
         <name>.debug_info</name>
         <load_address>0xeefc</load_address>
         <run_address>0xeefc</run_address>
         <size>0x11e</size>
         <input_file_ref idref="fl-e4"/>
      </object_component>
      <object_component id="oc-31f">
         <name>.debug_info</name>
         <load_address>0xf01a</load_address>
         <run_address>0xf01a</run_address>
         <size>0x12e</size>
         <input_file_ref idref="fl-e4"/>
      </object_component>
      <object_component id="oc-3e6">
         <name>.debug_info</name>
         <load_address>0xf148</load_address>
         <run_address>0xf148</run_address>
         <size>0x29c</size>
         <input_file_ref idref="fl-e5"/>
      </object_component>
      <object_component id="oc-373">
         <name>.debug_info</name>
         <load_address>0xf3e4</load_address>
         <run_address>0xf3e4</run_address>
         <size>0x1da</size>
         <input_file_ref idref="fl-e5"/>
      </object_component>
      <object_component id="oc-368">
         <name>.debug_info</name>
         <load_address>0xf5be</load_address>
         <run_address>0xf5be</run_address>
         <size>0x2b9</size>
         <input_file_ref idref="fl-e6"/>
      </object_component>
      <object_component id="oc-2cd">
         <name>.debug_info</name>
         <load_address>0xf877</load_address>
         <run_address>0xf877</run_address>
         <size>0x17c</size>
         <input_file_ref idref="fl-e6"/>
      </object_component>
      <object_component id="oc-3dc">
         <name>.debug_info</name>
         <load_address>0xf9f3</load_address>
         <run_address>0xf9f3</run_address>
         <size>0xf9</size>
         <input_file_ref idref="fl-e7"/>
      </object_component>
      <object_component id="oc-365">
         <name>.debug_info</name>
         <load_address>0xfaec</load_address>
         <run_address>0xfaec</run_address>
         <size>0x105</size>
         <input_file_ref idref="fl-e7"/>
      </object_component>
      <object_component id="oc-3a4">
         <name>.debug_info</name>
         <load_address>0xfbf1</load_address>
         <run_address>0xfbf1</run_address>
         <size>0x2a7</size>
         <input_file_ref idref="fl-e9"/>
      </object_component>
      <object_component id="oc-2f1">
         <name>.debug_info</name>
         <load_address>0xfe98</load_address>
         <run_address>0xfe98</run_address>
         <size>0x1b8</size>
         <input_file_ref idref="fl-e9"/>
      </object_component>
      <object_component id="oc-70">
         <name>.debug_info</name>
         <load_address>0x10050</load_address>
         <run_address>0x10050</run_address>
         <size>0x3b2</size>
         <input_file_ref idref="fl-eb"/>
      </object_component>
      <object_component id="oc-25">
         <name>.debug_info</name>
         <load_address>0x10402</load_address>
         <run_address>0x10402</run_address>
         <size>0x10c</size>
         <input_file_ref idref="fl-eb"/>
      </object_component>
      <object_component id="oc-343">
         <name>.debug_info</name>
         <load_address>0x1050e</load_address>
         <run_address>0x1050e</run_address>
         <size>0x13f</size>
         <input_file_ref idref="fl-eb"/>
      </object_component>
      <object_component id="oc-263">
         <name>.debug_info</name>
         <load_address>0x1064d</load_address>
         <run_address>0x1064d</run_address>
         <size>0x168</size>
         <input_file_ref idref="fl-eb"/>
      </object_component>
      <object_component id="oc-26a">
         <name>.debug_info</name>
         <load_address>0x107b5</load_address>
         <run_address>0x107b5</run_address>
         <size>0x18e</size>
         <input_file_ref idref="fl-eb"/>
      </object_component>
      <object_component id="oc-270">
         <name>.debug_info</name>
         <load_address>0x10943</load_address>
         <run_address>0x10943</run_address>
         <size>0x19f</size>
         <input_file_ref idref="fl-eb"/>
      </object_component>
      <object_component id="oc-182">
         <name>.debug_info</name>
         <load_address>0x10ae2</load_address>
         <run_address>0x10ae2</run_address>
         <size>0x203</size>
         <input_file_ref idref="fl-eb"/>
      </object_component>
      <object_component id="oc-3d0">
         <name>.debug_info</name>
         <load_address>0x10ce5</load_address>
         <run_address>0x10ce5</run_address>
         <size>0x1db</size>
         <input_file_ref idref="fl-eb"/>
      </object_component>
[...]
         <value>0x20002300</value>
         <object_component_ref idref="oc-1a0"/>
      </symbol>
      <symbol id="sm-245">
         <name>oi_parseInt</name>
         <value>0x49d7</value>
         <object_component_ref idref="oc-187"/>
      </symbol>
      <symbol id="sm-246">
         <name>oi_setMotorCalibration</name>
         <value>0xdb1</value>
         <object_component_ref idref="oc-d7"/>
      </symbol>
      <symbol id="sm-247">
         <name>oi_uartSendStr</name>
         <value>0xa59</value>
         <object_component_ref idref="oc-d7"/>
      </symbol>
      <symbol id="sm-248">
         <name>oi_close</name>
         <value>0x2c7</value>
         <object_component_ref idref="oc-d7"/>
      </symbol>
      <symbol id="sm-249">
         <name>oi_uartSendBuff</name>
         <value>0xa77</value>
         <object_component_ref idref="oc-d7"/>
      </symbol>
      <symbol id="sm-24a">
         <name>oi_checkFirmware</name>
         <value>0xaa9</value>
         <object_component_ref idref="oc-d7"/>
      </symbol>
      <symbol id="sm-24b">
         <name>oi_init_noupdate</name>
         <value>0x289</value>
         <object_component_ref idref="oc-d7"/>
      </symbol>
      <symbol id="sm-24c">
         <name>oi_uartSendChar</name>
         <value>0xa15</value>
         <object_component_ref idref="oc-d7"/>
      </symbol>
      <symbol id="sm-24d">
         <name>oi_alloc</name>
         <value>0x26d</value>
         <object_component_ref idref="oc-d7"/>
      </symbol>
      <symbol id="sm-24e">
         <name>oi_getMotorCalibrationLeft</name>
         <value>0xded</value>
         <object_component_ref idref="oc-d7"/>
      </symbol>
      <symbol id="sm-24f">
         <name>oi_loadSong</name>
         <value>0x915</value>
         <object_component_ref idref="oc-d7"/>
      </symbol>
      <symbol id="sm-250">
         <name>oi_play_song</name>
         <value>0x96b</value>
         <object_component_ref idref="oc-d7"/>
      </symbol>
      <symbol id="sm-251">
         <name>oi_parsePacket</name>
         <value>0x32b</value>
         <object_component_ref idref="oc-d7"/>
      </symbol>
      <symbol id="sm-252">
         <name>oi_setLeds</name>
         <value>0x84b</value>
         <object_component_ref idref="oc-d7"/>
      </symbol>
      <symbol id="sm-253">
         <name>oi_init</name>
         <value>0x2b1</value>
         <object_component_ref idref="oc-d7"/>
      </symbol>
      <symbol id="sm-254">
         <name>oi_update</name>
         <value>0x2d9</value>
         <object_component_ref idref="oc-d7"/>
      </symbol>
      <symbol id="sm-255">
         <name>oi_uartInit</name>
         <value>0x98d</value>
         <object_component_ref idref="oc-d7"/>
      </symbol>
      <symbol id="sm-271">
         <name>ResetISR</name>
         <value>0x4a91</value>
         <object_component_ref idref="oc-2a"/>
      </symbol>
      <symbol id="sm-272">
         <name>g_pfnVectors</name>
         <value>0x0</value>
         <object_component_ref idref="oc-12"/>
      </symbol>
      <symbol id="sm-2ac">
         <name>UART1_Handler</name>
         <value>0x309f</value>
         <object_component_ref idref="oc-e9"/>
      </symbol>
      <symbol id="sm-2ad">
         <name>command_byte</name>
         <value>0x2000231c</value>
         <object_component_ref idref="oc-1d3"/>
      </symbol>
      <symbol id="sm-2ae">
         <name>uart_sendChar</name>
         <value>0x3019</value>
         <object_component_ref idref="oc-e9"/>
      </symbol>
      <symbol id="sm-2af">
         <name>uart_interrupt_init</name>
         <value>0x2f61</value>
         <object_component_ref idref="oc-e9"/>
      </symbol>
      <symbol id="sm-2b0">
         <name>command_flag</name>
         <value>0x20002320</value>
         <object_component_ref idref="oc-1d3"/>
      </symbol>
      <symbol id="sm-2b1">
         <name>uart_receive_nonblocking</name>
         <value>0x3035</value>
         <object_component_ref idref="oc-e9"/>
      </symbol>
      <symbol id="sm-2b2">
         <name>uart_receive</name>
         <value>0x305b</value>
         <object_component_ref idref="oc-e9"/>
      </symbol>
      <symbol id="sm-2b3">
         <name>scan_command</name>
         <value>0x20002324</value>
         <object_component_ref idref="oc-1d3"/>
      </symbol>
      <symbol id="sm-2b4">
         <name>uart_sendStr</name>
         <value>0x3081</value>
         <object_component_ref idref="oc-e9"/>
      </symbol>
      <symbol id="sm-2f0">
         <name>cyBOT_SERVO_cal</name>
         <value>0x29a5</value>
         <object_component_ref idref="oc-ef"/>
      </symbol>
      <symbol id="sm-2f1">
         <name>cyBOT_Scan</name>
         <value>0x2933</value>
         <object_component_ref idref="oc-ef"/>
      </symbol>
      <symbol id="sm-2f2">
         <name>cyBOT_scan_features</name>
         <value>0x20002338</value>
         <object_component_ref idref="oc-1ea"/>
      </symbol>
      <symbol id="sm-2f3">
         <name>cyBOT_scan_version</name>
         <value>0x28cd</value>
         <object_component_ref idref="oc-ef"/>
      </symbol>
      <symbol id="sm-2f4">
         <name>cyBOT_init_Scan</name>
         <value>0x28db</value>
         <object_component_ref idref="oc-ef"/>
      </symbol>
      <symbol id="sm-31b">
         <name>isr_int_value</name>
         <value>0x200022e4</value>
      </symbol>
      <symbol id="sm-31c">
         <name>ir_enableInterrupt</name>
         <value>0x3a6b</value>
         <object_component_ref idref="oc-1e4"/>
      </symbol>
      <symbol id="sm-31d">
         <name>ir_getDistance</name>
         <value>0x3a4d</value>
         <object_component_ref idref="oc-1e4"/>
      </symbol>
      <symbol id="sm-31e">
         <name>ir_init</name>
         <value>0x39bd</value>
         <object_component_ref idref="oc-1e4"/>
      </symbol>
      <symbol id="sm-31f">
         <name>ADC0SS0_Handler</name>
         <value>0x3a55</value>
         <object_component_ref idref="oc-1e4"/>
      </symbol>
      <symbol id="sm-320">
         <name>ir_getValue</name>
         <value>0x3a25</value>
         <object_component_ref idref="oc-1e4"/>
      </symbol>
      <symbol id="sm-34f">
         <name>risingEdge</name>
         <value>0x200022f4</value>
      </symbol>
      <symbol id="sm-350">
         <name>fallingEdge</name>
         <value>0x200022e0</value>
      </symbol>
      <symbol id="sm-351">
         <name>pulseLength</name>
         <value>0x200022ec</value>
      </symbol>
      <symbol id="sm-352">
         <name>isRisingEdge</name>
         <value>0x200022f8</value>
      </symbol>
      <symbol id="sm-353">
         <name>TIMER3B_Handler</name>
         <value>0x2e65</value>
         <object_component_ref idref="oc-1de"/>
      </symbol>
      <symbol id="sm-354">
         <name>ping_init</name>
         <value>0x2d75</value>
         <object_component_ref idref="oc-1de"/>
      </symbol>
      <symbol id="sm-355">
         <name>ping_getDistance</name>
         <value>0x2eb7</value>
         <object_component_ref idref="oc-1de"/>
      </symbol>
      <symbol id="sm-356">
         <name>ping_trigger</name>
         <value>0x2dfb</value>
         <object_component_ref idref="oc-1de"/>
      </symbol>
      <symbol id="sm-378">
         <name>servo_move</name>
         <value>0x355d</value>
         <object_component_ref idref="oc-1d8"/>
      </symbol>
      <symbol id="sm-379">
         <name>servo_init</name>
         <value>0x34cd</value>
         <object_component_ref idref="oc-1d8"/>
      </symbol>
      <symbol id="sm-37a">
         <name>servo_stop</name>
         <value>0x3551</value>
         <object_component_ref idref="oc-1d8"/>
      </symbol>
      <symbol id="sm-37b">
         <name>servo_setPWM</name>
         <value>0x35bd</value>
         <object_component_ref idref="oc-1d8"/>
      </symbol>
      <symbol id="sm-3c8">
         <name>expl</name>
         <value>0x1d7d</value>
         <object_component_ref idref="oc-120"/>
      </symbol>
      <symbol id="sm-3c9">
         <name>exp</name>
         <value>0x1d7d</value>
         <object_component_ref idref="oc-120"/>
      </symbol>
      <symbol id="sm-534">
         <name>__TI_printfi</name>
         <value>0xe8d</value>
         <object_component_ref idref="oc-204"/>
      </symbol>
      <symbol id="sm-556">
         <name>sprintf</name>
         <value>0x4719</value>
         <object_component_ref idref="oc-115"/>
      </symbol>
      <symbol id="sm-580">
         <name>vsnprintf</name>
         <value>0x4759</value>
         <object_component_ref idref="oc-1bd"/>
      </symbol>
      <symbol id="sm-5a0">
         <name>__aeabi_dsub</name>
         <value>0x3315</value>
         <object_component_ref idref="oc-106"/>
      </symbol>
      <symbol id="sm-5a1">
         <name>__aeabi_dadd</name>
         <value>0x331f</value>
         <object_component_ref idref="oc-106"/>
      </symbol>
      <symbol id="sm-5c3">
         <name>__aeabi_cdcmpeq</name>
         <value>0x41a5</value>
         <object_component_ref idref="oc-1f9"/>
      </symbol>
      <symbol id="sm-5c4">
         <name>__aeabi_cdcmple</name>
         <value>0x41a5</value>
         <object_component_ref idref="oc-1f9"/>
      </symbol>
      <symbol id="sm-5c5">
         <name>__aeabi_cdrcmple</name>
         <value>0x422b</value>
         <object_component_ref idref="oc-1f4"/>
      </symbol>
      <symbol id="sm-5d9">
         <name>__aeabi_ddiv</name>
         <value>0x3761</value>
         <object_component_ref idref="oc-10b"/>
      </symbol>
      <symbol id="sm-5e4">
         <name>__aeabi_dmul</name>
         <value>0x3de1</value>
         <object_component_ref idref="oc-11b"/>
      </symbol>
      <symbol id="sm-5ee">
         <name>__aeabi_d2iz</name>
         <value>0x468d</value>
         <object_component_ref idref="oc-110"/>
      </symbol>
      <symbol id="sm-5fa">
         <name>__aeabi_d2f</name>
         <value>0x440b</value>
         <object_component_ref idref="oc-1a6"/>
      </symbol>
      <symbol id="sm-605">
         <name>__aeabi_f2d</name>
         <value>0x4811</value>
         <object_component_ref idref="oc-1ab"/>
      </symbol>
      <symbol id="sm-60f">
         <name>__aeabi_i2d</name>
         <value>0x48e1</value>
         <object_component_ref idref="oc-101"/>
      </symbol>
      <symbol id="sm-62a">
         <name>memcpy</name>
         <value>0x4073</value>
         <object_component_ref idref="oc-3e"/>
      </symbol>
      <symbol id="sm-62b">
         <name>__aeabi_memcpy</name>
         <value>0x4073</value>
         <object_component_ref idref="oc-3e"/>
      </symbol>
      <symbol id="sm-62c">
         <name>__aeabi_memcpy8</name>
         <value>0x4073</value>
         <object_component_ref idref="oc-3e"/>
      </symbol>
      <symbol id="sm-62d">
         <name>__aeabi_memcpy4</name>
         <value>0x4073</value>
         <object_component_ref idref="oc-3e"/>
      </symbol>
      <symbol id="sm-63c">
         <name>__aeabi_memset</name>
         <value>0x42b3</value>
         <object_component_ref idref="oc-96"/>
      </symbol>
      <symbol id="sm-63d">
         <name>memset</name>
         <value>0x42b9</value>
         <object_component_ref idref="oc-96"/>
      </symbol>
      <symbol id="sm-63e">
         <name>__aeabi_memset8</name>
         <value>0x42b3</value>
         <object_component_ref idref="oc-96"/>
      </symbol>
      <symbol id="sm-63f">
         <name>__aeabi_memset4</name>
         <value>0x42b3</value>
         <object_component_ref idref="oc-96"/>
      </symbol>
      <symbol id="sm-640">
         <name>__aeabi_memclr8</name>
         <value>0x42b1</value>
         <object_component_ref idref="oc-96"/>
      </symbol>
      <symbol id="sm-641">
         <name>__aeabi_memclr4</name>
         <value>0x42b1</value>
         <object_component_ref idref="oc-96"/>
      </symbol>
      <symbol id="sm-642">
         <name>__aeabi_memclr</name>
         <value>0x42b1</value>
         <object_component_ref idref="oc-96"/>
      </symbol>
      <symbol id="sm-64f">
         <name>__aeabi_uldivmod</name>
         <value>0x410f</value>
         <object_component_ref idref="oc-369"/>
      </symbol>
      <symbol id="sm-663">
         <name>__TI_zero_init_nomemset</name>
         <value>0x4939</value>
         <object_component_ref idref="oc-4a"/>
      </symbol>
      <symbol id="sm-67a">
         <name>__TI_decompress_none</name>
         <value>0x4a77</value>
         <object_component_ref idref="oc-1b"/>
      </symbol>
      <symbol id="sm-69d">
         <name>__TI_decompress_lzss</name>
         <value>0x4479</value>
         <object_component_ref idref="oc-15"/>
      </symbol>
      <symbol id="sm-6a8">
         <name>C$$EXIT</name>
         <value>0x4abd</value>
         <object_component_ref idref="oc-13b"/>
      </symbol>
      <symbol id="sm-6a9">
         <name>abort</name>
         <value>0x4abd</value>
         <object_component_ref idref="oc-13b"/>
      </symbol>
      <symbol id="sm-6be">
         <name>_nop</name>
         <value>0x18db</value>
         <object_component_ref idref="oc-31c"/>
      </symbol>
      <symbol id="sm-6bf">
         <name>_lock</name>
         <value>0x20002328</value>
         <object_component_ref idref="oc-246"/>
      </symbol>
      <symbol id="sm-6c0">
         <name>_unlock</name>
         <value>0x2000232c</value>
         <object_component_ref idref="oc-246"/>
      </symbol>
      <symbol id="sm-6cf">
         <name>__TI_ltoa</name>
         <value>0x459b</value>
         <object_component_ref idref="oc-36f"/>
      </symbol>
      <symbol id="sm-6e5">
         <name>atoi</name>
         <value>0x4641</value>
         <object_component_ref idref="oc-2cb"/>
      </symbol>
      <symbol id="sm-6f0">
         <name>_ctypes_</name>
         <value>0x4ac0</value>
         <object_component_ref idref="oc-364"/>
      </symbol>
      <symbol id="sm-701">
         <name>memccpy</name>
         <value>0x4971</value>
         <object_component_ref idref="oc-2ef"/>
      </symbol>
      <symbol id="sm-797">
         <name>_sys_memory</name>
         <value>0x20001270</value>
         <object_component_ref idref="oc-24"/>
      </symbol>
      <symbol id="sm-798">
         <name>free</name>
         <value>0x3edd</value>
         <object_component_ref idref="oc-181"/>
      </symbol>
      <symbol id="sm-799">
         <name>memalign</name>
         <value>0x3be5</value>
         <object_component_ref idref="oc-33b"/>
      </symbol>
      <symbol id="sm-79a">
         <name>calloc</name>
         <value>0x47d9</value>
         <object_component_ref idref="oc-17b"/>
      </symbol>
      <symbol id="sm-79b">
         <name>malloc</name>
         <value>0x4ab1</value>
         <object_component_ref idref="oc-262"/>
      </symbol>
      <symbol id="sm-79c">
         <name>aligned_alloc</name>
         <value>0x3be5</value>
         <object_component_ref idref="oc-33b"/>
      </symbol>
      <symbol id="sm-7ac">
         <name>strchr</name>
         <value>0x4a07</value>
         <object_component_ref idref="oc-39c"/>
      </symbol>
      <symbol id="sm-7bb">
         <name>strcmp</name>
         <value>0x49ef</value>
         <object_component_ref idref="oc-18e"/>
      </symbol>
      <symbol id="sm-7c9">
         <name>strcpy</name>
         <value>0x4a1d</value>
         <object_component_ref idref="oc-1c3"/>
      </symbol>
      <symbol id="sm-7d7">
         <name>strlen</name>
         <value>0x4a31</value>
         <object_component_ref idref="oc-2c5"/>
      </symbol>
      <symbol id="sm-7ef">
         <name>__aeabi_errno_addr</name>
         <value>0x4aa9</value>
         <object_component_ref idref="oc-219"/>
      </symbol>
      <symbol id="sm-7f0">
         <name>errno</name>
         <value>0x2000233c</value>
         <object_component_ref idref="oc-30b"/>
      </symbol>
      <symbol id="sm-803">
         <name>__stack</name>
         <value>0x20000270</value>
         <object_component_ref idref="oc-27"/>
      </symbol>
      <symbol id="sm-804">
         <name>_c_int00_noargs</name>
         <value>0x487d</value>
         <object_component_ref idref="oc-5c"/>
      </symbol>
      <symbol id="sm-824">
         <name>frexpl</name>
         <value>0x44e1</value>
         <object_component_ref idref="oc-390"/>
      </symbol>
      <symbol id="sm-825">
         <name>frexp</name>
         <value>0x44e1</value>
         <object_component_ref idref="oc-390"/>
      </symbol>
      <symbol id="sm-842">
         <name>scalbn</name>
         <value>0x3ad5</value>
         <object_component_ref idref="oc-396"/>
      </symbol>
      <symbol id="sm-843">
         <name>scalbnl</name>
         <value>0x3ad5</value>
         <object_component_ref idref="oc-396"/>
      </symbol>
      <symbol id="sm-844">
         <name>ldexpl</name>
         <value>0x3ad5</value>
         <object_component_ref idref="oc-396"/>
      </symbol>
      <symbol id="sm-845">
         <name>ldexp</name>
         <value>0x3ad5</value>
         <object_component_ref idref="oc-396"/>
      </symbol>
      <symbol id="sm-84f">
         <name>copysign</name>
         <value>0x498d</value>
         <object_component_ref idref="oc-3f2"/>
      </symbol>
      <symbol id="sm-850">
         <name>copysignl</name>
         <value>0x498d</value>
         <object_component_ref idref="oc-3f2"/>
      </symbol>
      <symbol id="sm-869">
         <name>wcslen</name>
         <value>0x4a45</value>
         <object_component_ref idref="oc-2f5"/>
      </symbol>
      <symbol id="sm-876">
         <name>__aeabi_idiv0</name>
         <value>0x34cb</value>
         <object_component_ref idref="oc-3df"/>
      </symbol>
      <symbol id="sm-877">
         <name>__aeabi_ldiv0</name>
         <value>0x34cb</value>
         <object_component_ref idref="oc-3df"/>
      </symbol>
      <symbol id="sm-89f">
         <name>__TI_auto_init_nobinit_nopinit</name>
         <value>0x46d5</value>
         <object_component_ref idref="oc-147"/>
      </symbol>
      <symbol id="sm-8a9">
         <name>_system_pre_init</name>
         <value>0x4ab9</value>
         <object_component_ref idref="oc-9c"/>
      </symbol>
      <symbol id="sm-8ea">
         <name>IntRegister</name>
         <value>0x4849</value>
         <object_component_ref idref="oc-194"/>
      </symbol>
      <symbol id="sm-8eb">
         <name>g_pfnRAMVectors</name>
         <value>0x20000000</value>
         <object_component_ref idref="oc-278"/>
      </symbol>
      <symbol id="sm-8ec">
         <name>IntMasterEnable</name>
         <value>0x4a57</value>
         <object_component_ref idref="oc-19a"/>
      </symbol>
      <symbol id="sm-8f6">
         <name>CPUcpsie</name>
         <value>0x4a85</value>
         <object_component_ref idref="oc-282"/>
      </symbol>
      <symbol id="sm-8f7">
         <name>__TI_static_base__</name>
         <value>0x0</value>
      </symbol>
      <symbol id="sm-8fa">
         <name>__mpu_init</name>
         <value>0x0</value>
      </symbol>
      <symbol id="sm-8fb">
         <name>_system_post_cinit</name>
         <value>0x0</value>
      </symbol>
   </symbol_table>
   <title>Link successful</title>
</link_info>
