******************************************************************************
                  TI ARM Linker PC v20.2.6                     
******************************************************************************
>> Linked Tue Apr 11 11:46:31 2023

OUTPUT FILE NAME:   <Lab9.out>
ENTRY POINT SYMBOL: "_c_int00_noargs"  address: 0000278d


MEMORY CONFIGURATION

         name            origin    length      used     unused   attr    fill
----------------------  --------  ---------  --------  --------  ----  --------
  FLASH                 00000000   00040000  00002aad  0003d553  R  X
  SRAM                  20000000   00008000  000022d9  00005d27  RW X


SEGMENT ALLOCATION MAP

run origin  load origin   length   init length attrs members
----------  ----------- ---------- ----------- ----- -------
00000000    00000000    00002ab0   00002ab0    r-x
  00000000    00000000    0000026c   0000026c    r-- .intvecs
  0000026c    0000026c    000026f8   000026f8    r-x .text
  00002964    00002964    00000109   00000109    r-- .const
  00002a70    00002a70    00000040   00000040    r-- .cinit
20000000    20000000    000022dd   00000000    rw-
  20000000    20000000    0000026c   00000000    rw- .vtable
  20000270    20000270    00001000   00000000    rw- .stack
  20001270    20001270    00001000   00000000    rw- .sysmem
  20002270    20002270    00000058   00000000    rw- .bss
  200022c8    200022c8    00000015   00000000    rw- .data


SECTION ALLOCATION MAP

 output                                  attributes/
section   page    origin      length       input sections
--------  ----  ----------  ----------   ----------------
.intvecs   0    00000000    0000026c     
                  00000000    0000026c     tm4c123gh6pm_startup_ccs.obj (.intvecs)

.text      0    0000026c    000026f8     
                  0000026c    00000a4e     rtsv7M4_T_le_v4SPD16_eabi.lib : _printfi.c.obj (.text:__TI_printfi)
                  00000cba    00000002                                   : div0.asm.obj (.text)
                  00000cbc    00000328     lcd.obj (.text)
                  00000fe4    00000298     ping.obj (.text)
                  0000127c    00000270     rtsv7M4_T_le_v4SPD16_eabi.lib : _printfi.c.obj (.text:_pconv_a)
                  000014ec    00000248     Timer.obj (.text)
                  00001734    000001d0     rtsv7M4_T_le_v4SPD16_eabi.lib : _printfi.c.obj (.text:_pconv_g)
                  00001904    000001b6                                   : fd_add_t2.asm.obj (.text)
                  00001aba    00000002     --HOLE-- [fill = 0]
                  00001abc    0000013c                                   : _printfi.c.obj (.text:_pconv_e)
                  00001bf8    00000136                                   : fd_div_t2.asm.obj (.text)
                  00001d2e    00000002     --HOLE-- [fill = 0]
                  00001d30    00000124                                   : _printfi.c.obj (.text:fcvt)
                  00001e54    00000110                                   : s_scalbn.c.obj (.text:scalbn)
                  00001f64    000000fc                                   : fd_mul_t2.asm.obj (.text)
                  00002060    000000b1                                   : _printfi.c.obj (.text:_ltostr)
                  00002111    00000001     --HOLE-- [fill = 0]
                  00002112    0000009c                                   : memcpy_t2.asm.obj (.text)
                  000021ae    00000096                                   : ull_div_t2.asm.obj (.text)
                  00002244    00000086                                   : fd_cmp_t2.asm.obj (.text:__aeabi_cdcmple)
                  000022ca    00000086                                   : fd_cmp_t2.asm.obj (.text:__aeabi_cdrcmple)
                  00002350    0000007a                                   : memset_t2.asm.obj (.text)
                  000023ca    0000006e                                   : _printfi.c.obj (.text:_mcpy)
                  00002438    00000068                                   : copy_decompress_lzss.c.obj (.text:decompress:lzss:__TI_decompress_lzss)
                  000024a0    00000064                                   : s_frexp.c.obj (.text:frexp)
                  00002504    00000056                                   : _printfi.c.obj (.text:_pconv_f)
                  0000255a    00000054                                   : _ltoa.c.obj (.text:__TI_ltoa)
                  000025ae    00000052                                   : _printfi.c.obj (.text:_ecpy)
                  00002600    0000004c                                   : atoi.c.obj (.text:atoi)
                  0000264c    00000048                                   : fd_toi_t2.asm.obj (.text)
                  00002694    00000044                                   : autoinit.c.obj (.text:__TI_auto_init_nobinit_nopinit:__TI_auto_init_nobinit_nopinit)
                  000026d8    00000040                                   : vsnprintf.c.obj (.text:vsnprintf)
                  00002718    0000003e                                   : _printfi.c.obj (.text:_fcpy)
                  00002756    00000002     --HOLE-- [fill = 0]
                  00002758    00000034     driverlib.lib : interrupt.obj (.text:IntRegister)
                  0000278c    00000034     rtsv7M4_T_le_v4SPD16_eabi.lib : boot_cortex_m.c.obj (.text:_c_int00_noargs:_c_int00_noargs)
                  000027c0    00000030                                   : vsnprintf.c.obj (.text:_outs)
                  000027f0    0000002e                                   : i_tofd_t2.asm.obj (.text)
                  0000281e    0000001c                                   : copy_zero_init.c.obj (.text:decompress:ZI:__TI_zero_init_nomemset:__TI_zero_init_nomemset)
                  0000283a    0000001c     lab9_template.obj (.text)
                  00002856    0000001c     rtsv7M4_T_le_v4SPD16_eabi.lib : memccpy.c.obj (.text:memccpy)
                  00002872    0000001a                                   : s_copysign.c.obj (.text:copysign)
                  0000288c    00000018                                   : vsnprintf.c.obj (.text:_outc)
                  000028a4    00000018                                   : strcmp.c.obj (.text:strcmp)
                  000028bc    00000016                                   : strchr.c.obj (.text:strchr)
                  000028d2    00000014                                   : strcpy.c.obj (.text:strcpy)
                  000028e6    00000014                                   : strlen.c.obj (.text:strlen)
                  000028fa    00000012                                   : wcslen.c.obj (.text:wcslen)
                  0000290c    00000010     driverlib.lib : interrupt.obj (.text:IntMasterEnable)
                  0000291c    00000010     lcd.obj (.text:lcd_clear)
                  0000292c    0000000e     rtsv7M4_T_le_v4SPD16_eabi.lib : copy_decompress_none.c.obj (.text:decompress:none:__TI_decompress_none)
                  0000293a    0000000c     driverlib.lib : cpu.obj (.text:CPUcpsie)
                  00002946    0000000c     tm4c123gh6pm_startup_ccs.obj (.text)
                  00002952    00000002     --HOLE-- [fill = 0]
                  00002954    00000008     rtsv7M4_T_le_v4SPD16_eabi.lib : errno.c.obj (.text:__aeabi_errno_addr)
                  0000295c    00000004                                   : pre_init.c.obj (.text:_system_pre_init)
                  00002960    00000004                                   : exit.c.obj (.text:abort:abort)

.const     0    00002964    00000109     
                  00002964    00000101     rtsv7M4_T_le_v4SPD16_eabi.lib : ctype.c.obj (.const:.string:_ctypes_)
                  00002a65    00000004     lcd.obj (.const:.string:lineAddress$1)
                  00002a69    00000004     lcd.obj (.const:.string:lineAddresses$2)

.cinit     0    00002a70    00000040     
                  00002a70    0000000c     (__TI_handler_table)
                  00002a7c    0000000b     (.cinit..data.load) [load image, compression = lzss]
                  00002a87    00000001     --HOLE-- [fill = 0]
                  00002a88    00000008     (.cinit..bss.load) [load image, compression = zero_init]
                  00002a90    00000008     (.cinit..vtable.load) [load image, compression = zero_init]
                  00002a98    00000018     (__TI_cinit_table)

.init_array 
*          0    00000000    00000000     UNINITIALIZED

.vtable    0    20000000    0000026c     UNINITIALIZED
                  20000000    0000026c     driverlib.lib : interrupt.obj (.vtable)

.stack     0    20000270    00001000     UNINITIALIZED
                  20000270    00000004     rtsv7M4_T_le_v4SPD16_eabi.lib : boot_cortex_m.c.obj (.stack)
                  20000274    00000ffc     --HOLE--

.sysmem    0    20001270    00001000     UNINITIALIZED
                  20001270    00000010     rtsv7M4_T_le_v4SPD16_eabi.lib : memory.c.obj (.sysmem)
                  20001280    00000ff0     --HOLE--

.bss       0    20002270    00000058     UNINITIALIZED
                  20002270    00000054     lcd.obj (.bss:lastbuffer$3)
                  200022c4    00000004     (.common:_timeout_ticks)

.data      0    200022c8    00000015     UNINITIALIZED
                  200022c8    00000010     ping.obj (.data)
                  200022d8    00000004     rtsv7M4_T_le_v4SPD16_eabi.lib : errno.c.obj (.data)
                  200022dc    00000001     Timer.obj (.data)

__llvm_prf_cnts 
*          0    20000000    00000000     UNINITIALIZED

MODULE SUMMARY

       Module                         code   ro data   rw data
       ------                         ----   -------   -------
    .\
       lcd.obj                        824    8         84     
       ping.obj                       664    0         16     
       tm4c123gh6pm_startup_ccs.obj   12     620       0      
       Timer.obj                      584    0         5      
       lab9_template.obj              28     0         0      
    +--+------------------------------+------+---------+---------+
       Total:                         2112   628       105    
                                                              
    C:/ti/TivaWare_C_Series-2.2.0.295/driverlib/ccs/Debug/driverlib.lib
       interrupt.obj                  68     0         620    
       cpu.obj                        12     0         0      
    +--+------------------------------+------+---------+---------+
       Total:                         80     0         620    
                                                              
    C:\ti\ccs1200\ccs\tools\compiler\ti-cgt-arm_20.2.6.LTS\lib\rtsv7M4_T_le_v4SPD16_eabi.lib
       _printfi.c.obj                 4851   0         0      
       fd_add_t2.asm.obj              438    0         0      
       fd_div_t2.asm.obj              310    0         0      
       s_scalbn.c.obj                 272    0         0      
       fd_cmp_t2.asm.obj              268    0         0      
       ctype.c.obj                    0      257       0      
       fd_mul_t2.asm.obj              252    0         0      
       memcpy_t2.asm.obj              156    0         0      
       ull_div_t2.asm.obj             150    0         0      
       vsnprintf.c.obj                136    0         0      
       memset_t2.asm.obj              122    0         0      
       copy_decompress_lzss.c.obj     104    0         0      
       s_frexp.c.obj                  100    0         0      
       _ltoa.c.obj                    84     0         0      
       atoi.c.obj                     76     0         0      
       fd_toi_t2.asm.obj              72     0         0      
       autoinit.c.obj                 68     0         0      
       boot_cortex_m.c.obj            52     0         0      
       i_tofd_t2.asm.obj              46     0         0      
       copy_zero_init.c.obj           28     0         0      
       memccpy.c.obj                  28     0         0      
       s_copysign.c.obj               26     0         0      
       strcmp.c.obj                   24     0         0      
       strchr.c.obj                   22     0         0      
       strcpy.c.obj                   20     0         0      
       strlen.c.obj                   20     0         0      
       wcslen.c.obj                   18     0         0      
       copy_decompress_none.c.obj     14     0         0      
       errno.c.obj                    8      0         4      
       exit.c.obj                     4      0         0      
       pre_init.c.obj                 4      0         0      
       div0.asm.obj                   2      0         0      
    +--+------------------------------+------+---------+---------+
       Total:                         7775   257       4      
                                                              
       Heap:                          0      0         4096   
       Stack:                         0      0         4096   
       Linker Generated:              0      63        0      
    +--+------------------------------+------+---------+---------+
       Grand Total:                   9967   948       8921   


LINKER GENERATED COPY TABLES

__TI_cinit_table @ 00002a98 records: 3, size/record: 8, table size: 24
	.data: load addr=00002a7c, load size=0000000b bytes, run addr=200022c8, run size=00000015 bytes, compression=lzss
	.bss: load addr=00002a88, load size=00000008 bytes, run addr=20002270, run size=00000058 bytes, compression=zero_init
	.vtable: load addr=00002a90, load size=00000008 bytes, run addr=20000000, run size=0000026c bytes, compression=zero_init


LINKER GENERATED HANDLER TABLE

__TI_handler_table @ 00002a70 records: 3, size/record: 4, table size: 12
	index: 0, handler: __TI_zero_init
	index: 1, handler: __TI_decompress_lzss
	index: 2, handler: __TI_decompress_none


GLOBAL SYMBOLS: SORTED ALPHABETICALLY BY Name 

address   name                          
-------   ----                          
00002961  C$$EXIT                       
0000293b  CPUcpsie                      
200022cc  END_TIME                      
0000290d  IntMasterEnable               
00002759  IntRegister                   
00002947  ResetISR                      
200022c8  START_TIME                    
200022d0  STATE                         
00001107  TIMER3B_Handler               
20001270  __STACK_END                   
00001000  __STACK_SIZE                  
20000470  __STACK_TOP                   
00001000  __SYSMEM_SIZE                 
00002a98  __TI_CINIT_Base               
00002ab0  __TI_CINIT_Limit              
00002a70  __TI_Handler_Table_Base       
00002a7c  __TI_Handler_Table_Limit      
00002695  __TI_auto_init_nobinit_nopinit
00002439  __TI_decompress_lzss          
0000292d  __TI_decompress_none          
0000255b  __TI_ltoa                     
ffffffff  __TI_pprof_out_hndl           
0000026d  __TI_printfi                  
ffffffff  __TI_prof_data_size           
ffffffff  __TI_prof_data_start          
00000000  __TI_static_base__            
0000281f  __TI_zero_init_nomemset       
00002245  __aeabi_cdcmpeq               
00002245  __aeabi_cdcmple               
000022cb  __aeabi_cdrcmple              
0000264d  __aeabi_d2iz                  
0000190f  __aeabi_dadd                  
00001bf9  __aeabi_ddiv                  
00001f65  __aeabi_dmul                  
00001905  __aeabi_dsub                  
00002955  __aeabi_errno_addr            
000027f1  __aeabi_i2d                   
00000cbb  __aeabi_idiv0                 
00000cbb  __aeabi_ldiv0                 
00002351  __aeabi_memclr                
00002351  __aeabi_memclr4               
00002351  __aeabi_memclr8               
00002113  __aeabi_memcpy                
00002113  __aeabi_memcpy4               
00002113  __aeabi_memcpy8               
00002353  __aeabi_memset                
00002353  __aeabi_memset4               
00002353  __aeabi_memset8               
000021af  __aeabi_uldivmod              
ffffffff  __binit__                     
ffffffff  __c_args__                    
UNDEFED   __mpu_init                    
20000270  __stack                       
20000000  __start___llvm_prf_cnts       
20000000  __stop___llvm_prf_cnts        
0000278d  _c_int00_noargs               
00002964  _ctypes_                      
200022dc  _running                      
20001270  _sys_memory                   
UNDEFED   _system_post_cinit            
0000295d  _system_pre_init              
200022c4  _timeout_ticks                
00002961  abort                         
00002601  atoi                          
ffffffff  binit                         
00002873  copysign                      
00002873  copysignl                     
200022d8  errno                         
000024a1  frexp                         
000024a1  frexpl                        
20000000  g_pfnRAMVectors               
00000000  g_pfnVectors                  
0000291d  lcd_clear                     
00000e91  lcd_gotoLine                  
00000cf9  lcd_init                      
00000ef7  lcd_printf                    
00000db9  lcd_putc                      
00000df1  lcd_puts                      
00000cbd  lcd_reverseNibble             
00000e0f  lcd_sendCommand               
00000e4d  lcd_sendNibble                
00000eb9  lcd_setCursorPos              
00001e55  ldexp                         
00001e55  ldexpl                        
0000283b  main                          
00002857  memccpy                       
00002113  memcpy                        
00002359  memset                        
200022d4  numOverflow                   
200022d1  overflow                      
0000114d  ping_getDistance              
00000fe5  ping_init                     
0000108f  ping_trigger                  
00001e55  scalbn                        
00001e55  scalbnl                       
000028bd  strchr                        
000028a5  strcmp                        
000028d3  strcpy                        
000028e7  strlen                        
0000160b  timer_getMicros               
000015b3  timer_getMillis               
000014ed  timer_init                    
0000158f  timer_pause                   
000015a1  timer_resume                  
00001565  timer_stop                    
00001665  timer_waitMicros              
00001697  timer_waitMillis              
000026d9  vsnprintf                     
000028fb  wcslen                        


GLOBAL SYMBOLS: SORTED BY Symbol Address 

address   name                          
-------   ----                          
00000000  __TI_static_base__            
00000000  g_pfnVectors                  
0000026d  __TI_printfi                  
00000cbb  __aeabi_idiv0                 
00000cbb  __aeabi_ldiv0                 
00000cbd  lcd_reverseNibble             
00000cf9  lcd_init                      
00000db9  lcd_putc                      
00000df1  lcd_puts                      
00000e0f  lcd_sendCommand               
00000e4d  lcd_sendNibble                
00000e91  lcd_gotoLine                  
00000eb9  lcd_setCursorPos              
00000ef7  lcd_printf                    
00000fe5  ping_init                     
00001000  __STACK_SIZE                  
00001000  __SYSMEM_SIZE                 
0000108f  ping_trigger                  
00001107  TIMER3B_Handler               
0000114d  ping_getDistance              
000014ed  timer_init                    
00001565  timer_stop                    
0000158f  timer_pause                   
000015a1  timer_resume                  
000015b3  timer_getMillis               
0000160b  timer_getMicros               
00001665  timer_waitMicros              
00001697  timer_waitMillis              
00001905  __aeabi_dsub                  
0000190f  __aeabi_dadd                  
00001bf9  __aeabi_ddiv                  
00001e55  ldexp                         
00001e55  ldexpl                        
00001e55  scalbn                        
00001e55  scalbnl                       
00001f65  __aeabi_dmul                  
00002113  __aeabi_memcpy                
00002113  __aeabi_memcpy4               
00002113  __aeabi_memcpy8               
00002113  memcpy                        
000021af  __aeabi_uldivmod              
00002245  __aeabi_cdcmpeq               
00002245  __aeabi_cdcmple               
000022cb  __aeabi_cdrcmple              
00002351  __aeabi_memclr                
00002351  __aeabi_memclr4               
00002351  __aeabi_memclr8               
00002353  __aeabi_memset                
00002353  __aeabi_memset4               
00002353  __aeabi_memset8               
00002359  memset                        
00002439  __TI_decompress_lzss          
000024a1  frexp                         
000024a1  frexpl                        
0000255b  __TI_ltoa                     
00002601  atoi                          
0000264d  __aeabi_d2iz                  
00002695  __TI_auto_init_nobinit_nopinit
000026d9  vsnprintf                     
00002759  IntRegister                   
0000278d  _c_int00_noargs               
000027f1  __aeabi_i2d                   
0000281f  __TI_zero_init_nomemset       
0000283b  main                          
00002857  memccpy                       
00002873  copysign                      
00002873  copysignl                     
000028a5  strcmp                        
000028bd  strchr                        
000028d3  strcpy                        
000028e7  strlen                        
000028fb  wcslen                        
0000290d  IntMasterEnable               
0000291d  lcd_clear                     
0000292d  __TI_decompress_none          
0000293b  CPUcpsie                      
00002947  ResetISR                      
00002955  __aeabi_errno_addr            
0000295d  _system_pre_init              
00002961  C$$EXIT                       
00002961  abort                         
00002964  _ctypes_                      
00002a70  __TI_Handler_Table_Base       
00002a7c  __TI_Handler_Table_Limit      
00002a98  __TI_CINIT_Base               
00002ab0  __TI_CINIT_Limit              
20000000  __start___llvm_prf_cnts       
20000000  __stop___llvm_prf_cnts        
20000000  g_pfnRAMVectors               
20000270  __stack                       
20000470  __STACK_TOP                   
20001270  __STACK_END                   
20001270  _sys_memory                   
200022c4  _timeout_ticks                
200022c8  START_TIME                    
200022cc  END_TIME                      
200022d0  STATE                         
200022d1  overflow                      
200022d4  numOverflow                   
200022d8  errno                         
200022dc  _running                      
ffffffff  __TI_pprof_out_hndl           
ffffffff  __TI_prof_data_size           
ffffffff  __TI_prof_data_start          
ffffffff  __binit__                     
ffffffff  __c_args__                    
ffffffff  binit                         
UNDEFED   __mpu_init                    
UNDEFED   _system_post_cinit            

[109 symbols]
